=== G = 3.0 (training 60000 episodes) ===
  rate 0.000 tension 0.000 gap -0.019 accepted 0 predicted 0
=== G = 5.0 (training 60000 episodes) ===
  rate 0.000 tension 0.000 gap -0.169 accepted 0 predicted -1
=== G = 7.0 (training 60000 episodes) ===
  rate 0.167 tension 0.556 gap +0.028 accepted 1 predicted 0
=== G = 9.0 (training 60000 episodes) ===
  rate 0.000 tension 0.000 gap -0.074 accepted 0 predicted -1
=== G = 11.0 (training 60000 episodes) ===
  rate 0.000 tension 0.000 gap -0.109 accepted 0 predicted -1
=== G = 13.0 (training 60000 episodes) ===
  rate 0.167 tension 0.556 gap +0.090 accepted 1 predicted 1
=== G = 16.0 (training 60000 episodes) ===
  rate 0.333 tension 0.889 gap +3.152 accepted 1 predicted 1

G,rate,tension,gap,accepted,predicted,match
3.0,0.000,0.000,-0.019,0,0,1
5.0,0.000,0.000,-0.169,0,-1,-1
7.0,0.167,0.556,+0.028,1,0,0
9.0,0.000,0.000,-0.074,0,-1,-1
11.0,0.000,0.000,-0.109,0,-1,-1
13.0,0.167,0.556,+0.090,1,1,1
16.0,0.333,0.889,+3.152,1,1,1

Non-tie prediction match rate: 0.750
Wrote outputs/phase_seed_10011/phase_boundary_summary.json
