Gym has been unmaintained since 2022 and does not support NumPy 2.0 amongst other critical functionality.
Please upgrade to Gymnasium, the maintained drop-in replacement of Gym, or contact the authors of your software and request that they upgrade.
Users of this version of Gym should be able to simply replace 'import gym' with 'import gymnasium as gym' in the vast majority of cases.
See the migration guide at https://gymnasium.farama.org/introduction/migration_guide/ for additional information.
  checkpoint 40000 saved at step 40960
  checkpoint 80000 saved at step 81920
  checkpoint 120000 saved at step 120832
  checkpoint 160000 saved at step 161792
  checkpoint 240000 saved at step 241664
  checkpoint 320000 saved at step 321536
  checkpoint 480000 saved at step 481280
  checkpoint 640000 saved at step 641024
  checkpoint 820000 saved at step 821248
  checkpoint 1000000 saved at step 1001472
  checkpoint 1250000 saved at step 1251328
  checkpoint 1500000 saved at step 1501184
  checkpoint 1750000 saved at step 1751040
  checkpoint 2000000 saved at step 2000896
training done in 24.9 min
ckpt 40000: Cenv=0.0016 Cbar=0.0805
ckpt 80000: Cenv=0.0024 Cbar=0.0647
ckpt 120000: Cenv=0.0030 Cbar=0.0700
ckpt 160000: Cenv=0.0029 Cbar=0.0833
ckpt 240000: Cenv=0.0018 Cbar=0.0678
ckpt 320000: Cenv=0.0026 Cbar=0.0637
ckpt 480000: Cenv=0.0023 Cbar=0.0619
ckpt 640000: Cenv=0.0021 Cbar=0.0578
ckpt 820000: Cenv=0.0021 Cbar=0.0476
ckpt 1000000: Cenv=0.0004 Cbar=0.0955
ckpt 1250000: Cenv=0.0221 Cbar=0.0627
ckpt 1500000: Cenv=0.0230 Cbar=0.0468
ckpt 1750000: Cenv=0.0208 Cbar=0.1092
ckpt 2000000: Cenv=0.0416 Cbar=0.0946
Wrote /home/Yixiang/MPARL/GOGOGO/outputs/overcooked_joint_collapse_bpfresh_s93004.json
