cross-fit low-level basins, seed 1101
  kmeans      k=8 learned=1 controls_ok=4/4
  gmm         k=7 learned=1 controls_ok=4/4
  ward        k=8 learned=1 controls_ok=4/4
  pca_kmeans  k=8 learned=1 controls_ok=4/4
cross-fit low-level basins, seed 1102
  kmeans      k=8 learned=1 controls_ok=4/4
  gmm         k=8 learned=1 controls_ok=4/4
  ward        k=8 learned=1 controls_ok=4/4
  pca_kmeans  k=8 learned=1 controls_ok=4/4
cross-fit low-level basins, seed 1103
  kmeans      k=8 learned=0 controls_ok=4/4
  gmm         k=8 learned=0 controls_ok=4/4
  ward        k=8 learned=0 controls_ok=4/4
  pca_kmeans  k=8 learned=0 controls_ok=4/4
cross-fit low-level basins, seed 1104
  kmeans      k=8 learned=1 controls_ok=4/4
  gmm         k=8 learned=1 controls_ok=4/4
  ward        k=8 learned=1 controls_ok=4/4
  pca_kmeans  k=8 learned=1 controls_ok=4/4
cross-fit low-level basins, seed 1105
  kmeans      k=8 learned=1 controls_ok=4/4
  gmm         k=8 learned=0 controls_ok=4/4
  ward        k=8 learned=1 controls_ok=4/4
  pca_kmeans  k=8 learned=1 controls_ok=4/4
cross-fit low-level basins, seed 1106
  kmeans      k=8 learned=1 controls_ok=4/4
  gmm         k=8 learned=1 controls_ok=4/4
  ward        k=8 learned=1 controls_ok=4/4
  pca_kmeans  k=8 learned=1 controls_ok=4/4
cross-fit low-level basins, seed 1107
  kmeans      k=8 learned=1 controls_ok=4/4
  gmm         k=8 learned=1 controls_ok=4/4
  ward        k=8 learned=1 controls_ok=4/4
  pca_kmeans  k=8 learned=1 controls_ok=4/4
cross-fit low-level basins, seed 1108
  kmeans      k=8 learned=1 controls_ok=4/4
  gmm         k=8 learned=1 controls_ok=4/4
  ward        k=8 learned=1 controls_ok=4/4
  pca_kmeans  k=8 learned=1 controls_ok=4/4
cross-fit low-level basins, seed 1109
  kmeans      k=8 learned=1 controls_ok=4/4
  gmm         k=8 learned=1 controls_ok=4/4
  ward        k=8 learned=1 controls_ok=4/4
  pca_kmeans  k=8 learned=1 controls_ok=4/4
cross-fit low-level basins, seed 1110
  kmeans      k=8 learned=1 controls_ok=4/4
  gmm         k=7 learned=1 controls_ok=4/4
  ward        k=8 learned=1 controls_ok=4/4
  pca_kmeans  k=8 learned=1 controls_ok=4/4
cross-fit low-level basins, seed 1201
  kmeans      k=8 learned=1 controls_ok=4/4
  gmm         k=8 learned=1 controls_ok=4/4
  ward        k=8 learned=1 controls_ok=4/4
  pca_kmeans  k=8 learned=1 controls_ok=4/4
cross-fit low-level basins, seed 1202
  kmeans      k=8 learned=1 controls_ok=4/4
  gmm         k=8 learned=1 controls_ok=4/4
  ward        k=8 learned=1 controls_ok=4/4
  pca_kmeans  k=8 learned=1 controls_ok=4/4
cross-fit low-level basins, seed 1203
  kmeans      k=8 learned=1 controls_ok=4/4
  gmm         k=8 learned=1 controls_ok=4/4
  ward        k=8 learned=1 controls_ok=4/4
  pca_kmeans  k=8 learned=1 controls_ok=4/4
cross-fit low-level basins, seed 1204
  kmeans      k=8 learned=1 controls_ok=4/4
  gmm         k=8 learned=1 controls_ok=4/4
  ward        k=8 learned=1 controls_ok=4/4
  pca_kmeans  k=8 learned=1 controls_ok=4/4
cross-fit low-level basins, seed 1205
  kmeans      k=8 learned=1 controls_ok=4/4
  gmm         k=7 learned=1 controls_ok=4/4
  ward        k=8 learned=1 controls_ok=4/4
  pca_kmeans  k=8 learned=1 controls_ok=4/4
{
  "kmeans": {
    "identifiable_seeds": "15/15",
    "controls_rejected": "60/60",
    "learned_accepted": "14/15",
    "verdict_agreement_with_hand_basins": "72/75"
  },
  "gmm": {
    "identifiable_seeds": "14/15",
    "controls_rejected": "60/60",
    "learned_accepted": "13/15",
    "verdict_agreement_with_hand_basins": "71/75"
  },
  "ward": {
    "identifiable_seeds": "15/15",
    "controls_rejected": "60/60",
    "learned_accepted": "14/15",
    "verdict_agreement_with_hand_basins": "72/75"
  },
  "pca_kmeans": {
    "identifiable_seeds": "15/15",
    "controls_rejected": "60/60",
    "learned_accepted": "14/15",
    "verdict_agreement_with_hand_basins": "72/75"
  }
}
{
  "XF1_pass": true,
  "XF2_pass": true,
  "XF3_mean_agreement": 0.9566666666666667,
  "XF3_pass": true
}
Wrote /home/Yixiang/MPARL/GOGOGO/outputs/crossfit_lowlevel_basins.json
