Gym has been unmaintained since 2022 and does not support NumPy 2.0 amongst other critical functionality.
Please upgrade to Gymnasium, the maintained drop-in replacement of Gym, or contact the authors of your software and request that they upgrade.
Users of this version of Gym should be able to simply replace 'import gym' with 'import gymnasium as gym' in the vast majority of cases.
See the migration guide at https://gymnasium.farama.org/introduction/migration_guide/ for additional information.
cramped_room ep0: 4 deliveries, 4 kept cycles
  cyc0 phi=0.0: H=1.980
  cyc0 phi=0.25: H=1.532
  cyc0 phi=0.5: H=1.041
  cyc0 phi=0.75: H=0.918
  cyc1 phi=0.0: H=1.462
  cyc1 phi=0.25: H=0.414
  cyc1 phi=0.5: H=1.299
  cyc1 phi=0.75: H=0.785
  cyc2 phi=0.0: H=1.206
  cyc2 phi=0.25: H=1.143
  cyc2 phi=0.5: H=1.324
  cyc2 phi=0.75: H=1.099
  cyc3 phi=0.0: H=1.387
  cyc3 phi=0.25: H=1.493
  cyc3 phi=0.5: H=1.175
  cyc3 phi=0.75: H=0.889
cramped_room ep1: 3 deliveries, 3 kept cycles
  cyc0 phi=0.0: H=1.493
  cyc0 phi=0.25: H=1.189
  cyc0 phi=0.5: H=1.414
  cyc0 phi=0.75: H=1.324
  cyc1 phi=0.0: H=1.330
  cyc1 phi=0.25: H=0.658
  cyc1 phi=0.5: H=1.532
  cyc1 phi=0.75: H=0.738
  cyc2 phi=0.0: H=1.459
  cyc2 phi=0.25: H=1.697
  cyc2 phi=0.5: H=1.547
  cyc2 phi=0.75: H=0.785
cramped_room ep2: 4 deliveries, 4 kept cycles
  cyc0 phi=0.0: H=1.822
  cyc0 phi=0.25: H=0.785
  cyc0 phi=0.5: H=0.817
  cyc0 phi=0.75: H=0.889
  cyc1 phi=0.0: H=1.384
  cyc1 phi=0.25: H=1.949
  cyc1 phi=0.5: H=0.889
  cyc1 phi=0.75: H=1.189
  cyc2 phi=0.0: H=1.324
  cyc2 phi=0.25: H=1.626
  cyc2 phi=0.5: H=1.309
  cyc2 phi=0.75: H=1.814
  cyc3 phi=0.0: H=1.309
  cyc3 phi=0.25: H=1.143
  cyc3 phi=0.5: H=1.867
  cyc3 phi=0.75: H=1.736
cramped_room ep3: 2 deliveries, 2 kept cycles
  cyc0 phi=0.0: H=1.851
  cyc0 phi=0.25: H=1.326
  cyc0 phi=0.5: H=1.414
  cyc0 phi=0.75: H=0.544
  cyc1 phi=0.0: H=1.281
  cyc1 phi=0.25: H=1.666
  cyc1 phi=0.5: H=1.387
  cyc1 phi=0.75: H=1.392
cramped_room ep4: 3 deliveries, 3 kept cycles
  cyc0 phi=0.0: H=1.971
  cyc0 phi=0.25: H=1.189
  cyc0 phi=0.5: H=1.764
  cyc0 phi=0.75: H=0.658
  cyc1 phi=0.0: H=1.547
  cyc1 phi=0.25: H=0.941
  cyc1 phi=0.5: H=0.658
  cyc1 phi=0.75: H=1.382
  cyc2 phi=0.0: H=1.293
  cyc2 phi=0.25: H=1.189
  cyc2 phi=0.5: H=0.889
  cyc2 phi=0.75: H=0.544
cramped_room ep5: 4 deliveries, 4 kept cycles
  cyc0 phi=0.0: H=1.949
  cyc0 phi=0.25: H=1.273
  cyc0 phi=0.5: H=0.785
  cyc0 phi=0.75: H=0.980
  cyc1 phi=0.0: H=1.650
  cyc1 phi=0.25: H=1.041
  cyc1 phi=0.5: H=1.206
  cyc1 phi=0.75: H=1.364
  cyc2 phi=0.0: H=1.528
  cyc2 phi=0.25: H=1.522
  cyc2 phi=0.5: H=1.351
  cyc2 phi=0.75: H=1.364
  cyc3 phi=0.0: H=1.520
  cyc3 phi=0.25: H=1.061
  cyc3 phi=0.5: H=1.175
  cyc3 phi=0.75: H=0.811
asymmetric_advantages ep0: 11 deliveries, 11 kept cycles
  cyc0 phi=0.0: H=-0.000
  cyc0 phi=0.25: H=-0.000
  cyc0 phi=0.5: H=0.250
  cyc0 phi=0.75: H=-0.000
  cyc1 phi=0.0: H=-0.000
  cyc1 phi=0.25: H=-0.000
  cyc1 phi=0.5: H=-0.000
  cyc1 phi=0.75: H=-0.000
  cyc2 phi=0.0: H=-0.000
  cyc2 phi=0.25: H=-0.000
  cyc2 phi=0.5: H=-0.000
  cyc2 phi=0.75: H=-0.000
  cyc3 phi=0.0: H=-0.000
  cyc3 phi=0.25: H=-0.000
  cyc3 phi=0.5: H=-0.000
  cyc3 phi=0.75: H=-0.000
  cyc4 phi=0.0: H=-0.000
  cyc4 phi=0.25: H=0.414
  cyc4 phi=0.5: H=-0.000
  cyc4 phi=0.75: H=-0.000
  cyc5 phi=0.0: H=-0.000
  cyc5 phi=0.25: H=-0.000
  cyc5 phi=0.5: H=-0.000
  cyc5 phi=0.75: H=-0.000
  cyc6 phi=0.0: H=0.250
  cyc6 phi=0.25: H=-0.000
  cyc6 phi=0.5: H=-0.000
  cyc6 phi=0.75: H=-0.000
  cyc7 phi=0.0: H=-0.000
  cyc7 phi=0.25: H=-0.000
  cyc7 phi=0.5: H=-0.000
  cyc7 phi=0.75: H=-0.000
  cyc8 phi=0.0: H=0.250
  cyc8 phi=0.25: H=-0.000
  cyc8 phi=0.5: H=-0.000
  cyc8 phi=0.75: H=-0.000
  cyc9 phi=0.0: H=0.250
  cyc9 phi=0.25: H=0.250
  cyc9 phi=0.5: H=-0.000
  cyc9 phi=0.75: H=-0.000
  cyc10 phi=0.0: H=0.544
  cyc10 phi=0.25: H=-0.000
  cyc10 phi=0.5: H=-0.000
  cyc10 phi=0.75: H=-0.000
asymmetric_advantages ep1: 10 deliveries, 10 kept cycles
  cyc0 phi=0.0: H=0.250
  cyc0 phi=0.25: H=-0.000
  cyc0 phi=0.5: H=-0.000
  cyc0 phi=0.75: H=-0.000
  cyc1 phi=0.0: H=0.250
  cyc1 phi=0.25: H=-0.000
  cyc1 phi=0.5: H=-0.000
  cyc1 phi=0.75: H=-0.000
  cyc2 phi=0.0: H=0.250
  cyc2 phi=0.25: H=-0.000
  cyc2 phi=0.5: H=-0.000
  cyc2 phi=0.75: H=-0.000
  cyc3 phi=0.0: H=-0.000
  cyc3 phi=0.25: H=-0.000
  cyc3 phi=0.5: H=-0.000
  cyc3 phi=0.75: H=-0.000
  cyc4 phi=0.0: H=-0.000
  cyc4 phi=0.25: H=-0.000
  cyc4 phi=0.5: H=-0.000
  cyc4 phi=0.75: H=-0.000
  cyc5 phi=0.0: H=-0.000
  cyc5 phi=0.25: H=-0.000
  cyc5 phi=0.5: H=-0.000
  cyc5 phi=0.75: H=-0.000
  cyc6 phi=0.0: H=0.250
  cyc6 phi=0.25: H=-0.000
  cyc6 phi=0.5: H=-0.000
  cyc6 phi=0.75: H=-0.000
  cyc7 phi=0.0: H=0.250
  cyc7 phi=0.25: H=-0.000
  cyc7 phi=0.5: H=-0.000
  cyc7 phi=0.75: H=-0.000
  cyc8 phi=0.0: H=-0.000
  cyc8 phi=0.25: H=-0.000
  cyc8 phi=0.5: H=-0.000
  cyc8 phi=0.75: H=-0.000
  cyc9 phi=0.0: H=-0.000
  cyc9 phi=0.25: H=-0.000
  cyc9 phi=0.5: H=0.250
  cyc9 phi=0.75: H=-0.000
asymmetric_advantages ep2: 7 deliveries, 7 kept cycles
  cyc0 phi=0.0: H=-0.000
  cyc0 phi=0.25: H=-0.000
  cyc0 phi=0.5: H=0.544
  cyc0 phi=0.75: H=-0.000
  cyc1 phi=0.0: H=-0.000
  cyc1 phi=0.25: H=0.414
  cyc1 phi=0.5: H=0.250
  cyc1 phi=0.75: H=-0.000
  cyc2 phi=0.0: H=-0.000
  cyc2 phi=0.25: H=-0.000
  cyc2 phi=0.5: H=-0.000
  cyc2 phi=0.75: H=-0.000
  cyc3 phi=0.0: H=-0.000
  cyc3 phi=0.25: H=-0.000
  cyc3 phi=0.5: H=-0.000
  cyc3 phi=0.75: H=-0.000
  cyc4 phi=0.0: H=0.414
  cyc4 phi=0.25: H=-0.000
  cyc4 phi=0.5: H=-0.000
  cyc4 phi=0.75: H=-0.000
  cyc5 phi=0.0: H=-0.000
  cyc5 phi=0.25: H=0.414
  cyc5 phi=0.5: H=0.250
  cyc5 phi=0.75: H=-0.000
  cyc6 phi=0.0: H=0.544
  cyc6 phi=0.25: H=0.250
  cyc6 phi=0.5: H=-0.000
  cyc6 phi=0.75: H=0.250
asymmetric_advantages ep3: 10 deliveries, 10 kept cycles
  cyc0 phi=0.0: H=0.250
  cyc0 phi=0.25: H=-0.000
  cyc0 phi=0.5: H=-0.000
  cyc0 phi=0.75: H=-0.000
  cyc1 phi=0.0: H=0.250
  cyc1 phi=0.25: H=-0.000
  cyc1 phi=0.5: H=-0.000
  cyc1 phi=0.75: H=-0.000
  cyc2 phi=0.0: H=-0.000
  cyc2 phi=0.25: H=-0.000
  cyc2 phi=0.5: H=-0.000
  cyc2 phi=0.75: H=-0.000
  cyc3 phi=0.0: H=-0.000
  cyc3 phi=0.25: H=-0.000
  cyc3 phi=0.5: H=-0.000
  cyc3 phi=0.75: H=-0.000
  cyc4 phi=0.0: H=-0.000
  cyc4 phi=0.25: H=-0.000
  cyc4 phi=0.5: H=-0.000
  cyc4 phi=0.75: H=-0.000
  cyc5 phi=0.0: H=-0.000
  cyc5 phi=0.25: H=-0.000
  cyc5 phi=0.5: H=-0.000
  cyc5 phi=0.75: H=-0.000
  cyc6 phi=0.0: H=0.250
  cyc6 phi=0.25: H=-0.000
  cyc6 phi=0.5: H=-0.000
  cyc6 phi=0.75: H=-0.000
  cyc7 phi=0.0: H=-0.000
  cyc7 phi=0.25: H=-0.000
  cyc7 phi=0.5: H=-0.000
  cyc7 phi=0.75: H=-0.000
  cyc8 phi=0.0: H=-0.000
  cyc8 phi=0.25: H=0.250
  cyc8 phi=0.5: H=0.414
  cyc8 phi=0.75: H=-0.000
  cyc9 phi=0.0: H=0.250
  cyc9 phi=0.25: H=-0.000
  cyc9 phi=0.5: H=-0.000
  cyc9 phi=0.75: H=-0.000
asymmetric_advantages ep4: 3 deliveries, 3 kept cycles
  cyc0 phi=0.0: H=-0.000
  cyc0 phi=0.25: H=0.250
  cyc0 phi=0.5: H=-0.000
  cyc0 phi=0.75: H=-0.000
  cyc1 phi=0.0: H=-0.000
  cyc1 phi=0.25: H=-0.000
  cyc1 phi=0.5: H=-0.000
  cyc1 phi=0.75: H=-0.000
  cyc2 phi=0.0: H=-0.000
  cyc2 phi=0.25: H=-0.000
  cyc2 phi=0.5: H=-0.000
  cyc2 phi=0.75: H=-0.000
asymmetric_advantages ep5: 8 deliveries, 8 kept cycles
  cyc0 phi=0.0: H=0.250
  cyc0 phi=0.25: H=-0.000
  cyc0 phi=0.5: H=-0.000
  cyc0 phi=0.75: H=-0.000
  cyc1 phi=0.0: H=-0.000
  cyc1 phi=0.25: H=-0.000
  cyc1 phi=0.5: H=-0.000
  cyc1 phi=0.75: H=-0.000
  cyc2 phi=0.0: H=-0.000
  cyc2 phi=0.25: H=-0.000
  cyc2 phi=0.5: H=-0.000
  cyc2 phi=0.75: H=-0.000
  cyc3 phi=0.0: H=-0.000
  cyc3 phi=0.25: H=-0.000
  cyc3 phi=0.5: H=-0.000
  cyc3 phi=0.75: H=-0.000
  cyc4 phi=0.0: H=0.250
  cyc4 phi=0.25: H=-0.000
  cyc4 phi=0.5: H=-0.000
  cyc4 phi=0.75: H=-0.000
  cyc5 phi=0.0: H=0.250
  cyc5 phi=0.25: H=-0.000
  cyc5 phi=0.5: H=-0.000
  cyc5 phi=0.75: H=-0.000
  cyc6 phi=0.0: H=-0.000
  cyc6 phi=0.25: H=-0.000
  cyc6 phi=0.5: H=-0.000
  cyc6 phi=0.75: H=-0.000
  cyc7 phi=0.0: H=0.250
  cyc7 phi=0.25: H=-0.000
  cyc7 phi=0.5: H=-0.000
  cyc7 phi=0.75: H=-0.000
{
  "EPC1_within_cycle_commitment": true,
  "EPC2_boundary_reopening": true,
  "EPC3_substantial": true,
  "median_by_phase": {
    "0.0": 0.2499,
    "0.25": 0.0,
    "0.5": 0.0,
    "0.75": 0.0
  },
  "reopen_gap_bits": 0.2499
}
Wrote /home/Yixiang/MPARL/GOGOGO/outputs/overcooked_cycle_collapse.json
