conj_1: acc 0.90 signals ['rep_jump']
conj_2: acc 1.00 signals ['specificity_only', 'causal_emergence_ei']
conj_3: acc 1.00 signals ['rep_jump', 'specificity_only', 'causal_emergence_ei']
prior5: {'logistic_in_sample': 0.9, 'logistic_loocv': 0.8, 'tree_in_sample': 1.0, 'tree_loocv': 0.8}
prior7: {'logistic_in_sample': 0.9, 'logistic_loocv': 0.7, 'tree_in_sample': 1.0, 'tree_loocv': 0.8}
two-component ('own_h0_bits', 'own_specificity_js'): acc 0.90
two-component ('own_h0_bits', 'own_usefulness_gap'): acc 0.90
two-component ('own_specificity_js', 'own_usefulness_gap'): acc 1.00
Training fresh checkpointed policies (rep/metric jump) ...
Training fresh final policies ...
  measuring fresh system latent_conditional ...
  measuring fresh system converged_team ...
  measuring fresh system shaped_process ...
  measuring fresh system noise_policy ...
  measuring fresh system untrained_uniform ...
  measuring fresh system blind_trigger ...
  measuring fresh system harmful_decoy ...
  measuring fresh system useful_habit ...
  measuring fresh system wrong_selector ...
  measuring fresh system anti_selector ...
frozen conj_1 on fresh battery: acc 0.90
frozen conj_2 on fresh battery: acc 0.70
frozen conj_3 on fresh battery: acc 0.70
Wrote /home/Yixiang/MPARL/GOGOGO/outputs/fair_baseline_comparison.json
