seed=0: S=0.99991 O=0.00032 B5=False dBIC=6.369 t*=75.0 s090=275 code=[2, 4, 0, 1, 3]
seed=1: S=0.99991 O=0.0004 B5=False dBIC=12.621 t*=250.0 s090=400 code=[0, 4, 3, 2, 1]
seed=2: S=0.79994 O=0.0626 B5=False dBIC=4.535 t*=75.0 s090=None code=[1, 4, 0, 3, 0]
seed=3: S=0.99989 O=0.00047 B5=False dBIC=5.656 t*=100.0 s090=1300 code=[1, 2, 4, 3, 0]
seed=4: S=0.99992 O=0.00031 B5=False dBIC=1.843 t*=75.0 s090=300 code=[3, 0, 1, 4, 2]
seed=5: S=0.79993 O=0.06271 B5=False dBIC=1.037 t*=75.0 s090=None code=[2, 2, 3, 0, 4]
seed=6: S=0.99991 O=0.00032 B5=False dBIC=10.008 t*=75.0 s090=250 code=[1, 3, 2, 0, 4]
seed=7: S=0.9999 O=0.00037 B5=False dBIC=0.307 t*=75.0 s090=300 code=[3, 4, 1, 2, 0]
seed=8: S=0.9999 O=0.00033 B5=True dBIC=14.813 t*=100.0 s090=300 code=[4, 1, 2, 0, 3]
seed=9: S=0.79994 O=0.13299 B5=False dBIC=-0.842 t*=75.0 s090=None code=[0, 0, 3, 2, 1]
{
  "NN1_learnability": false,
  "NN2_onset_rate": false,
  "NN3_collapse_leads_capability": true,
  "NN4_symmetry_breaking": true,
  "n_learned": 7,
  "n_onset": 1,
  "onset_rate_learned": 0.1429,
  "n_distinct_codes": 7
}
Wrote /home/Yixiang/MPARL/GOGOGO/outputs/learn_convention_nn.json
