Gym has been unmaintained since 2022 and does not support NumPy 2.0 amongst other critical functionality.
Please upgrade to Gymnasium, the maintained drop-in replacement of Gym, or contact the authors of your software and request that they upgrade.
Users of this version of Gym should be able to simply replace 'import gym' with 'import gymnasium as gym' in the vast majority of cases.
See the migration guide at https://gymnasium.farama.org/introduction/migration_guide/ for additional information.
[pair_G] {"steps": 2048, "elapsed_s": 2.3, "coordination_ring_sparse20": 0.0, "coordination_ring_potter0_20": 1.0, "centre_pots_sparse20": 0.0, "centre_pots_potter0_20": 0.0}
[pair_G] {"steps": 4096, "elapsed_s": 5.1, "coordination_ring_sparse20": 0.0, "coordination_ring_potter0_20": 1.0, "centre_pots_sparse20": 0.0, "centre_pots_potter0_20": 0.25}
[pair_G] {"steps": 6144, "elapsed_s": 8.5, "coordination_ring_sparse20": 0.0, "coordination_ring_potter0_20": 0.8, "centre_pots_sparse20": 0.0, "centre_pots_potter0_20": 0.5}
[pair_G] {"steps": 8192, "elapsed_s": 11.2, "coordination_ring_sparse20": 0.0, "coordination_ring_potter0_20": 0.8, "centre_pots_sparse20": 0.0, "centre_pots_potter0_20": 0.3333333333333333}
[pair_G] {"steps": 10240, "elapsed_s": 13.6, "coordination_ring_sparse20": 0.0, "coordination_ring_potter0_20": 0.6666666666666666, "centre_pots_sparse20": 0.0, "centre_pots_potter0_20": 0.36363636363636365}
[pair_G] {"steps": 12288, "elapsed_s": 15.7, "coordination_ring_sparse20": 0.0, "coordination_ring_potter0_20": 0.7777777777777778, "centre_pots_sparse20": 0.0, "centre_pots_potter0_20": 0.46153846153846156}
[pair_G] {"steps": 14336, "elapsed_s": 18.3, "coordination_ring_sparse20": 0.0, "coordination_ring_potter0_20": 0.7, "centre_pots_sparse20": 0.0, "centre_pots_potter0_20": 0.47058823529411764}
[pair_G] {"steps": 16384, "elapsed_s": 20.6, "coordination_ring_sparse20": 0.0, "coordination_ring_potter0_20": 0.6153846153846154, "centre_pots_sparse20": 0.0, "centre_pots_potter0_20": 0.5}
[pair_G] {"steps": 18432, "elapsed_s": 23.3, "coordination_ring_sparse20": 0.0, "coordination_ring_potter0_20": 0.5714285714285714, "centre_pots_sparse20": 0.0, "centre_pots_potter0_20": 0.7}
[pair_G] {"steps": 20480, "elapsed_s": 25.8, "coordination_ring_sparse20": 0.0, "coordination_ring_potter0_20": 0.6, "centre_pots_sparse20": 0.0, "centre_pots_potter0_20": 0.7}
[pair_G] {"steps": 22528, "elapsed_s": 28.1, "coordination_ring_sparse20": 0.0, "coordination_ring_potter0_20": 0.5555555555555556, "centre_pots_sparse20": 0.0, "centre_pots_potter0_20": 0.75}
[pair_G] {"steps": 24576, "elapsed_s": 30.5, "coordination_ring_sparse20": 0.0, "coordination_ring_potter0_20": 0.5263157894736842, "centre_pots_sparse20": 0.0, "centre_pots_potter0_20": 0.85}
[pair_G] {"steps": 26624, "elapsed_s": 32.7, "coordination_ring_sparse20": 0.0, "coordination_ring_potter0_20": 0.5, "centre_pots_sparse20": 0.0, "centre_pots_potter0_20": 0.8}
[pair_G] {"steps": 28672, "elapsed_s": 34.9, "coordination_ring_sparse20": 0.0, "coordination_ring_potter0_20": 0.4, "centre_pots_sparse20": 0.0, "centre_pots_potter0_20": 0.75}
[pair_G] {"steps": 30720, "elapsed_s": 37.3, "coordination_ring_sparse20": 0.0, "coordination_ring_potter0_20": 0.3, "centre_pots_sparse20": 0.0, "centre_pots_potter0_20": 0.8}
[pair_G] {"steps": 32768, "elapsed_s": 39.8, "coordination_ring_sparse20": 0.0, "coordination_ring_potter0_20": 0.3, "centre_pots_sparse20": 0.0, "centre_pots_potter0_20": 0.75}
[pair_G] {"steps": 34816, "elapsed_s": 42.1, "coordination_ring_sparse20": 0.0, "coordination_ring_potter0_20": 0.25, "centre_pots_sparse20": 0.0, "centre_pots_potter0_20": 0.7}
[pair_G] {"steps": 36864, "elapsed_s": 44.5, "coordination_ring_sparse20": 0.0, "coordination_ring_potter0_20": 0.3, "centre_pots_sparse20": 0.0, "centre_pots_potter0_20": 0.7}
[pair_G] {"steps": 38912, "elapsed_s": 46.6, "coordination_ring_sparse20": 0.0, "coordination_ring_potter0_20": 0.25, "centre_pots_sparse20": 0.0, "centre_pots_potter0_20": 0.7}
[pair_G] {"steps": 40960, "elapsed_s": 49.4, "coordination_ring_sparse20": 0.0, "coordination_ring_potter0_20": 0.25, "centre_pots_sparse20": 0.0, "centre_pots_potter0_20": 0.65}
[pair_G] {"steps": 43008, "elapsed_s": 51.9, "coordination_ring_sparse20": 0.0, "coordination_ring_potter0_20": 0.25, "centre_pots_sparse20": 0.0, "centre_pots_potter0_20": 0.7}
[pair_G] {"steps": 45056, "elapsed_s": 54.3, "coordination_ring_sparse20": 0.0, "coordination_ring_potter0_20": 0.35, "centre_pots_sparse20": 0.0, "centre_pots_potter0_20": 0.75}
[pair_G] {"steps": 47104, "elapsed_s": 57.2, "coordination_ring_sparse20": 0.0, "coordination_ring_potter0_20": 0.35, "centre_pots_sparse20": 0.0, "centre_pots_potter0_20": 0.75}
[pair_G] {"steps": 49152, "elapsed_s": 59.7, "coordination_ring_sparse20": 0.0, "coordination_ring_potter0_20": 0.4, "centre_pots_sparse20": 0.0, "centre_pots_potter0_20": 0.75}
[pair_G] {"steps": 51200, "elapsed_s": 62.1, "coordination_ring_sparse20": 0.0, "coordination_ring_potter0_20": 0.45, "centre_pots_sparse20": 0.0, "centre_pots_potter0_20": 0.85}
[pair_G] {"steps": 53248, "elapsed_s": 64.6, "coordination_ring_sparse20": 0.0, "coordination_ring_potter0_20": 0.55, "centre_pots_sparse20": 0.0, "centre_pots_potter0_20": 0.85}
[pair_G] {"steps": 55296, "elapsed_s": 67.4, "coordination_ring_sparse20": 0.0, "coordination_ring_potter0_20": 0.6, "centre_pots_sparse20": 0.0, "centre_pots_potter0_20": 0.9}
[pair_G] {"steps": 57344, "elapsed_s": 70.0, "coordination_ring_sparse20": 0.0, "coordination_ring_potter0_20": 0.65, "centre_pots_sparse20": 0.0, "centre_pots_potter0_20": 0.75}
[pair_G] {"steps": 59392, "elapsed_s": 72.4, "coordination_ring_sparse20": 0.0, "coordination_ring_potter0_20": 0.6, "centre_pots_sparse20": 0.0, "centre_pots_potter0_20": 0.75}
[pair_G] {"steps": 61440, "elapsed_s": 74.8, "coordination_ring_sparse20": 0.0, "coordination_ring_potter0_20": 0.65, "centre_pots_sparse20": 0.0, "centre_pots_potter0_20": 0.75}
[pair_G] {"steps": 63488, "elapsed_s": 77.4, "coordination_ring_sparse20": 0.0, "coordination_ring_potter0_20": 0.65, "centre_pots_sparse20": 0.0, "centre_pots_potter0_20": 0.75}
[pair_G] {"steps": 65536, "elapsed_s": 79.7, "coordination_ring_sparse20": 0.0, "coordination_ring_potter0_20": 0.7, "centre_pots_sparse20": 0.0, "centre_pots_potter0_20": 0.8}
[pair_G] {"steps": 67584, "elapsed_s": 82.1, "coordination_ring_sparse20": 0.0, "coordination_ring_potter0_20": 0.7, "centre_pots_sparse20": 0.0, "centre_pots_potter0_20": 0.65}
[pair_G] {"steps": 69632, "elapsed_s": 84.9, "coordination_ring_sparse20": 0.0, "coordination_ring_potter0_20": 0.6, "centre_pots_sparse20": 0.0, "centre_pots_potter0_20": 0.65}
[pair_G] {"steps": 71680, "elapsed_s": 87.5, "coordination_ring_sparse20": 0.0, "coordination_ring_potter0_20": 0.55, "centre_pots_sparse20": 0.0, "centre_pots_potter0_20": 0.65}
[pair_G] {"steps": 73728, "elapsed_s": 89.9, "coordination_ring_sparse20": 0.0, "coordination_ring_potter0_20": 0.5, "centre_pots_sparse20": 0.0, "centre_pots_potter0_20": 0.7}
[pair_G] {"steps": 75776, "elapsed_s": 92.5, "coordination_ring_sparse20": 0.0, "coordination_ring_potter0_20": 0.4, "centre_pots_sparse20": 0.0, "centre_pots_potter0_20": 0.75}
[pair_G] {"steps": 77824, "elapsed_s": 95.3, "coordination_ring_sparse20": 0.0, "coordination_ring_potter0_20": 0.3, "centre_pots_sparse20": 0.0, "centre_pots_potter0_20": 0.65}
[pair_G] {"steps": 79872, "elapsed_s": 97.9, "coordination_ring_sparse20": 0.0, "coordination_ring_potter0_20": 0.25, "centre_pots_sparse20": 0.0, "centre_pots_potter0_20": 0.6}
[pair_G] {"steps": 81920, "elapsed_s": 100.0, "coordination_ring_sparse20": 0.0, "coordination_ring_potter0_20": 0.2, "centre_pots_sparse20": 0.0, "centre_pots_potter0_20": 0.6}
[pair_G] {"steps": 83968, "elapsed_s": 102.3, "coordination_ring_sparse20": 0.0, "coordination_ring_potter0_20": 0.25, "centre_pots_sparse20": 0.0, "centre_pots_potter0_20": 0.6}
[pair_G] {"steps": 86016, "elapsed_s": 104.7, "coordination_ring_sparse20": 0.0, "coordination_ring_potter0_20": 0.25, "centre_pots_sparse20": 0.0, "centre_pots_potter0_20": 0.65}
[pair_G] {"steps": 88064, "elapsed_s": 107.5, "coordination_ring_sparse20": 0.0, "coordination_ring_potter0_20": 0.25, "centre_pots_sparse20": 0.0, "centre_pots_potter0_20": 0.65}
[pair_G] {"steps": 90112, "elapsed_s": 110.1, "coordination_ring_sparse20": 0.0, "coordination_ring_potter0_20": 0.35, "centre_pots_sparse20": 0.0, "centre_pots_potter0_20": 0.7}
[pair_G] {"steps": 92160, "elapsed_s": 113.1, "coordination_ring_sparse20": 0.0, "coordination_ring_potter0_20": 0.4, "centre_pots_sparse20": 0.0, "centre_pots_potter0_20": 0.7}
[pair_G] {"steps": 94208, "elapsed_s": 115.5, "coordination_ring_sparse20": 0.0, "coordination_ring_potter0_20": 0.45, "centre_pots_sparse20": 0.0, "centre_pots_potter0_20": 0.65}
[pair_G] {"steps": 96256, "elapsed_s": 117.7, "coordination_ring_sparse20": 0.0, "coordination_ring_potter0_20": 0.5, "centre_pots_sparse20": 0.0, "centre_pots_potter0_20": 0.7}
[pair_G] {"steps": 98304, "elapsed_s": 119.7, "coordination_ring_sparse20": 0.0, "coordination_ring_potter0_20": 0.45, "centre_pots_sparse20": 0.0, "centre_pots_potter0_20": 0.75}
[pair_G] {"steps": 100352, "elapsed_s": 122.6, "coordination_ring_sparse20": 0.0, "coordination_ring_potter0_20": 0.4, "centre_pots_sparse20": 0.0, "centre_pots_potter0_20": 0.75}
[pair_G] {"steps": 102400, "elapsed_s": 125.1, "coordination_ring_sparse20": 0.0, "coordination_ring_potter0_20": 0.5, "centre_pots_sparse20": 0.0, "centre_pots_potter0_20": 0.7}
[pair_G] {"steps": 104448, "elapsed_s": 127.7, "coordination_ring_sparse20": 0.0, "coordination_ring_potter0_20": 0.45, "centre_pots_sparse20": 0.0, "centre_pots_potter0_20": 0.7}
[pair_G] {"steps": 106496, "elapsed_s": 130.2, "coordination_ring_sparse20": 0.0, "coordination_ring_potter0_20": 0.45, "centre_pots_sparse20": 0.0, "centre_pots_potter0_20": 0.65}
[pair_G] {"steps": 108544, "elapsed_s": 132.4, "coordination_ring_sparse20": 0.0, "coordination_ring_potter0_20": 0.45, "centre_pots_sparse20": 0.0, "centre_pots_potter0_20": 0.6}
[pair_G] {"steps": 110592, "elapsed_s": 134.7, "coordination_ring_sparse20": 0.0, "coordination_ring_potter0_20": 0.5, "centre_pots_sparse20": 0.0, "centre_pots_potter0_20": 0.6}
[pair_G] {"steps": 112640, "elapsed_s": 136.8, "coordination_ring_sparse20": 0.0, "coordination_ring_potter0_20": 0.45, "centre_pots_sparse20": 0.0, "centre_pots_potter0_20": 0.6}
[pair_G] {"steps": 114688, "elapsed_s": 139.2, "coordination_ring_sparse20": 0.0, "coordination_ring_potter0_20": 0.4, "centre_pots_sparse20": 0.0, "centre_pots_potter0_20": 0.6}
[pair_G] {"steps": 116736, "elapsed_s": 142.0, "coordination_ring_sparse20": 0.0, "coordination_ring_potter0_20": 0.4, "centre_pots_sparse20": 0.0, "centre_pots_potter0_20": 0.55}
[pair_G] {"steps": 118784, "elapsed_s": 144.9, "coordination_ring_sparse20": 0.0, "coordination_ring_potter0_20": 0.4, "centre_pots_sparse20": 0.0, "centre_pots_potter0_20": 0.55}
[pair_G] {"steps": 120832, "elapsed_s": 147.5, "coordination_ring_sparse20": 0.0, "coordination_ring_potter0_20": 0.35, "centre_pots_sparse20": 0.0, "centre_pots_potter0_20": 0.55}
[pair_G] {"steps": 122880, "elapsed_s": 149.9, "coordination_ring_sparse20": 0.0, "coordination_ring_potter0_20": 0.35, "centre_pots_sparse20": 0.0, "centre_pots_potter0_20": 0.65}
[pair_G] {"steps": 124928, "elapsed_s": 151.8, "coordination_ring_sparse20": 0.0, "coordination_ring_potter0_20": 0.25, "centre_pots_sparse20": 0.0, "centre_pots_potter0_20": 0.6}
[pair_G] {"steps": 126976, "elapsed_s": 153.9, "coordination_ring_sparse20": 0.0, "coordination_ring_potter0_20": 0.25, "centre_pots_sparse20": 0.0, "centre_pots_potter0_20": 0.6}
[pair_G] {"steps": 129024, "elapsed_s": 155.9, "coordination_ring_sparse20": 0.0, "coordination_ring_potter0_20": 0.4, "centre_pots_sparse20": 0.0, "centre_pots_potter0_20": 0.65}
[pair_G] {"steps": 131072, "elapsed_s": 158.5, "coordination_ring_sparse20": 0.0, "coordination_ring_potter0_20": 0.4, "centre_pots_sparse20": 0.0, "centre_pots_potter0_20": 0.65}
[pair_G] {"steps": 133120, "elapsed_s": 160.4, "coordination_ring_sparse20": 0.0, "coordination_ring_potter0_20": 0.45, "centre_pots_sparse20": 0.0, "centre_pots_potter0_20": 0.65}
[pair_G] {"steps": 135168, "elapsed_s": 163.1, "coordination_ring_sparse20": 0.0, "coordination_ring_potter0_20": 0.45, "centre_pots_sparse20": 0.0, "centre_pots_potter0_20": 0.6}
[pair_G] {"steps": 137216, "elapsed_s": 165.8, "coordination_ring_sparse20": 0.0, "coordination_ring_potter0_20": 0.45, "centre_pots_sparse20": 0.0, "centre_pots_potter0_20": 0.7}
[pair_G] {"steps": 139264, "elapsed_s": 167.7, "coordination_ring_sparse20": 0.0, "coordination_ring_potter0_20": 0.5, "centre_pots_sparse20": 0.0, "centre_pots_potter0_20": 0.65}
[pair_G] {"steps": 141312, "elapsed_s": 170.2, "coordination_ring_sparse20": 0.0, "coordination_ring_potter0_20": 0.55, "centre_pots_sparse20": 0.0, "centre_pots_potter0_20": 0.6}
[pair_G] {"steps": 143360, "elapsed_s": 172.9, "coordination_ring_sparse20": 0.0, "coordination_ring_potter0_20": 0.55, "centre_pots_sparse20": 0.0, "centre_pots_potter0_20": 0.65}
[pair_G] {"steps": 145408, "elapsed_s": 175.3, "coordination_ring_sparse20": 0.0, "coordination_ring_potter0_20": 0.45, "centre_pots_sparse20": 0.0, "centre_pots_potter0_20": 0.65}
[pair_G] {"steps": 147456, "elapsed_s": 177.4, "coordination_ring_sparse20": 0.0, "coordination_ring_potter0_20": 0.5, "centre_pots_sparse20": 0.0, "centre_pots_potter0_20": 0.75}
[pair_G] {"steps": 149504, "elapsed_s": 180.0, "coordination_ring_sparse20": 0.0, "coordination_ring_potter0_20": 0.5, "centre_pots_sparse20": 0.0, "centre_pots_potter0_20": 0.8}
[pair_G] {"steps": 151552, "elapsed_s": 182.4, "coordination_ring_sparse20": 0.0, "coordination_ring_potter0_20": 0.45, "centre_pots_sparse20": 0.0, "centre_pots_potter0_20": 0.8}
[pair_G] {"steps": 153600, "elapsed_s": 184.7, "coordination_ring_sparse20": 0.0, "coordination_ring_potter0_20": 0.45, "centre_pots_sparse20": 0.0, "centre_pots_potter0_20": 0.9}
[pair_G] {"steps": 155648, "elapsed_s": 186.8, "coordination_ring_sparse20": 0.0, "coordination_ring_potter0_20": 0.5, "centre_pots_sparse20": 0.0, "centre_pots_potter0_20": 0.85}
[pair_G] {"steps": 157696, "elapsed_s": 189.1, "coordination_ring_sparse20": 0.0, "coordination_ring_potter0_20": 0.45, "centre_pots_sparse20": 0.0, "centre_pots_potter0_20": 0.75}
[pair_G] {"steps": 159744, "elapsed_s": 191.2, "coordination_ring_sparse20": 0.0, "coordination_ring_potter0_20": 0.45, "centre_pots_sparse20": 0.0, "centre_pots_potter0_20": 0.7}
[pair_G] {"steps": 161792, "elapsed_s": 193.6, "coordination_ring_sparse20": 0.0, "coordination_ring_potter0_20": 0.45, "centre_pots_sparse20": 0.0, "centre_pots_potter0_20": 0.7}
[pair_G] {"steps": 163840, "elapsed_s": 196.2, "coordination_ring_sparse20": 0.0, "coordination_ring_potter0_20": 0.45, "centre_pots_sparse20": 0.0, "centre_pots_potter0_20": 0.65}
[pair_G] {"steps": 165888, "elapsed_s": 198.2, "coordination_ring_sparse20": 0.0, "coordination_ring_potter0_20": 0.4, "centre_pots_sparse20": 0.0, "centre_pots_potter0_20": 0.6}
[pair_G] {"steps": 167936, "elapsed_s": 200.8, "coordination_ring_sparse20": 0.0, "coordination_ring_potter0_20": 0.45, "centre_pots_sparse20": 0.0, "centre_pots_potter0_20": 0.5}
[pair_G] {"steps": 169984, "elapsed_s": 202.8, "coordination_ring_sparse20": 0.0, "coordination_ring_potter0_20": 0.35, "centre_pots_sparse20": 0.0, "centre_pots_potter0_20": 0.55}
[pair_G] {"steps": 172032, "elapsed_s": 205.3, "coordination_ring_sparse20": 0.0, "coordination_ring_potter0_20": 0.35, "centre_pots_sparse20": 0.0, "centre_pots_potter0_20": 0.55}
[pair_G] {"steps": 174080, "elapsed_s": 207.7, "coordination_ring_sparse20": 0.0, "coordination_ring_potter0_20": 0.35, "centre_pots_sparse20": 0.0, "centre_pots_potter0_20": 0.55}
[pair_G] {"steps": 176128, "elapsed_s": 210.4, "coordination_ring_sparse20": 0.0, "coordination_ring_potter0_20": 0.45, "centre_pots_sparse20": 0.0, "centre_pots_potter0_20": 0.5}
[pair_G] {"steps": 178176, "elapsed_s": 213.2, "coordination_ring_sparse20": 0.0, "coordination_ring_potter0_20": 0.45, "centre_pots_sparse20": 0.0, "centre_pots_potter0_20": 0.6}
[pair_G] {"steps": 180224, "elapsed_s": 215.4, "coordination_ring_sparse20": 0.0, "coordination_ring_potter0_20": 0.5, "centre_pots_sparse20": 0.0, "centre_pots_potter0_20": 0.6}
[pair_G] {"steps": 182272, "elapsed_s": 217.9, "coordination_ring_sparse20": 0.0, "coordination_ring_potter0_20": 0.5, "centre_pots_sparse20": 0.0, "centre_pots_potter0_20": 0.55}
[pair_G] {"steps": 184320, "elapsed_s": 220.5, "coordination_ring_sparse20": 0.0, "coordination_ring_potter0_20": 0.5, "centre_pots_sparse20": 0.0, "centre_pots_potter0_20": 0.5}
[pair_G] {"steps": 186368, "elapsed_s": 223.7, "coordination_ring_sparse20": 0.0, "coordination_ring_potter0_20": 0.5, "centre_pots_sparse20": 0.0, "centre_pots_potter0_20": 0.55}
[pair_G] {"steps": 188416, "elapsed_s": 226.8, "coordination_ring_sparse20": 0.0, "coordination_ring_potter0_20": 0.45, "centre_pots_sparse20": 0.0, "centre_pots_potter0_20": 0.55}
[pair_G] {"steps": 190464, "elapsed_s": 229.2, "coordination_ring_sparse20": 0.0, "coordination_ring_potter0_20": 0.45, "centre_pots_sparse20": 0.0, "centre_pots_potter0_20": 0.55}
[pair_G] {"steps": 192512, "elapsed_s": 231.8, "coordination_ring_sparse20": 0.0, "coordination_ring_potter0_20": 0.45, "centre_pots_sparse20": 0.0, "centre_pots_potter0_20": 0.6}
[pair_G] {"steps": 194560, "elapsed_s": 234.3, "coordination_ring_sparse20": 0.0, "coordination_ring_potter0_20": 0.4, "centre_pots_sparse20": 0.0, "centre_pots_potter0_20": 0.6}
[pair_G] {"steps": 196608, "elapsed_s": 237.2, "coordination_ring_sparse20": 0.0, "coordination_ring_potter0_20": 0.4, "centre_pots_sparse20": 0.0, "centre_pots_potter0_20": 0.65}
[pair_G] {"steps": 198656, "elapsed_s": 239.6, "coordination_ring_sparse20": 0.0, "coordination_ring_potter0_20": 0.35, "centre_pots_sparse20": 0.0, "centre_pots_potter0_20": 0.7}
[pair_G] {"steps": 200704, "elapsed_s": 242.5, "coordination_ring_sparse20": 0.0, "coordination_ring_potter0_20": 0.35, "centre_pots_sparse20": 0.0, "centre_pots_potter0_20": 0.65}
[pair_G] {"steps": 202752, "elapsed_s": 245.2, "coordination_ring_sparse20": 0.0, "coordination_ring_potter0_20": 0.35, "centre_pots_sparse20": 0.0, "centre_pots_potter0_20": 0.65}
[pair_G] {"steps": 204800, "elapsed_s": 247.9, "coordination_ring_sparse20": 0.0, "coordination_ring_potter0_20": 0.3, "centre_pots_sparse20": 0.0, "centre_pots_potter0_20": 0.6}
[pair_G] {"steps": 206848, "elapsed_s": 250.1, "coordination_ring_sparse20": 0.0, "coordination_ring_potter0_20": 0.3, "centre_pots_sparse20": 0.0, "centre_pots_potter0_20": 0.55}
[pair_G] {"steps": 208896, "elapsed_s": 252.6, "coordination_ring_sparse20": 0.0, "coordination_ring_potter0_20": 0.2, "centre_pots_sparse20": 0.0, "centre_pots_potter0_20": 0.6}
[pair_G] {"steps": 210944, "elapsed_s": 255.0, "coordination_ring_sparse20": 0.0, "coordination_ring_potter0_20": 0.2, "centre_pots_sparse20": 0.0, "centre_pots_potter0_20": 0.6}
[pair_G] {"steps": 212992, "elapsed_s": 257.8, "coordination_ring_sparse20": 0.0, "coordination_ring_potter0_20": 0.2, "centre_pots_sparse20": 0.0, "centre_pots_potter0_20": 0.6}
[pair_G] {"steps": 215040, "elapsed_s": 260.7, "coordination_ring_sparse20": 0.0, "coordination_ring_potter0_20": 0.15, "centre_pots_sparse20": 0.0, "centre_pots_potter0_20": 0.55}
[pair_G] {"steps": 217088, "elapsed_s": 263.3, "coordination_ring_sparse20": 0.0, "coordination_ring_potter0_20": 0.2, "centre_pots_sparse20": 0.0, "centre_pots_potter0_20": 0.55}
[pair_G] {"steps": 219136, "elapsed_s": 265.8, "coordination_ring_sparse20": 0.0, "coordination_ring_potter0_20": 0.15, "centre_pots_sparse20": 0.0, "centre_pots_potter0_20": 0.65}
[pair_G] {"steps": 221184, "elapsed_s": 268.6, "coordination_ring_sparse20": 0.0, "coordination_ring_potter0_20": 0.15, "centre_pots_sparse20": 0.0, "centre_pots_potter0_20": 0.7}
[pair_G] {"steps": 223232, "elapsed_s": 271.1, "coordination_ring_sparse20": 0.0, "coordination_ring_potter0_20": 0.2, "centre_pots_sparse20": 0.0, "centre_pots_potter0_20": 0.7}
[pair_G] {"steps": 225280, "elapsed_s": 273.3, "coordination_ring_sparse20": 0.0, "coordination_ring_potter0_20": 0.2, "centre_pots_sparse20": 0.0, "centre_pots_potter0_20": 0.65}
[pair_G] {"steps": 227328, "elapsed_s": 275.9, "coordination_ring_sparse20": 0.0, "coordination_ring_potter0_20": 0.2, "centre_pots_sparse20": 0.0, "centre_pots_potter0_20": 0.7}
[pair_G] {"steps": 229376, "elapsed_s": 278.0, "coordination_ring_sparse20": 0.0, "coordination_ring_potter0_20": 0.25, "centre_pots_sparse20": 0.0, "centre_pots_potter0_20": 0.7}
[pair_G] {"steps": 231424, "elapsed_s": 280.7, "coordination_ring_sparse20": 0.0, "coordination_ring_potter0_20": 0.25, "centre_pots_sparse20": 0.0, "centre_pots_potter0_20": 0.65}
[pair_G] {"steps": 233472, "elapsed_s": 283.4, "coordination_ring_sparse20": 0.0, "coordination_ring_potter0_20": 0.3, "centre_pots_sparse20": 0.0, "centre_pots_potter0_20": 0.65}
[pair_G] {"steps": 235520, "elapsed_s": 286.0, "coordination_ring_sparse20": 0.0, "coordination_ring_potter0_20": 0.3, "centre_pots_sparse20": 0.0, "centre_pots_potter0_20": 0.55}
[pair_G] {"steps": 237568, "elapsed_s": 288.5, "coordination_ring_sparse20": 0.0, "coordination_ring_potter0_20": 0.3, "centre_pots_sparse20": 0.0, "centre_pots_potter0_20": 0.45}
[pair_G] {"steps": 239616, "elapsed_s": 290.9, "coordination_ring_sparse20": 0.0, "coordination_ring_potter0_20": 0.35, "centre_pots_sparse20": 0.0, "centre_pots_potter0_20": 0.55}
[pair_G] {"steps": 241664, "elapsed_s": 293.3, "coordination_ring_sparse20": 0.0, "coordination_ring_potter0_20": 0.3, "centre_pots_sparse20": 0.0, "centre_pots_potter0_20": 0.5}
[pair_G] {"steps": 243712, "elapsed_s": 295.7, "coordination_ring_sparse20": 0.0, "coordination_ring_potter0_20": 0.25, "centre_pots_sparse20": 0.0, "centre_pots_potter0_20": 0.6}
[pair_G] {"steps": 245760, "elapsed_s": 298.4, "coordination_ring_sparse20": 0.0, "coordination_ring_potter0_20": 0.25, "centre_pots_sparse20": 0.0, "centre_pots_potter0_20": 0.65}
[pair_G] {"steps": 247808, "elapsed_s": 300.9, "coordination_ring_sparse20": 0.0, "coordination_ring_potter0_20": 0.25, "centre_pots_sparse20": 0.0, "centre_pots_potter0_20": 0.7}
[pair_G] {"steps": 249856, "elapsed_s": 303.1, "coordination_ring_sparse20": 0.0, "coordination_ring_potter0_20": 0.25, "centre_pots_sparse20": 0.0, "centre_pots_potter0_20": 0.7}
[pair_G] {"steps": 251904, "elapsed_s": 305.6, "coordination_ring_sparse20": 0.0, "coordination_ring_potter0_20": 0.25, "centre_pots_sparse20": 0.0, "centre_pots_potter0_20": 0.7}
[pair_G] {"steps": 253952, "elapsed_s": 307.9, "coordination_ring_sparse20": 0.0, "coordination_ring_potter0_20": 0.25, "centre_pots_sparse20": 0.0, "centre_pots_potter0_20": 0.75}
[pair_G] {"steps": 256000, "elapsed_s": 310.6, "coordination_ring_sparse20": 0.0, "coordination_ring_potter0_20": 0.2, "centre_pots_sparse20": 0.0, "centre_pots_potter0_20": 0.8}
[pair_G] {"steps": 258048, "elapsed_s": 313.2, "coordination_ring_sparse20": 0.0, "coordination_ring_potter0_20": 0.2, "centre_pots_sparse20": 0.0, "centre_pots_potter0_20": 0.8}
[pair_G] {"steps": 260096, "elapsed_s": 316.4, "coordination_ring_sparse20": 0.0, "coordination_ring_potter0_20": 0.2, "centre_pots_sparse20": 0.0, "centre_pots_potter0_20": 0.75}
[pair_G] {"steps": 262144, "elapsed_s": 319.2, "coordination_ring_sparse20": 0.0, "coordination_ring_potter0_20": 0.2, "centre_pots_sparse20": 0.0, "centre_pots_potter0_20": 0.75}
[pair_G] {"steps": 264192, "elapsed_s": 321.4, "coordination_ring_sparse20": 0.0, "coordination_ring_potter0_20": 0.2, "centre_pots_sparse20": 0.0, "centre_pots_potter0_20": 0.7}
[pair_G] {"steps": 266240, "elapsed_s": 323.4, "coordination_ring_sparse20": 0.0, "coordination_ring_potter0_20": 0.2, "centre_pots_sparse20": 0.0, "centre_pots_potter0_20": 0.75}
[pair_G] {"steps": 268288, "elapsed_s": 325.9, "coordination_ring_sparse20": 0.0, "coordination_ring_potter0_20": 0.2, "centre_pots_sparse20": 0.0, "centre_pots_potter0_20": 0.7}
[pair_G] {"steps": 270336, "elapsed_s": 328.7, "coordination_ring_sparse20": 0.0, "coordination_ring_potter0_20": 0.2, "centre_pots_sparse20": 0.0, "centre_pots_potter0_20": 0.7}
[pair_G] {"steps": 272384, "elapsed_s": 331.3, "coordination_ring_sparse20": 0.0, "coordination_ring_potter0_20": 0.1, "centre_pots_sparse20": 0.0, "centre_pots_potter0_20": 0.7}
[pair_G] {"steps": 274432, "elapsed_s": 333.6, "coordination_ring_sparse20": 0.0, "coordination_ring_potter0_20": 0.15, "centre_pots_sparse20": 0.0, "centre_pots_potter0_20": 0.75}
[pair_G] {"steps": 276480, "elapsed_s": 335.9, "coordination_ring_sparse20": 0.0, "coordination_ring_potter0_20": 0.25, "centre_pots_sparse20": 0.0, "centre_pots_potter0_20": 0.7}
[pair_G] {"steps": 278528, "elapsed_s": 338.3, "coordination_ring_sparse20": 0.0, "coordination_ring_potter0_20": 0.25, "centre_pots_sparse20": 0.0, "centre_pots_potter0_20": 0.7}
[pair_G] {"steps": 280576, "elapsed_s": 340.8, "coordination_ring_sparse20": 0.0, "coordination_ring_potter0_20": 0.25, "centre_pots_sparse20": 0.0, "centre_pots_potter0_20": 0.75}
[pair_G] {"steps": 282624, "elapsed_s": 343.2, "coordination_ring_sparse20": 0.0, "coordination_ring_potter0_20": 0.25, "centre_pots_sparse20": 0.0, "centre_pots_potter0_20": 0.75}
[pair_G] {"steps": 284672, "elapsed_s": 345.5, "coordination_ring_sparse20": 0.0, "coordination_ring_potter0_20": 0.3, "centre_pots_sparse20": 0.0, "centre_pots_potter0_20": 0.8}
[pair_G] {"steps": 286720, "elapsed_s": 347.8, "coordination_ring_sparse20": 0.0, "coordination_ring_potter0_20": 0.25, "centre_pots_sparse20": 0.0, "centre_pots_potter0_20": 0.8}
[pair_G] {"steps": 288768, "elapsed_s": 349.9, "coordination_ring_sparse20": 0.0, "coordination_ring_potter0_20": 0.25, "centre_pots_sparse20": 0.0, "centre_pots_potter0_20": 0.75}
[pair_G] {"steps": 290816, "elapsed_s": 353.1, "coordination_ring_sparse20": 0.0, "coordination_ring_potter0_20": 0.2, "centre_pots_sparse20": 0.0, "centre_pots_potter0_20": 0.65}
[pair_G] {"steps": 292864, "elapsed_s": 355.0, "coordination_ring_sparse20": 0.0, "coordination_ring_potter0_20": 0.25, "centre_pots_sparse20": 0.0, "centre_pots_potter0_20": 0.7}
[pair_G] {"steps": 294912, "elapsed_s": 357.1, "coordination_ring_sparse20": 0.0, "coordination_ring_potter0_20": 0.3, "centre_pots_sparse20": 0.0, "centre_pots_potter0_20": 0.7}
[pair_G] {"steps": 296960, "elapsed_s": 359.7, "coordination_ring_sparse20": 0.0, "coordination_ring_potter0_20": 0.25, "centre_pots_sparse20": 0.0, "centre_pots_potter0_20": 0.65}
[pair_G] {"steps": 299008, "elapsed_s": 362.2, "coordination_ring_sparse20": 0.0, "coordination_ring_potter0_20": 0.25, "centre_pots_sparse20": 0.0, "centre_pots_potter0_20": 0.55}
[pair_G] {"steps": 301056, "elapsed_s": 364.6, "coordination_ring_sparse20": 0.0, "coordination_ring_potter0_20": 0.3, "centre_pots_sparse20": 0.0, "centre_pots_potter0_20": 0.55}
[pair_G] {"steps": 303104, "elapsed_s": 366.9, "coordination_ring_sparse20": 0.0, "coordination_ring_potter0_20": 0.3, "centre_pots_sparse20": 0.0, "centre_pots_potter0_20": 0.55}
[pair_G] {"steps": 305152, "elapsed_s": 369.6, "coordination_ring_sparse20": 0.0, "coordination_ring_potter0_20": 0.25, "centre_pots_sparse20": 0.0, "centre_pots_potter0_20": 0.55}
[pair_G] {"steps": 307200, "elapsed_s": 372.3, "coordination_ring_sparse20": 0.0, "coordination_ring_potter0_20": 0.2, "centre_pots_sparse20": 0.0, "centre_pots_potter0_20": 0.6}
[pair_G] {"steps": 309248, "elapsed_s": 375.1, "coordination_ring_sparse20": 0.0, "coordination_ring_potter0_20": 0.2, "centre_pots_sparse20": 0.0, "centre_pots_potter0_20": 0.55}
[pair_G] {"steps": 311296, "elapsed_s": 377.8, "coordination_ring_sparse20": 0.0, "coordination_ring_potter0_20": 0.2, "centre_pots_sparse20": 0.0, "centre_pots_potter0_20": 0.55}
[pair_G] {"steps": 313344, "elapsed_s": 380.2, "coordination_ring_sparse20": 0.0, "coordination_ring_potter0_20": 0.15, "centre_pots_sparse20": 0.0, "centre_pots_potter0_20": 0.55}
[pair_G] {"steps": 315392, "elapsed_s": 382.6, "coordination_ring_sparse20": 0.0, "coordination_ring_potter0_20": 0.15, "centre_pots_sparse20": 0.0, "centre_pots_potter0_20": 0.55}
[pair_G] {"steps": 317440, "elapsed_s": 385.0, "coordination_ring_sparse20": 0.0, "coordination_ring_potter0_20": 0.15, "centre_pots_sparse20": 0.0, "centre_pots_potter0_20": 0.5}
[pair_G] {"steps": 319488, "elapsed_s": 387.2, "coordination_ring_sparse20": 0.0, "coordination_ring_potter0_20": 0.15, "centre_pots_sparse20": 0.0, "centre_pots_potter0_20": 0.5}
[pair_G] {"steps": 321536, "elapsed_s": 390.2, "coordination_ring_sparse20": 0.0, "coordination_ring_potter0_20": 0.15, "centre_pots_sparse20": 0.0, "centre_pots_potter0_20": 0.45}
[pair_G] {"steps": 323584, "elapsed_s": 393.0, "coordination_ring_sparse20": 0.0, "coordination_ring_potter0_20": 0.2, "centre_pots_sparse20": 0.0, "centre_pots_potter0_20": 0.45}
[pair_G] {"steps": 325632, "elapsed_s": 395.9, "coordination_ring_sparse20": 0.0, "coordination_ring_potter0_20": 0.2, "centre_pots_sparse20": 0.0, "centre_pots_potter0_20": 0.5}
[pair_G] {"steps": 327680, "elapsed_s": 398.1, "coordination_ring_sparse20": 0.0, "coordination_ring_potter0_20": 0.2, "centre_pots_sparse20": 0.0, "centre_pots_potter0_20": 0.5}
[pair_G] {"steps": 329728, "elapsed_s": 400.5, "coordination_ring_sparse20": 0.0, "coordination_ring_potter0_20": 0.15, "centre_pots_sparse20": 0.0, "centre_pots_potter0_20": 0.5}
[pair_G] {"steps": 331776, "elapsed_s": 402.8, "coordination_ring_sparse20": 0.0, "coordination_ring_potter0_20": 0.15, "centre_pots_sparse20": 0.0, "centre_pots_potter0_20": 0.4}
[pair_G] {"steps": 333824, "elapsed_s": 405.0, "coordination_ring_sparse20": 0.0, "coordination_ring_potter0_20": 0.05, "centre_pots_sparse20": 0.0, "centre_pots_potter0_20": 0.35}
[pair_G] {"steps": 335872, "elapsed_s": 407.7, "coordination_ring_sparse20": 0.0, "coordination_ring_potter0_20": 0.05, "centre_pots_sparse20": 0.0, "centre_pots_potter0_20": 0.35}
[pair_G] {"steps": 337920, "elapsed_s": 410.4, "coordination_ring_sparse20": 0.0, "coordination_ring_potter0_20": 0.0, "centre_pots_sparse20": 0.0, "centre_pots_potter0_20": 0.3}
[pair_G] {"steps": 339968, "elapsed_s": 412.9, "coordination_ring_sparse20": 0.0, "coordination_ring_potter0_20": 0.05, "centre_pots_sparse20": 0.0, "centre_pots_potter0_20": 0.4}
[pair_G] {"steps": 342016, "elapsed_s": 415.1, "coordination_ring_sparse20": 0.0, "coordination_ring_potter0_20": 0.05, "centre_pots_sparse20": 0.0, "centre_pots_potter0_20": 0.3}
[pair_G] {"steps": 344064, "elapsed_s": 417.4, "coordination_ring_sparse20": 0.0, "coordination_ring_potter0_20": 0.15, "centre_pots_sparse20": 0.0, "centre_pots_potter0_20": 0.35}
[pair_G] {"steps": 346112, "elapsed_s": 419.9, "coordination_ring_sparse20": 0.0, "coordination_ring_potter0_20": 0.2, "centre_pots_sparse20": 0.0, "centre_pots_potter0_20": 0.4}
[pair_G] {"steps": 348160, "elapsed_s": 422.7, "coordination_ring_sparse20": 0.0, "coordination_ring_potter0_20": 0.25, "centre_pots_sparse20": 0.0, "centre_pots_potter0_20": 0.45}
[pair_G] {"steps": 350208, "elapsed_s": 425.1, "coordination_ring_sparse20": 0.0, "coordination_ring_potter0_20": 0.3, "centre_pots_sparse20": 0.0, "centre_pots_potter0_20": 0.35}
[pair_G] {"steps": 352256, "elapsed_s": 427.7, "coordination_ring_sparse20": 0.0, "coordination_ring_potter0_20": 0.3, "centre_pots_sparse20": 0.0, "centre_pots_potter0_20": 0.5}
[pair_G] {"steps": 354304, "elapsed_s": 430.5, "coordination_ring_sparse20": 0.0, "coordination_ring_potter0_20": 0.3, "centre_pots_sparse20": 0.0, "centre_pots_potter0_20": 0.45}
[pair_G] {"steps": 356352, "elapsed_s": 433.2, "coordination_ring_sparse20": 0.0, "coordination_ring_potter0_20": 0.3, "centre_pots_sparse20": 0.0, "centre_pots_potter0_20": 0.55}
[pair_G] {"steps": 358400, "elapsed_s": 436.2, "coordination_ring_sparse20": 0.0, "coordination_ring_potter0_20": 0.3, "centre_pots_sparse20": 0.0, "centre_pots_potter0_20": 0.45}
[pair_G] {"steps": 360448, "elapsed_s": 438.5, "coordination_ring_sparse20": 0.0, "coordination_ring_potter0_20": 0.3, "centre_pots_sparse20": 0.0, "centre_pots_potter0_20": 0.55}
[pair_G] {"steps": 362496, "elapsed_s": 440.7, "coordination_ring_sparse20": 0.0, "coordination_ring_potter0_20": 0.3, "centre_pots_sparse20": 0.0, "centre_pots_potter0_20": 0.55}
[pair_G] {"steps": 364544, "elapsed_s": 443.3, "coordination_ring_sparse20": 0.0, "coordination_ring_potter0_20": 0.2, "centre_pots_sparse20": 0.0, "centre_pots_potter0_20": 0.55}
[pair_G] {"steps": 366592, "elapsed_s": 445.6, "coordination_ring_sparse20": 0.0, "coordination_ring_potter0_20": 0.2, "centre_pots_sparse20": 0.0, "centre_pots_potter0_20": 0.55}
[pair_G] {"steps": 368640, "elapsed_s": 448.8, "coordination_ring_sparse20": 0.0, "coordination_ring_potter0_20": 0.15, "centre_pots_sparse20": 0.0, "centre_pots_potter0_20": 0.55}
[pair_G] {"steps": 370688, "elapsed_s": 451.4, "coordination_ring_sparse20": 0.0, "coordination_ring_potter0_20": 0.15, "centre_pots_sparse20": 0.0, "centre_pots_potter0_20": 0.45}
[pair_G] {"steps": 372736, "elapsed_s": 453.7, "coordination_ring_sparse20": 0.0, "coordination_ring_potter0_20": 0.2, "centre_pots_sparse20": 0.0, "centre_pots_potter0_20": 0.35}
[pair_G] {"steps": 374784, "elapsed_s": 456.6, "coordination_ring_sparse20": 0.0, "coordination_ring_potter0_20": 0.2, "centre_pots_sparse20": 0.0, "centre_pots_potter0_20": 0.35}
[pair_G] {"steps": 376832, "elapsed_s": 458.9, "coordination_ring_sparse20": 0.0, "coordination_ring_potter0_20": 0.2, "centre_pots_sparse20": 0.0, "centre_pots_potter0_20": 0.35}
[pair_G] {"steps": 378880, "elapsed_s": 461.8, "coordination_ring_sparse20": 0.0, "coordination_ring_potter0_20": 0.2, "centre_pots_sparse20": 0.0, "centre_pots_potter0_20": 0.25}
[pair_G] {"steps": 380928, "elapsed_s": 464.4, "coordination_ring_sparse20": 0.0, "coordination_ring_potter0_20": 0.2, "centre_pots_sparse20": 0.0, "centre_pots_potter0_20": 0.25}
[pair_G] {"steps": 382976, "elapsed_s": 466.9, "coordination_ring_sparse20": 0.0, "coordination_ring_potter0_20": 0.25, "centre_pots_sparse20": 0.0, "centre_pots_potter0_20": 0.2}
[pair_G] {"steps": 385024, "elapsed_s": 469.2, "coordination_ring_sparse20": 0.0, "coordination_ring_potter0_20": 0.2, "centre_pots_sparse20": 0.0, "centre_pots_potter0_20": 0.3}
[pair_G] {"steps": 387072, "elapsed_s": 471.4, "coordination_ring_sparse20": 0.0, "coordination_ring_potter0_20": 0.15, "centre_pots_sparse20": 0.0, "centre_pots_potter0_20": 0.3}
[pair_G] {"steps": 389120, "elapsed_s": 474.6, "coordination_ring_sparse20": 0.0, "coordination_ring_potter0_20": 0.15, "centre_pots_sparse20": 0.0, "centre_pots_potter0_20": 0.35}
[pair_G] {"steps": 391168, "elapsed_s": 477.4, "coordination_ring_sparse20": 0.0, "coordination_ring_potter0_20": 0.15, "centre_pots_sparse20": 0.0, "centre_pots_potter0_20": 0.3}
[pair_G] {"steps": 393216, "elapsed_s": 480.5, "coordination_ring_sparse20": 0.0, "coordination_ring_potter0_20": 0.15, "centre_pots_sparse20": 0.0, "centre_pots_potter0_20": 0.3}
[pair_G] {"steps": 395264, "elapsed_s": 483.2, "coordination_ring_sparse20": 0.0, "coordination_ring_potter0_20": 0.15, "centre_pots_sparse20": 0.0, "centre_pots_potter0_20": 0.3}
[pair_G] {"steps": 397312, "elapsed_s": 485.9, "coordination_ring_sparse20": 0.0, "coordination_ring_potter0_20": 0.25, "centre_pots_sparse20": 0.0, "centre_pots_potter0_20": 0.3}
[pair_G] {"steps": 399360, "elapsed_s": 488.5, "coordination_ring_sparse20": 0.0, "coordination_ring_potter0_20": 0.2, "centre_pots_sparse20": 0.0, "centre_pots_potter0_20": 0.25}
[pair_G] {"steps": 401408, "elapsed_s": 490.5, "coordination_ring_sparse20": 0.0, "coordination_ring_potter0_20": 0.3, "centre_pots_sparse20": 0.0, "centre_pots_potter0_20": 0.25}
[pair_G] {"steps": 403456, "elapsed_s": 493.2, "coordination_ring_sparse20": 0.0, "coordination_ring_potter0_20": 0.35, "centre_pots_sparse20": 0.0, "centre_pots_potter0_20": 0.25}
[pair_G] {"steps": 405504, "elapsed_s": 495.5, "coordination_ring_sparse20": 0.0, "coordination_ring_potter0_20": 0.3, "centre_pots_sparse20": 0.0, "centre_pots_potter0_20": 0.3}
[pair_G] {"steps": 407552, "elapsed_s": 497.6, "coordination_ring_sparse20": 0.0, "coordination_ring_potter0_20": 0.25, "centre_pots_sparse20": 0.0, "centre_pots_potter0_20": 0.3}
[pair_G] {"steps": 409600, "elapsed_s": 500.9, "coordination_ring_sparse20": 0.0, "coordination_ring_potter0_20": 0.3, "centre_pots_sparse20": 0.0, "centre_pots_potter0_20": 0.25}
[pair_G] {"steps": 411648, "elapsed_s": 503.7, "coordination_ring_sparse20": 0.0, "coordination_ring_potter0_20": 0.2, "centre_pots_sparse20": 0.0, "centre_pots_potter0_20": 0.3}
[pair_G] {"steps": 413696, "elapsed_s": 506.0, "coordination_ring_sparse20": 0.0, "coordination_ring_potter0_20": 0.25, "centre_pots_sparse20": 0.0, "centre_pots_potter0_20": 0.25}
[pair_G] {"steps": 415744, "elapsed_s": 508.5, "coordination_ring_sparse20": 0.0, "coordination_ring_potter0_20": 0.25, "centre_pots_sparse20": 0.0, "centre_pots_potter0_20": 0.3}
[pair_G] {"steps": 417792, "elapsed_s": 510.9, "coordination_ring_sparse20": 0.0, "coordination_ring_potter0_20": 0.25, "centre_pots_sparse20": 0.0, "centre_pots_potter0_20": 0.25}
[pair_G] {"steps": 419840, "elapsed_s": 513.0, "coordination_ring_sparse20": 0.0, "coordination_ring_potter0_20": 0.3, "centre_pots_sparse20": 0.0, "centre_pots_potter0_20": 0.25}
[pair_G] {"steps": 421888, "elapsed_s": 515.6, "coordination_ring_sparse20": 0.0, "coordination_ring_potter0_20": 0.3, "centre_pots_sparse20": 0.0, "centre_pots_potter0_20": 0.3}
[pair_G] {"steps": 423936, "elapsed_s": 517.8, "coordination_ring_sparse20": 0.0, "coordination_ring_potter0_20": 0.35, "centre_pots_sparse20": 0.0, "centre_pots_potter0_20": 0.25}
[pair_G] {"steps": 425984, "elapsed_s": 520.3, "coordination_ring_sparse20": 0.0, "coordination_ring_potter0_20": 0.35, "centre_pots_sparse20": 0.0, "centre_pots_potter0_20": 0.3}
[pair_G] {"steps": 428032, "elapsed_s": 523.2, "coordination_ring_sparse20": 0.0, "coordination_ring_potter0_20": 0.3, "centre_pots_sparse20": 0.0, "centre_pots_potter0_20": 0.25}
[pair_G] {"steps": 430080, "elapsed_s": 525.6, "coordination_ring_sparse20": 0.0, "coordination_ring_potter0_20": 0.25, "centre_pots_sparse20": 0.0, "centre_pots_potter0_20": 0.3}
[pair_G] {"steps": 432128, "elapsed_s": 528.2, "coordination_ring_sparse20": 0.0, "coordination_ring_potter0_20": 0.2, "centre_pots_sparse20": 0.0, "centre_pots_potter0_20": 0.35}
[pair_G] {"steps": 434176, "elapsed_s": 530.6, "coordination_ring_sparse20": 0.0, "coordination_ring_potter0_20": 0.15, "centre_pots_sparse20": 0.0, "centre_pots_potter0_20": 0.35}
[pair_G] {"steps": 436224, "elapsed_s": 533.5, "coordination_ring_sparse20": 0.0, "coordination_ring_potter0_20": 0.15, "centre_pots_sparse20": 0.0, "centre_pots_potter0_20": 0.25}
[pair_G] {"steps": 438272, "elapsed_s": 536.2, "coordination_ring_sparse20": 0.0, "coordination_ring_potter0_20": 0.15, "centre_pots_sparse20": 0.0, "centre_pots_potter0_20": 0.3}
[pair_G] {"steps": 440320, "elapsed_s": 539.0, "coordination_ring_sparse20": 0.0, "coordination_ring_potter0_20": 0.15, "centre_pots_sparse20": 0.0, "centre_pots_potter0_20": 0.3}
[pair_G] {"steps": 442368, "elapsed_s": 541.3, "coordination_ring_sparse20": 0.0, "coordination_ring_potter0_20": 0.1, "centre_pots_sparse20": 0.0, "centre_pots_potter0_20": 0.25}
[pair_G] {"steps": 444416, "elapsed_s": 543.5, "coordination_ring_sparse20": 0.0, "coordination_ring_potter0_20": 0.05, "centre_pots_sparse20": 0.0, "centre_pots_potter0_20": 0.25}
[pair_G] {"steps": 446464, "elapsed_s": 546.1, "coordination_ring_sparse20": 0.0, "coordination_ring_potter0_20": 0.05, "centre_pots_sparse20": 0.0, "centre_pots_potter0_20": 0.2}
[pair_G] {"steps": 448512, "elapsed_s": 548.4, "coordination_ring_sparse20": 0.0, "coordination_ring_potter0_20": 0.05, "centre_pots_sparse20": 0.0, "centre_pots_potter0_20": 0.1}
[pair_G] {"steps": 450560, "elapsed_s": 551.1, "coordination_ring_sparse20": 0.0, "coordination_ring_potter0_20": 0.05, "centre_pots_sparse20": 0.0, "centre_pots_potter0_20": 0.2}
[pair_G] {"steps": 452608, "elapsed_s": 553.5, "coordination_ring_sparse20": 0.0, "coordination_ring_potter0_20": 0.0, "centre_pots_sparse20": 0.0, "centre_pots_potter0_20": 0.25}
[pair_G] {"steps": 454656, "elapsed_s": 555.9, "coordination_ring_sparse20": 0.0, "coordination_ring_potter0_20": 0.0, "centre_pots_sparse20": 0.0, "centre_pots_potter0_20": 0.3}
[pair_G] {"steps": 456704, "elapsed_s": 558.6, "coordination_ring_sparse20": 0.0, "coordination_ring_potter0_20": 0.0, "centre_pots_sparse20": 0.0, "centre_pots_potter0_20": 0.25}
[pair_G] {"steps": 458752, "elapsed_s": 560.9, "coordination_ring_sparse20": 0.0, "coordination_ring_potter0_20": 0.05, "centre_pots_sparse20": 0.0, "centre_pots_potter0_20": 0.25}
[pair_G] {"steps": 460800, "elapsed_s": 563.4, "coordination_ring_sparse20": 0.0, "coordination_ring_potter0_20": 0.05, "centre_pots_sparse20": 0.0, "centre_pots_potter0_20": 0.25}
[pair_G] {"steps": 462848, "elapsed_s": 565.8, "coordination_ring_sparse20": 0.0, "coordination_ring_potter0_20": 0.05, "centre_pots_sparse20": 0.0, "centre_pots_potter0_20": 0.25}
[pair_G] {"steps": 464896, "elapsed_s": 568.5, "coordination_ring_sparse20": 0.0, "coordination_ring_potter0_20": 0.05, "centre_pots_sparse20": 0.0, "centre_pots_potter0_20": 0.35}
[pair_G] {"steps": 466944, "elapsed_s": 571.3, "coordination_ring_sparse20": 0.0, "coordination_ring_potter0_20": 0.05, "centre_pots_sparse20": 0.0, "centre_pots_potter0_20": 0.35}
[pair_G] {"steps": 468992, "elapsed_s": 572.9, "coordination_ring_sparse20": 0.0, "coordination_ring_potter0_20": 0.15, "centre_pots_sparse20": 0.0, "centre_pots_potter0_20": 0.35}
[pair_G] {"steps": 471040, "elapsed_s": 575.0, "coordination_ring_sparse20": 0.0, "coordination_ring_potter0_20": 0.1, "centre_pots_sparse20": 0.0, "centre_pots_potter0_20": 0.3}
[pair_G] {"steps": 473088, "elapsed_s": 577.0, "coordination_ring_sparse20": 0.0, "coordination_ring_potter0_20": 0.15, "centre_pots_sparse20": 0.0, "centre_pots_potter0_20": 0.3}
[pair_G] {"steps": 475136, "elapsed_s": 579.2, "coordination_ring_sparse20": 0.0, "coordination_ring_potter0_20": 0.15, "centre_pots_sparse20": 0.0, "centre_pots_potter0_20": 0.3}
[pair_G] {"steps": 477184, "elapsed_s": 581.2, "coordination_ring_sparse20": 0.0, "coordination_ring_potter0_20": 0.15, "centre_pots_sparse20": 0.0, "centre_pots_potter0_20": 0.3}
[pair_G] {"steps": 479232, "elapsed_s": 583.9, "coordination_ring_sparse20": 0.0, "coordination_ring_potter0_20": 0.2, "centre_pots_sparse20": 0.0, "centre_pots_potter0_20": 0.35}
[pair_G] {"steps": 481280, "elapsed_s": 586.0, "coordination_ring_sparse20": 0.0, "coordination_ring_potter0_20": 0.2, "centre_pots_sparse20": 0.0, "centre_pots_potter0_20": 0.4}
[pair_G] {"steps": 483328, "elapsed_s": 587.9, "coordination_ring_sparse20": 0.0, "coordination_ring_potter0_20": 0.1, "centre_pots_sparse20": 0.0, "centre_pots_potter0_20": 0.35}
[pair_G] {"steps": 485376, "elapsed_s": 590.3, "coordination_ring_sparse20": 0.0, "coordination_ring_potter0_20": 0.1, "centre_pots_sparse20": 0.0, "centre_pots_potter0_20": 0.2}
[pair_G] {"steps": 487424, "elapsed_s": 593.1, "coordination_ring_sparse20": 0.0, "coordination_ring_potter0_20": 0.1, "centre_pots_sparse20": 0.0, "centre_pots_potter0_20": 0.3}
[pair_G] {"steps": 489472, "elapsed_s": 595.7, "coordination_ring_sparse20": 0.0, "coordination_ring_potter0_20": 0.15, "centre_pots_sparse20": 0.0, "centre_pots_potter0_20": 0.25}
[pair_G] {"steps": 491520, "elapsed_s": 598.1, "coordination_ring_sparse20": 0.0, "coordination_ring_potter0_20": 0.15, "centre_pots_sparse20": 0.0, "centre_pots_potter0_20": 0.3}
[pair_G] {"steps": 493568, "elapsed_s": 600.7, "coordination_ring_sparse20": 0.0, "coordination_ring_potter0_20": 0.2, "centre_pots_sparse20": 0.0, "centre_pots_potter0_20": 0.3}
[pair_G] {"steps": 495616, "elapsed_s": 603.6, "coordination_ring_sparse20": 0.0, "coordination_ring_potter0_20": 0.2, "centre_pots_sparse20": 0.0, "centre_pots_potter0_20": 0.25}
[pair_G] {"steps": 497664, "elapsed_s": 606.2, "coordination_ring_sparse20": 0.0, "coordination_ring_potter0_20": 0.2, "centre_pots_sparse20": 0.0, "centre_pots_potter0_20": 0.25}
[pair_G] {"steps": 499712, "elapsed_s": 609.0, "coordination_ring_sparse20": 0.0, "coordination_ring_potter0_20": 0.2, "centre_pots_sparse20": 0.0, "centre_pots_potter0_20": 0.25}
[pair_G] {"steps": 501760, "elapsed_s": 612.4, "coordination_ring_sparse20": 0.0, "coordination_ring_potter0_20": 0.15, "centre_pots_sparse20": 0.0, "centre_pots_potter0_20": 0.3}
[pair_G] {"steps": 503808, "elapsed_s": 615.8, "coordination_ring_sparse20": 0.0, "coordination_ring_potter0_20": 0.15, "centre_pots_sparse20": 0.0, "centre_pots_potter0_20": 0.25}
[pair_G] {"steps": 505856, "elapsed_s": 618.8, "coordination_ring_sparse20": 0.0, "coordination_ring_potter0_20": 0.15, "centre_pots_sparse20": 0.0, "centre_pots_potter0_20": 0.25}
[pair_G] {"steps": 507904, "elapsed_s": 621.7, "coordination_ring_sparse20": 0.0, "coordination_ring_potter0_20": 0.15, "centre_pots_sparse20": 0.0, "centre_pots_potter0_20": 0.25}
[pair_G] {"steps": 509952, "elapsed_s": 624.4, "coordination_ring_sparse20": 0.0, "coordination_ring_potter0_20": 0.1, "centre_pots_sparse20": 0.0, "centre_pots_potter0_20": 0.2}
[pair_G] {"steps": 512000, "elapsed_s": 627.0, "coordination_ring_sparse20": 0.0, "coordination_ring_potter0_20": 0.0, "centre_pots_sparse20": 0.0, "centre_pots_potter0_20": 0.2}
[pair_G] {"steps": 514048, "elapsed_s": 630.0, "coordination_ring_sparse20": 0.0, "coordination_ring_potter0_20": 0.0, "centre_pots_sparse20": 0.0, "centre_pots_potter0_20": 0.25}
[pair_G] {"steps": 516096, "elapsed_s": 632.4, "coordination_ring_sparse20": 0.0, "coordination_ring_potter0_20": 0.0, "centre_pots_sparse20": 0.0, "centre_pots_potter0_20": 0.3}
[pair_G] {"steps": 518144, "elapsed_s": 635.3, "coordination_ring_sparse20": 0.0, "coordination_ring_potter0_20": 0.0, "centre_pots_sparse20": 0.0, "centre_pots_potter0_20": 0.35}
[pair_G] {"steps": 520192, "elapsed_s": 638.1, "coordination_ring_sparse20": 0.0, "coordination_ring_potter0_20": 0.0, "centre_pots_sparse20": 0.0, "centre_pots_potter0_20": 0.4}
[pair_G] {"steps": 522240, "elapsed_s": 641.1, "coordination_ring_sparse20": 0.0, "coordination_ring_potter0_20": 0.05, "centre_pots_sparse20": 0.0, "centre_pots_potter0_20": 0.4}
[pair_G] {"steps": 524288, "elapsed_s": 644.3, "coordination_ring_sparse20": 0.0, "coordination_ring_potter0_20": 0.1, "centre_pots_sparse20": 0.0, "centre_pots_potter0_20": 0.55}
[pair_G] {"steps": 526336, "elapsed_s": 647.2, "coordination_ring_sparse20": 0.0, "coordination_ring_potter0_20": 0.1, "centre_pots_sparse20": 0.0, "centre_pots_potter0_20": 0.6}
[pair_G] {"steps": 528384, "elapsed_s": 650.3, "coordination_ring_sparse20": 0.0, "coordination_ring_potter0_20": 0.15, "centre_pots_sparse20": 0.0, "centre_pots_potter0_20": 0.5}
[pair_G] {"steps": 530432, "elapsed_s": 652.8, "coordination_ring_sparse20": 0.0, "coordination_ring_potter0_20": 0.2, "centre_pots_sparse20": 0.0, "centre_pots_potter0_20": 0.45}
[pair_G] {"steps": 532480, "elapsed_s": 655.9, "coordination_ring_sparse20": 0.0, "coordination_ring_potter0_20": 0.25, "centre_pots_sparse20": 0.0, "centre_pots_potter0_20": 0.35}
[pair_G] {"steps": 534528, "elapsed_s": 658.8, "coordination_ring_sparse20": 0.0, "coordination_ring_potter0_20": 0.25, "centre_pots_sparse20": 0.0, "centre_pots_potter0_20": 0.3}
[pair_G] {"steps": 536576, "elapsed_s": 661.9, "coordination_ring_sparse20": 0.0, "coordination_ring_potter0_20": 0.25, "centre_pots_sparse20": 0.0, "centre_pots_potter0_20": 0.25}
[pair_G] {"steps": 538624, "elapsed_s": 664.9, "coordination_ring_sparse20": 0.0, "coordination_ring_potter0_20": 0.25, "centre_pots_sparse20": 0.0, "centre_pots_potter0_20": 0.1}
[pair_G] {"steps": 540672, "elapsed_s": 667.5, "coordination_ring_sparse20": 0.0, "coordination_ring_potter0_20": 0.3, "centre_pots_sparse20": 0.0, "centre_pots_potter0_20": 0.1}
[pair_G] {"steps": 542720, "elapsed_s": 670.1, "coordination_ring_sparse20": 0.0, "coordination_ring_potter0_20": 0.25, "centre_pots_sparse20": 0.0, "centre_pots_potter0_20": 0.15}
[pair_G] {"steps": 544768, "elapsed_s": 672.6, "coordination_ring_sparse20": 0.0, "coordination_ring_potter0_20": 0.25, "centre_pots_sparse20": 0.0, "centre_pots_potter0_20": 0.2}
[pair_G] {"steps": 546816, "elapsed_s": 675.1, "coordination_ring_sparse20": 0.0, "coordination_ring_potter0_20": 0.25, "centre_pots_sparse20": 0.0, "centre_pots_potter0_20": 0.25}
[pair_G] {"steps": 548864, "elapsed_s": 677.8, "coordination_ring_sparse20": 0.0, "coordination_ring_potter0_20": 0.15, "centre_pots_sparse20": 0.0, "centre_pots_potter0_20": 0.25}
[pair_G] {"steps": 550912, "elapsed_s": 680.8, "coordination_ring_sparse20": 0.0, "coordination_ring_potter0_20": 0.2, "centre_pots_sparse20": 0.0, "centre_pots_potter0_20": 0.2}
[pair_G] {"steps": 552960, "elapsed_s": 683.4, "coordination_ring_sparse20": 0.0, "coordination_ring_potter0_20": 0.25, "centre_pots_sparse20": 0.0, "centre_pots_potter0_20": 0.25}
[pair_G] {"steps": 555008, "elapsed_s": 685.9, "coordination_ring_sparse20": 0.0, "coordination_ring_potter0_20": 0.3, "centre_pots_sparse20": 0.0, "centre_pots_potter0_20": 0.25}
[pair_G] {"steps": 557056, "elapsed_s": 688.9, "coordination_ring_sparse20": 0.0, "coordination_ring_potter0_20": 0.2, "centre_pots_sparse20": 0.0, "centre_pots_potter0_20": 0.25}
[pair_G] {"steps": 559104, "elapsed_s": 691.8, "coordination_ring_sparse20": 0.0, "coordination_ring_potter0_20": 0.25, "centre_pots_sparse20": 0.0, "centre_pots_potter0_20": 0.25}
[pair_G] {"steps": 561152, "elapsed_s": 694.4, "coordination_ring_sparse20": 0.0, "coordination_ring_potter0_20": 0.2, "centre_pots_sparse20": 0.0, "centre_pots_potter0_20": 0.2}
[pair_G] {"steps": 563200, "elapsed_s": 697.1, "coordination_ring_sparse20": 0.0, "coordination_ring_potter0_20": 0.35, "centre_pots_sparse20": 0.0, "centre_pots_potter0_20": 0.15}
[pair_G] {"steps": 565248, "elapsed_s": 699.3, "coordination_ring_sparse20": 0.0, "coordination_ring_potter0_20": 0.4, "centre_pots_sparse20": 0.0, "centre_pots_potter0_20": 0.1}
[pair_G] {"steps": 567296, "elapsed_s": 702.1, "coordination_ring_sparse20": 0.0, "coordination_ring_potter0_20": 0.4, "centre_pots_sparse20": 0.0, "centre_pots_potter0_20": 0.15}
[pair_G] {"steps": 569344, "elapsed_s": 704.3, "coordination_ring_sparse20": 0.0, "coordination_ring_potter0_20": 0.4, "centre_pots_sparse20": 0.0, "centre_pots_potter0_20": 0.2}
[pair_G] {"steps": 571392, "elapsed_s": 706.9, "coordination_ring_sparse20": 0.0, "coordination_ring_potter0_20": 0.4, "centre_pots_sparse20": 0.0, "centre_pots_potter0_20": 0.25}
[pair_G] {"steps": 573440, "elapsed_s": 709.6, "coordination_ring_sparse20": 0.0, "coordination_ring_potter0_20": 0.4, "centre_pots_sparse20": 0.0, "centre_pots_potter0_20": 0.25}
[pair_G] {"steps": 575488, "elapsed_s": 712.3, "coordination_ring_sparse20": 0.0, "coordination_ring_potter0_20": 0.4, "centre_pots_sparse20": 0.0, "centre_pots_potter0_20": 0.2}
[pair_G] {"steps": 577536, "elapsed_s": 714.8, "coordination_ring_sparse20": 0.0, "coordination_ring_potter0_20": 0.3, "centre_pots_sparse20": 0.0, "centre_pots_potter0_20": 0.2}
[pair_G] {"steps": 579584, "elapsed_s": 717.4, "coordination_ring_sparse20": 0.0, "coordination_ring_potter0_20": 0.3, "centre_pots_sparse20": 0.0, "centre_pots_potter0_20": 0.25}
[pair_G] {"steps": 581632, "elapsed_s": 719.8, "coordination_ring_sparse20": 0.0, "coordination_ring_potter0_20": 0.2, "centre_pots_sparse20": 0.0, "centre_pots_potter0_20": 0.3}
[pair_G] {"steps": 583680, "elapsed_s": 722.4, "coordination_ring_sparse20": 0.0, "coordination_ring_potter0_20": 0.25, "centre_pots_sparse20": 0.0, "centre_pots_potter0_20": 0.25}
[pair_G] {"steps": 585728, "elapsed_s": 724.5, "coordination_ring_sparse20": 0.0, "coordination_ring_potter0_20": 0.25, "centre_pots_sparse20": 0.0, "centre_pots_potter0_20": 0.25}
[pair_G] {"steps": 587776, "elapsed_s": 727.1, "coordination_ring_sparse20": 0.0, "coordination_ring_potter0_20": 0.25, "centre_pots_sparse20": 0.0, "centre_pots_potter0_20": 0.2}
[pair_G] {"steps": 589824, "elapsed_s": 729.9, "coordination_ring_sparse20": 0.0, "coordination_ring_potter0_20": 0.25, "centre_pots_sparse20": 0.0, "centre_pots_potter0_20": 0.15}
[pair_G] {"steps": 591872, "elapsed_s": 732.4, "coordination_ring_sparse20": 0.0, "coordination_ring_potter0_20": 0.3, "centre_pots_sparse20": 0.0, "centre_pots_potter0_20": 0.2}
[pair_G] {"steps": 593920, "elapsed_s": 734.6, "coordination_ring_sparse20": 0.0, "coordination_ring_potter0_20": 0.3, "centre_pots_sparse20": 0.0, "centre_pots_potter0_20": 0.25}
[pair_G] {"steps": 595968, "elapsed_s": 737.5, "coordination_ring_sparse20": 0.0, "coordination_ring_potter0_20": 0.25, "centre_pots_sparse20": 0.0, "centre_pots_potter0_20": 0.25}
[pair_G] {"steps": 598016, "elapsed_s": 740.2, "coordination_ring_sparse20": 0.0, "coordination_ring_potter0_20": 0.25, "centre_pots_sparse20": 0.0, "centre_pots_potter0_20": 0.3}
[pair_G] {"steps": 600064, "elapsed_s": 743.0, "coordination_ring_sparse20": 0.0, "coordination_ring_potter0_20": 0.2, "centre_pots_sparse20": 0.0, "centre_pots_potter0_20": 0.3}
[pair_G] {"steps": 602112, "elapsed_s": 746.2, "coordination_ring_sparse20": 0.0, "coordination_ring_potter0_20": 0.2, "centre_pots_sparse20": 0.0, "centre_pots_potter0_20": 0.35}
[pair_G] {"steps": 604160, "elapsed_s": 749.3, "coordination_ring_sparse20": 0.0, "coordination_ring_potter0_20": 0.25, "centre_pots_sparse20": 0.0, "centre_pots_potter0_20": 0.35}
[pair_G] {"steps": 606208, "elapsed_s": 751.9, "coordination_ring_sparse20": 0.0, "coordination_ring_potter0_20": 0.25, "centre_pots_sparse20": 0.0, "centre_pots_potter0_20": 0.35}
[pair_G] {"steps": 608256, "elapsed_s": 754.6, "coordination_ring_sparse20": 0.0, "coordination_ring_potter0_20": 0.2, "centre_pots_sparse20": 0.0, "centre_pots_potter0_20": 0.4}
[pair_G] {"steps": 610304, "elapsed_s": 758.0, "coordination_ring_sparse20": 0.0, "coordination_ring_potter0_20": 0.15, "centre_pots_sparse20": 0.0, "centre_pots_potter0_20": 0.35}
[pair_G] {"steps": 612352, "elapsed_s": 761.3, "coordination_ring_sparse20": 0.0, "coordination_ring_potter0_20": 0.15, "centre_pots_sparse20": 0.0, "centre_pots_potter0_20": 0.2}
[pair_G] {"steps": 614400, "elapsed_s": 764.2, "coordination_ring_sparse20": 0.0, "coordination_ring_potter0_20": 0.15, "centre_pots_sparse20": 0.0, "centre_pots_potter0_20": 0.2}
[pair_G] {"steps": 616448, "elapsed_s": 767.4, "coordination_ring_sparse20": 0.0, "coordination_ring_potter0_20": 0.1, "centre_pots_sparse20": 0.0, "centre_pots_potter0_20": 0.2}
[pair_G] {"steps": 618496, "elapsed_s": 770.3, "coordination_ring_sparse20": 0.0, "coordination_ring_potter0_20": 0.05, "centre_pots_sparse20": 0.0, "centre_pots_potter0_20": 0.2}
[pair_G] {"steps": 620544, "elapsed_s": 774.0, "coordination_ring_sparse20": 0.0, "coordination_ring_potter0_20": 0.0, "centre_pots_sparse20": 0.0, "centre_pots_potter0_20": 0.15}
[pair_G] {"steps": 622592, "elapsed_s": 777.3, "coordination_ring_sparse20": 0.0, "coordination_ring_potter0_20": 0.0, "centre_pots_sparse20": 0.0, "centre_pots_potter0_20": 0.2}
[pair_G] {"steps": 624640, "elapsed_s": 780.3, "coordination_ring_sparse20": 0.0, "coordination_ring_potter0_20": 0.0, "centre_pots_sparse20": 0.0, "centre_pots_potter0_20": 0.2}
[pair_G] {"steps": 626688, "elapsed_s": 783.0, "coordination_ring_sparse20": 0.0, "coordination_ring_potter0_20": 0.1, "centre_pots_sparse20": 0.0, "centre_pots_potter0_20": 0.2}
[pair_G] {"steps": 628736, "elapsed_s": 785.5, "coordination_ring_sparse20": 0.0, "coordination_ring_potter0_20": 0.1, "centre_pots_sparse20": 0.0, "centre_pots_potter0_20": 0.25}
[pair_G] {"steps": 630784, "elapsed_s": 788.0, "coordination_ring_sparse20": 0.0, "coordination_ring_potter0_20": 0.1, "centre_pots_sparse20": 0.0, "centre_pots_potter0_20": 0.25}
[pair_G] {"steps": 632832, "elapsed_s": 791.0, "coordination_ring_sparse20": 0.0, "coordination_ring_potter0_20": 0.15, "centre_pots_sparse20": 0.0, "centre_pots_potter0_20": 0.25}
[pair_G] {"steps": 634880, "elapsed_s": 793.6, "coordination_ring_sparse20": 0.0, "coordination_ring_potter0_20": 0.15, "centre_pots_sparse20": 0.0, "centre_pots_potter0_20": 0.2}
[pair_G] {"steps": 636928, "elapsed_s": 796.3, "coordination_ring_sparse20": 0.0, "coordination_ring_potter0_20": 0.2, "centre_pots_sparse20": 0.0, "centre_pots_potter0_20": 0.2}
[pair_G] {"steps": 638976, "elapsed_s": 799.7, "coordination_ring_sparse20": 0.0, "coordination_ring_potter0_20": 0.1, "centre_pots_sparse20": 0.0, "centre_pots_potter0_20": 0.25}
[pair_G] {"steps": 641024, "elapsed_s": 802.7, "coordination_ring_sparse20": 0.0, "coordination_ring_potter0_20": 0.1, "centre_pots_sparse20": 0.0, "centre_pots_potter0_20": 0.3}
[pair_G] {"steps": 643072, "elapsed_s": 805.3, "coordination_ring_sparse20": 0.0, "coordination_ring_potter0_20": 0.1, "centre_pots_sparse20": 0.0, "centre_pots_potter0_20": 0.25}
[pair_G] {"steps": 645120, "elapsed_s": 808.7, "coordination_ring_sparse20": 0.0, "coordination_ring_potter0_20": 0.15, "centre_pots_sparse20": 0.0, "centre_pots_potter0_20": 0.2}
[pair_G] {"steps": 647168, "elapsed_s": 812.2, "coordination_ring_sparse20": 0.0, "coordination_ring_potter0_20": 0.15, "centre_pots_sparse20": 0.0, "centre_pots_potter0_20": 0.25}
[pair_G] {"steps": 649216, "elapsed_s": 815.2, "coordination_ring_sparse20": 0.0, "coordination_ring_potter0_20": 0.15, "centre_pots_sparse20": 0.0, "centre_pots_potter0_20": 0.25}
[pair_G] {"steps": 651264, "elapsed_s": 818.6, "coordination_ring_sparse20": 0.0, "coordination_ring_potter0_20": 0.15, "centre_pots_sparse20": 0.0, "centre_pots_potter0_20": 0.25}
[pair_G] {"steps": 653312, "elapsed_s": 821.2, "coordination_ring_sparse20": 0.0, "coordination_ring_potter0_20": 0.15, "centre_pots_sparse20": 0.0, "centre_pots_potter0_20": 0.25}
[pair_G] {"steps": 655360, "elapsed_s": 823.9, "coordination_ring_sparse20": 0.0, "coordination_ring_potter0_20": 0.35, "centre_pots_sparse20": 0.0, "centre_pots_potter0_20": 0.25}
[pair_G] {"steps": 657408, "elapsed_s": 826.9, "coordination_ring_sparse20": 0.0, "coordination_ring_potter0_20": 0.3, "centre_pots_sparse20": 0.0, "centre_pots_potter0_20": 0.25}
[pair_G] {"steps": 659456, "elapsed_s": 829.9, "coordination_ring_sparse20": 0.0, "coordination_ring_potter0_20": 0.25, "centre_pots_sparse20": 0.0, "centre_pots_potter0_20": 0.3}
[pair_G] {"steps": 661504, "elapsed_s": 832.8, "coordination_ring_sparse20": 0.0, "coordination_ring_potter0_20": 0.3, "centre_pots_sparse20": 0.0, "centre_pots_potter0_20": 0.35}
[pair_G] {"steps": 663552, "elapsed_s": 835.7, "coordination_ring_sparse20": 0.0, "coordination_ring_potter0_20": 0.3, "centre_pots_sparse20": 0.0, "centre_pots_potter0_20": 0.3}
[pair_G] {"steps": 665600, "elapsed_s": 838.9, "coordination_ring_sparse20": 0.0, "coordination_ring_potter0_20": 0.35, "centre_pots_sparse20": 0.0, "centre_pots_potter0_20": 0.3}
[pair_G] {"steps": 667648, "elapsed_s": 841.4, "coordination_ring_sparse20": 0.0, "coordination_ring_potter0_20": 0.25, "centre_pots_sparse20": 0.0, "centre_pots_potter0_20": 0.3}
[pair_G] {"steps": 669696, "elapsed_s": 844.4, "coordination_ring_sparse20": 0.0, "coordination_ring_potter0_20": 0.2, "centre_pots_sparse20": 0.0, "centre_pots_potter0_20": 0.3}
[pair_G] {"steps": 671744, "elapsed_s": 847.7, "coordination_ring_sparse20": 0.0, "coordination_ring_potter0_20": 0.25, "centre_pots_sparse20": 0.0, "centre_pots_potter0_20": 0.2}
[pair_G] {"steps": 673792, "elapsed_s": 850.8, "coordination_ring_sparse20": 0.0, "coordination_ring_potter0_20": 0.2, "centre_pots_sparse20": 0.0, "centre_pots_potter0_20": 0.3}
[pair_G] {"steps": 675840, "elapsed_s": 855.2, "coordination_ring_sparse20": 0.0, "coordination_ring_potter0_20": 0.2, "centre_pots_sparse20": 0.0, "centre_pots_potter0_20": 0.25}
[pair_G] {"steps": 677888, "elapsed_s": 857.9, "coordination_ring_sparse20": 0.0, "coordination_ring_potter0_20": 0.2, "centre_pots_sparse20": 0.0, "centre_pots_potter0_20": 0.3}
[pair_G] {"steps": 679936, "elapsed_s": 860.8, "coordination_ring_sparse20": 0.0, "coordination_ring_potter0_20": 0.2, "centre_pots_sparse20": 0.0, "centre_pots_potter0_20": 0.35}
[pair_G] {"steps": 681984, "elapsed_s": 863.4, "coordination_ring_sparse20": 0.0, "coordination_ring_potter0_20": 0.2, "centre_pots_sparse20": 0.0, "centre_pots_potter0_20": 0.35}
[pair_G] {"steps": 684032, "elapsed_s": 866.5, "coordination_ring_sparse20": 0.0, "coordination_ring_potter0_20": 0.2, "centre_pots_sparse20": 1.0, "centre_pots_potter0_20": 0.35}
[pair_G] {"steps": 686080, "elapsed_s": 869.0, "coordination_ring_sparse20": 1.0, "coordination_ring_potter0_20": 0.15, "centre_pots_sparse20": 1.0, "centre_pots_potter0_20": 0.3}
[pair_G] {"steps": 688128, "elapsed_s": 872.3, "coordination_ring_sparse20": 1.0, "coordination_ring_potter0_20": 0.2, "centre_pots_sparse20": 1.0, "centre_pots_potter0_20": 0.3}
[pair_G] {"steps": 690176, "elapsed_s": 875.3, "coordination_ring_sparse20": 2.0, "coordination_ring_potter0_20": 0.25, "centre_pots_sparse20": 2.0, "centre_pots_potter0_20": 0.35}
[pair_G] {"steps": 692224, "elapsed_s": 878.4, "coordination_ring_sparse20": 5.0, "coordination_ring_potter0_20": 0.3, "centre_pots_sparse20": 2.0, "centre_pots_potter0_20": 0.35}
[pair_G] {"steps": 694272, "elapsed_s": 882.1, "coordination_ring_sparse20": 5.0, "coordination_ring_potter0_20": 0.3, "centre_pots_sparse20": 4.0, "centre_pots_potter0_20": 0.4}
[pair_G] {"steps": 696320, "elapsed_s": 885.8, "coordination_ring_sparse20": 5.0, "coordination_ring_potter0_20": 0.25, "centre_pots_sparse20": 5.0, "centre_pots_potter0_20": 0.4}
[pair_G] {"steps": 698368, "elapsed_s": 889.4, "coordination_ring_sparse20": 5.0, "coordination_ring_potter0_20": 0.2, "centre_pots_sparse20": 8.0, "centre_pots_potter0_20": 0.45}
[pair_G] {"steps": 700416, "elapsed_s": 892.5, "coordination_ring_sparse20": 5.0, "coordination_ring_potter0_20": 0.25, "centre_pots_sparse20": 9.0, "centre_pots_potter0_20": 0.45}
[pair_G] {"steps": 702464, "elapsed_s": 896.4, "coordination_ring_sparse20": 5.0, "coordination_ring_potter0_20": 0.25, "centre_pots_sparse20": 9.0, "centre_pots_potter0_20": 0.5}
[pair_G] {"steps": 704512, "elapsed_s": 899.6, "coordination_ring_sparse20": 5.0, "coordination_ring_potter0_20": 0.25, "centre_pots_sparse20": 12.0, "centre_pots_potter0_20": 0.45}
[pair_G] {"steps": 706560, "elapsed_s": 903.2, "coordination_ring_sparse20": 4.0, "coordination_ring_potter0_20": 0.25, "centre_pots_sparse20": 12.0, "centre_pots_potter0_20": 0.5}
[pair_G] {"steps": 708608, "elapsed_s": 906.3, "coordination_ring_sparse20": 4.0, "coordination_ring_potter0_20": 0.25, "centre_pots_sparse20": 12.0, "centre_pots_potter0_20": 0.55}
[pair_G] {"steps": 710656, "elapsed_s": 909.9, "coordination_ring_sparse20": 4.0, "coordination_ring_potter0_20": 0.3, "centre_pots_sparse20": 15.0, "centre_pots_potter0_20": 0.55}
[pair_G] {"steps": 712704, "elapsed_s": 913.8, "coordination_ring_sparse20": 4.0, "coordination_ring_potter0_20": 0.25, "centre_pots_sparse20": 15.0, "centre_pots_potter0_20": 0.65}
[pair_G] {"steps": 714752, "elapsed_s": 916.7, "coordination_ring_sparse20": 1.0, "coordination_ring_potter0_20": 0.2, "centre_pots_sparse20": 16.0, "centre_pots_potter0_20": 0.7}
[pair_G] {"steps": 716800, "elapsed_s": 920.4, "coordination_ring_sparse20": 0.0, "coordination_ring_potter0_20": 0.25, "centre_pots_sparse20": 17.0, "centre_pots_potter0_20": 0.7}
[pair_G] {"steps": 718848, "elapsed_s": 923.7, "coordination_ring_sparse20": 0.0, "coordination_ring_potter0_20": 0.2, "centre_pots_sparse20": 17.0, "centre_pots_potter0_20": 0.7}
[pair_G] {"steps": 720896, "elapsed_s": 926.7, "coordination_ring_sparse20": 0.0, "coordination_ring_potter0_20": 0.25, "centre_pots_sparse20": 15.0, "centre_pots_potter0_20": 0.7}
[pair_G] {"steps": 722944, "elapsed_s": 929.6, "coordination_ring_sparse20": 0.0, "coordination_ring_potter0_20": 0.2, "centre_pots_sparse20": 15.0, "centre_pots_potter0_20": 0.7}
[pair_G] {"steps": 724992, "elapsed_s": 932.7, "coordination_ring_sparse20": 0.0, "coordination_ring_potter0_20": 0.1, "centre_pots_sparse20": 14.0, "centre_pots_potter0_20": 0.75}
[pair_G] {"steps": 727040, "elapsed_s": 936.1, "coordination_ring_sparse20": 1.0, "coordination_ring_potter0_20": 0.1, "centre_pots_sparse20": 11.0, "centre_pots_potter0_20": 0.7}
[pair_G] {"steps": 729088, "elapsed_s": 940.0, "coordination_ring_sparse20": 1.0, "coordination_ring_potter0_20": 0.15, "centre_pots_sparse20": 11.0, "centre_pots_potter0_20": 0.75}
[pair_G] {"steps": 731136, "elapsed_s": 943.5, "coordination_ring_sparse20": 1.0, "coordination_ring_potter0_20": 0.15, "centre_pots_sparse20": 15.0, "centre_pots_potter0_20": 0.65}
[pair_G] {"steps": 733184, "elapsed_s": 947.7, "coordination_ring_sparse20": 1.0, "coordination_ring_potter0_20": 0.15, "centre_pots_sparse20": 15.0, "centre_pots_potter0_20": 0.75}
[pair_G] {"steps": 735232, "elapsed_s": 951.4, "coordination_ring_sparse20": 1.0, "coordination_ring_potter0_20": 0.1, "centre_pots_sparse20": 20.0, "centre_pots_potter0_20": 0.55}
[pair_G] {"steps": 737280, "elapsed_s": 954.6, "coordination_ring_sparse20": 1.0, "coordination_ring_potter0_20": 0.15, "centre_pots_sparse20": 21.0, "centre_pots_potter0_20": 0.45}
[pair_G] {"steps": 739328, "elapsed_s": 957.5, "coordination_ring_sparse20": 1.0, "coordination_ring_potter0_20": 0.2, "centre_pots_sparse20": 20.0, "centre_pots_potter0_20": 0.45}
[pair_G] {"steps": 741376, "elapsed_s": 960.6, "coordination_ring_sparse20": 1.0, "coordination_ring_potter0_20": 0.2, "centre_pots_sparse20": 17.0, "centre_pots_potter0_20": 0.45}
[pair_G] {"steps": 743424, "elapsed_s": 963.5, "coordination_ring_sparse20": 1.0, "coordination_ring_potter0_20": 0.25, "centre_pots_sparse20": 16.0, "centre_pots_potter0_20": 0.45}
[pair_G] {"steps": 745472, "elapsed_s": 966.8, "coordination_ring_sparse20": 1.0, "coordination_ring_potter0_20": 0.25, "centre_pots_sparse20": 14.0, "centre_pots_potter0_20": 0.4}
[pair_G] {"steps": 747520, "elapsed_s": 970.2, "coordination_ring_sparse20": 0.0, "coordination_ring_potter0_20": 0.25, "centre_pots_sparse20": 13.0, "centre_pots_potter0_20": 0.45}
[pair_G] {"steps": 749568, "elapsed_s": 973.0, "coordination_ring_sparse20": 0.0, "coordination_ring_potter0_20": 0.3, "centre_pots_sparse20": 14.0, "centre_pots_potter0_20": 0.45}
[pair_G] {"steps": 751616, "elapsed_s": 976.2, "coordination_ring_sparse20": 0.0, "coordination_ring_potter0_20": 0.25, "centre_pots_sparse20": 13.0, "centre_pots_potter0_20": 0.4}
[pair_G] {"steps": 753664, "elapsed_s": 979.8, "coordination_ring_sparse20": 0.0, "coordination_ring_potter0_20": 0.2, "centre_pots_sparse20": 13.0, "centre_pots_potter0_20": 0.45}
[pair_G] {"steps": 755712, "elapsed_s": 982.5, "coordination_ring_sparse20": 0.0, "coordination_ring_potter0_20": 0.15, "centre_pots_sparse20": 11.0, "centre_pots_potter0_20": 0.45}
[pair_G] {"steps": 757760, "elapsed_s": 985.5, "coordination_ring_sparse20": 0.0, "coordination_ring_potter0_20": 0.2, "centre_pots_sparse20": 9.0, "centre_pots_potter0_20": 0.55}
[pair_G] {"steps": 759808, "elapsed_s": 989.0, "coordination_ring_sparse20": 0.0, "coordination_ring_potter0_20": 0.15, "centre_pots_sparse20": 7.0, "centre_pots_potter0_20": 0.65}
[pair_G] {"steps": 761856, "elapsed_s": 992.1, "coordination_ring_sparse20": 0.0, "coordination_ring_potter0_20": 0.2, "centre_pots_sparse20": 7.0, "centre_pots_potter0_20": 0.65}
[pair_G] {"steps": 763904, "elapsed_s": 995.7, "coordination_ring_sparse20": 0.0, "coordination_ring_potter0_20": 0.2, "centre_pots_sparse20": 8.0, "centre_pots_potter0_20": 0.65}
[pair_G] {"steps": 765952, "elapsed_s": 998.8, "coordination_ring_sparse20": 0.0, "coordination_ring_potter0_20": 0.15, "centre_pots_sparse20": 11.0, "centre_pots_potter0_20": 0.7}
[pair_G] {"steps": 768000, "elapsed_s": 1002.3, "coordination_ring_sparse20": 0.0, "coordination_ring_potter0_20": 0.2, "centre_pots_sparse20": 14.0, "centre_pots_potter0_20": 0.6}
[pair_G] {"steps": 770048, "elapsed_s": 1005.1, "coordination_ring_sparse20": 2.0, "coordination_ring_potter0_20": 0.2, "centre_pots_sparse20": 16.0, "centre_pots_potter0_20": 0.5}
[pair_G] {"steps": 772096, "elapsed_s": 1008.0, "coordination_ring_sparse20": 3.0, "coordination_ring_potter0_20": 0.2, "centre_pots_sparse20": 18.0, "centre_pots_potter0_20": 0.55}
[pair_G] {"steps": 774144, "elapsed_s": 1011.2, "coordination_ring_sparse20": 4.0, "coordination_ring_potter0_20": 0.2, "centre_pots_sparse20": 18.0, "centre_pots_potter0_20": 0.5}
[pair_G] {"steps": 776192, "elapsed_s": 1014.7, "coordination_ring_sparse20": 4.0, "coordination_ring_potter0_20": 0.25, "centre_pots_sparse20": 17.0, "centre_pots_potter0_20": 0.55}
[pair_G] {"steps": 778240, "elapsed_s": 1017.5, "coordination_ring_sparse20": 4.0, "coordination_ring_potter0_20": 0.25, "centre_pots_sparse20": 18.0, "centre_pots_potter0_20": 0.5}
[pair_G] {"steps": 780288, "elapsed_s": 1020.8, "coordination_ring_sparse20": 4.0, "coordination_ring_potter0_20": 0.25, "centre_pots_sparse20": 19.0, "centre_pots_potter0_20": 0.5}
[pair_G] {"steps": 782336, "elapsed_s": 1024.4, "coordination_ring_sparse20": 4.0, "coordination_ring_potter0_20": 0.3, "centre_pots_sparse20": 20.0, "centre_pots_potter0_20": 0.5}
[pair_G] {"steps": 784384, "elapsed_s": 1028.0, "coordination_ring_sparse20": 2.0, "coordination_ring_potter0_20": 0.35, "centre_pots_sparse20": 19.0, "centre_pots_potter0_20": 0.55}
[pair_G] {"steps": 786432, "elapsed_s": 1031.3, "coordination_ring_sparse20": 2.0, "coordination_ring_potter0_20": 0.45, "centre_pots_sparse20": 16.0, "centre_pots_potter0_20": 0.65}
[pair_G] {"steps": 788480, "elapsed_s": 1034.8, "coordination_ring_sparse20": 0.0, "coordination_ring_potter0_20": 0.4, "centre_pots_sparse20": 13.0, "centre_pots_potter0_20": 0.65}
[pair_G] {"steps": 790528, "elapsed_s": 1038.4, "coordination_ring_sparse20": 0.0, "coordination_ring_potter0_20": 0.4, "centre_pots_sparse20": 13.0, "centre_pots_potter0_20": 0.65}
[pair_G] {"steps": 792576, "elapsed_s": 1041.6, "coordination_ring_sparse20": 1.0, "coordination_ring_potter0_20": 0.35, "centre_pots_sparse20": 13.0, "centre_pots_potter0_20": 0.65}
[pair_G] {"steps": 794624, "elapsed_s": 1044.5, "coordination_ring_sparse20": 1.0, "coordination_ring_potter0_20": 0.35, "centre_pots_sparse20": 15.0, "centre_pots_potter0_20": 0.65}
[pair_G] {"steps": 796672, "elapsed_s": 1047.4, "coordination_ring_sparse20": 1.0, "coordination_ring_potter0_20": 0.25, "centre_pots_sparse20": 16.0, "centre_pots_potter0_20": 0.6}
[pair_G] {"steps": 798720, "elapsed_s": 1050.6, "coordination_ring_sparse20": 1.0, "coordination_ring_potter0_20": 0.15, "centre_pots_sparse20": 16.0, "centre_pots_potter0_20": 0.6}
[pair_G] {"steps": 800768, "elapsed_s": 1053.3, "coordination_ring_sparse20": 1.0, "coordination_ring_potter0_20": 0.1, "centre_pots_sparse20": 16.0, "centre_pots_potter0_20": 0.65}
[pair_G] {"steps": 802816, "elapsed_s": 1056.1, "coordination_ring_sparse20": 0.0, "coordination_ring_potter0_20": 0.2, "centre_pots_sparse20": 16.0, "centre_pots_potter0_20": 0.65}
[pair_G] {"steps": 804864, "elapsed_s": 1059.4, "coordination_ring_sparse20": 0.0, "coordination_ring_potter0_20": 0.25, "centre_pots_sparse20": 14.0, "centre_pots_potter0_20": 0.6}
[pair_G] {"steps": 806912, "elapsed_s": 1062.8, "coordination_ring_sparse20": 0.0, "coordination_ring_potter0_20": 0.25, "centre_pots_sparse20": 15.0, "centre_pots_potter0_20": 0.55}
[pair_G] {"steps": 808960, "elapsed_s": 1065.8, "coordination_ring_sparse20": 0.0, "coordination_ring_potter0_20": 0.25, "centre_pots_sparse20": 17.0, "centre_pots_potter0_20": 0.5}
[pair_G] {"steps": 811008, "elapsed_s": 1069.0, "coordination_ring_sparse20": 0.0, "coordination_ring_potter0_20": 0.3, "centre_pots_sparse20": 17.0, "centre_pots_potter0_20": 0.55}
[pair_G] {"steps": 813056, "elapsed_s": 1072.0, "coordination_ring_sparse20": 0.0, "coordination_ring_potter0_20": 0.3, "centre_pots_sparse20": 14.0, "centre_pots_potter0_20": 0.6}
[pair_G] {"steps": 815104, "elapsed_s": 1075.0, "coordination_ring_sparse20": 0.0, "coordination_ring_potter0_20": 0.35, "centre_pots_sparse20": 15.0, "centre_pots_potter0_20": 0.65}
[pair_G] {"steps": 817152, "elapsed_s": 1077.8, "coordination_ring_sparse20": 0.0, "coordination_ring_potter0_20": 0.35, "centre_pots_sparse20": 13.0, "centre_pots_potter0_20": 0.65}
[pair_G] {"steps": 819200, "elapsed_s": 1091.7, "coordination_ring_sparse20": 1.0, "coordination_ring_potter0_20": 0.3, "centre_pots_sparse20": 10.0, "centre_pots_potter0_20": 0.6}
[pair_G] {"steps": 821248, "elapsed_s": 1114.8, "coordination_ring_sparse20": 1.0, "coordination_ring_potter0_20": 0.3, "centre_pots_sparse20": 9.0, "centre_pots_potter0_20": 0.5}
[pair_G] {"steps": 823296, "elapsed_s": 1126.2, "coordination_ring_sparse20": 1.0, "coordination_ring_potter0_20": 0.25, "centre_pots_sparse20": 8.0, "centre_pots_potter0_20": 0.5}
[pair_G] {"steps": 825344, "elapsed_s": 1147.8, "coordination_ring_sparse20": 1.0, "coordination_ring_potter0_20": 0.3, "centre_pots_sparse20": 7.0, "centre_pots_potter0_20": 0.5}
[pair_G] {"steps": 827392, "elapsed_s": 1164.4, "coordination_ring_sparse20": 1.0, "coordination_ring_potter0_20": 0.4, "centre_pots_sparse20": 5.0, "centre_pots_potter0_20": 0.55}
[pair_G] {"steps": 829440, "elapsed_s": 1185.9, "coordination_ring_sparse20": 1.0, "coordination_ring_potter0_20": 0.4, "centre_pots_sparse20": 4.0, "centre_pots_potter0_20": 0.5}
[pair_G] {"steps": 831488, "elapsed_s": 1229.3, "coordination_ring_sparse20": 1.0, "coordination_ring_potter0_20": 0.4, "centre_pots_sparse20": 4.0, "centre_pots_potter0_20": 0.5}
[pair_G] {"steps": 833536, "elapsed_s": 1269.0, "coordination_ring_sparse20": 0.0, "coordination_ring_potter0_20": 0.45, "centre_pots_sparse20": 3.0, "centre_pots_potter0_20": 0.4}
[pair_G] {"steps": 835584, "elapsed_s": 1303.4, "coordination_ring_sparse20": 0.0, "coordination_ring_potter0_20": 0.45, "centre_pots_sparse20": 3.0, "centre_pots_potter0_20": 0.45}
[pair_G] {"steps": 837632, "elapsed_s": 1342.3, "coordination_ring_sparse20": 0.0, "coordination_ring_potter0_20": 0.5, "centre_pots_sparse20": 3.0, "centre_pots_potter0_20": 0.55}
[pair_G] {"steps": 839680, "elapsed_s": 1387.8, "coordination_ring_sparse20": 0.0, "coordination_ring_potter0_20": 0.45, "centre_pots_sparse20": 3.0, "centre_pots_potter0_20": 0.6}
[pair_G] {"steps": 841728, "elapsed_s": 1436.5, "coordination_ring_sparse20": 0.0, "coordination_ring_potter0_20": 0.35, "centre_pots_sparse20": 3.0, "centre_pots_potter0_20": 0.6}
[pair_G] {"steps": 843776, "elapsed_s": 1483.1, "coordination_ring_sparse20": 0.0, "coordination_ring_potter0_20": 0.3, "centre_pots_sparse20": 2.0, "centre_pots_potter0_20": 0.6}
[pair_G] {"steps": 845824, "elapsed_s": 1523.1, "coordination_ring_sparse20": 0.0, "coordination_ring_potter0_20": 0.35, "centre_pots_sparse20": 2.0, "centre_pots_potter0_20": 0.55}
[pair_G] {"steps": 847872, "elapsed_s": 1562.6, "coordination_ring_sparse20": 0.0, "coordination_ring_potter0_20": 0.35, "centre_pots_sparse20": 2.0, "centre_pots_potter0_20": 0.55}
[pair_G] {"steps": 849920, "elapsed_s": 1611.7, "coordination_ring_sparse20": 0.0, "coordination_ring_potter0_20": 0.4, "centre_pots_sparse20": 2.0, "centre_pots_potter0_20": 0.55}
[pair_G] {"steps": 851968, "elapsed_s": 1658.9, "coordination_ring_sparse20": 0.0, "coordination_ring_potter0_20": 0.4, "centre_pots_sparse20": 3.0, "centre_pots_potter0_20": 0.55}
[pair_G] {"steps": 854016, "elapsed_s": 1699.5, "coordination_ring_sparse20": 0.0, "coordination_ring_potter0_20": 0.6, "centre_pots_sparse20": 4.0, "centre_pots_potter0_20": 0.5}
[pair_G] {"steps": 856064, "elapsed_s": 1737.0, "coordination_ring_sparse20": 0.0, "coordination_ring_potter0_20": 0.6, "centre_pots_sparse20": 7.0, "centre_pots_potter0_20": 0.45}
[pair_G] {"steps": 858112, "elapsed_s": 1767.1, "coordination_ring_sparse20": 0.0, "coordination_ring_potter0_20": 0.65, "centre_pots_sparse20": 6.0, "centre_pots_potter0_20": 0.4}
[pair_G] {"steps": 860160, "elapsed_s": 1813.5, "coordination_ring_sparse20": 0.0, "coordination_ring_potter0_20": 0.6, "centre_pots_sparse20": 8.0, "centre_pots_potter0_20": 0.45}
[pair_G] {"steps": 862208, "elapsed_s": 1852.9, "coordination_ring_sparse20": 0.0, "coordination_ring_potter0_20": 0.6, "centre_pots_sparse20": 8.0, "centre_pots_potter0_20": 0.5}
[pair_G] {"steps": 864256, "elapsed_s": 1895.0, "coordination_ring_sparse20": 0.0, "coordination_ring_potter0_20": 0.6, "centre_pots_sparse20": 10.0, "centre_pots_potter0_20": 0.5}
[pair_G] {"steps": 866304, "elapsed_s": 1927.7, "coordination_ring_sparse20": 0.0, "coordination_ring_potter0_20": 0.55, "centre_pots_sparse20": 13.0, "centre_pots_potter0_20": 0.5}
[pair_G] {"steps": 868352, "elapsed_s": 1956.5, "coordination_ring_sparse20": 0.0, "coordination_ring_potter0_20": 0.6, "centre_pots_sparse20": 14.0, "centre_pots_potter0_20": 0.6}
[pair_G] {"steps": 870400, "elapsed_s": 2002.6, "coordination_ring_sparse20": 0.0, "coordination_ring_potter0_20": 0.55, "centre_pots_sparse20": 13.0, "centre_pots_potter0_20": 0.6}
[pair_G] {"steps": 872448, "elapsed_s": 2047.2, "coordination_ring_sparse20": 0.0, "coordination_ring_potter0_20": 0.45, "centre_pots_sparse20": 13.0, "centre_pots_potter0_20": 0.6}
[pair_G] {"steps": 874496, "elapsed_s": 2089.7, "coordination_ring_sparse20": 0.0, "coordination_ring_potter0_20": 0.45, "centre_pots_sparse20": 17.0, "centre_pots_potter0_20": 0.65}
[pair_G] {"steps": 876544, "elapsed_s": 2134.4, "coordination_ring_sparse20": 0.0, "coordination_ring_potter0_20": 0.45, "centre_pots_sparse20": 18.0, "centre_pots_potter0_20": 0.5}
[pair_G] {"steps": 878592, "elapsed_s": 2174.3, "coordination_ring_sparse20": 0.0, "coordination_ring_potter0_20": 0.4, "centre_pots_sparse20": 19.0, "centre_pots_potter0_20": 0.5}
[pair_G] {"steps": 880640, "elapsed_s": 2220.3, "coordination_ring_sparse20": 0.0, "coordination_ring_potter0_20": 0.35, "centre_pots_sparse20": 22.0, "centre_pots_potter0_20": 0.6}
[pair_G] {"steps": 882688, "elapsed_s": 2256.5, "coordination_ring_sparse20": 1.0, "coordination_ring_potter0_20": 0.4, "centre_pots_sparse20": 23.0, "centre_pots_potter0_20": 0.6}
[pair_G] {"steps": 884736, "elapsed_s": 2300.0, "coordination_ring_sparse20": 1.0, "coordination_ring_potter0_20": 0.3, "centre_pots_sparse20": 23.0, "centre_pots_potter0_20": 0.6}
[pair_G] {"steps": 886784, "elapsed_s": 2342.9, "coordination_ring_sparse20": 1.0, "coordination_ring_potter0_20": 0.35, "centre_pots_sparse20": 22.0, "centre_pots_potter0_20": 0.6}
[pair_G] {"steps": 888832, "elapsed_s": 2397.8, "coordination_ring_sparse20": 1.0, "coordination_ring_potter0_20": 0.45, "centre_pots_sparse20": 21.0, "centre_pots_potter0_20": 0.6}
[pair_G] {"steps": 890880, "elapsed_s": 2432.3, "coordination_ring_sparse20": 1.0, "coordination_ring_potter0_20": 0.45, "centre_pots_sparse20": 21.0, "centre_pots_potter0_20": 0.6}
[pair_G] {"steps": 892928, "elapsed_s": 2468.6, "coordination_ring_sparse20": 1.0, "coordination_ring_potter0_20": 0.5, "centre_pots_sparse20": 27.0, "centre_pots_potter0_20": 0.6}
[pair_G] {"steps": 894976, "elapsed_s": 2509.9, "coordination_ring_sparse20": 0.0, "coordination_ring_potter0_20": 0.45, "centre_pots_sparse20": 27.0, "centre_pots_potter0_20": 0.55}
[pair_G] {"steps": 897024, "elapsed_s": 2553.2, "coordination_ring_sparse20": 0.0, "coordination_ring_potter0_20": 0.45, "centre_pots_sparse20": 27.0, "centre_pots_potter0_20": 0.65}
[pair_G] {"steps": 899072, "elapsed_s": 2588.0, "coordination_ring_sparse20": 0.0, "coordination_ring_potter0_20": 0.4, "centre_pots_sparse20": 22.0, "centre_pots_potter0_20": 0.7}
[pair_G] {"steps": 901120, "elapsed_s": 2631.9, "coordination_ring_sparse20": 0.0, "coordination_ring_potter0_20": 0.4, "centre_pots_sparse20": 19.0, "centre_pots_potter0_20": 0.65}
[pair_G] {"steps": 903168, "elapsed_s": 2676.8, "coordination_ring_sparse20": 0.0, "coordination_ring_potter0_20": 0.35, "centre_pots_sparse20": 18.0, "centre_pots_potter0_20": 0.6}
[pair_G] {"steps": 905216, "elapsed_s": 2719.6, "coordination_ring_sparse20": 0.0, "coordination_ring_potter0_20": 0.25, "centre_pots_sparse20": 19.0, "centre_pots_potter0_20": 0.55}
[pair_G] {"steps": 907264, "elapsed_s": 2760.0, "coordination_ring_sparse20": 0.0, "coordination_ring_potter0_20": 0.25, "centre_pots_sparse20": 22.0, "centre_pots_potter0_20": 0.5}
[pair_G] {"steps": 909312, "elapsed_s": 2800.0, "coordination_ring_sparse20": 2.0, "coordination_ring_potter0_20": 0.25, "centre_pots_sparse20": 21.0, "centre_pots_potter0_20": 0.55}
[pair_G] {"steps": 911360, "elapsed_s": 2824.5, "coordination_ring_sparse20": 2.0, "coordination_ring_potter0_20": 0.2, "centre_pots_sparse20": 23.0, "centre_pots_potter0_20": 0.4}
[pair_G] {"steps": 913408, "elapsed_s": 2881.6, "coordination_ring_sparse20": 2.0, "coordination_ring_potter0_20": 0.25, "centre_pots_sparse20": 25.0, "centre_pots_potter0_20": 0.45}
[pair_G] {"steps": 915456, "elapsed_s": 2938.9, "coordination_ring_sparse20": 2.0, "coordination_ring_potter0_20": 0.3, "centre_pots_sparse20": 27.0, "centre_pots_potter0_20": 0.45}
[pair_G] {"steps": 917504, "elapsed_s": 2987.9, "coordination_ring_sparse20": 2.0, "coordination_ring_potter0_20": 0.3, "centre_pots_sparse20": 28.0, "centre_pots_potter0_20": 0.4}
[pair_G] {"steps": 919552, "elapsed_s": 3041.6, "coordination_ring_sparse20": 2.0, "coordination_ring_potter0_20": 0.35, "centre_pots_sparse20": 30.0, "centre_pots_potter0_20": 0.35}
[pair_G] {"steps": 921600, "elapsed_s": 3098.8, "coordination_ring_sparse20": 2.0, "coordination_ring_potter0_20": 0.35, "centre_pots_sparse20": 27.0, "centre_pots_potter0_20": 0.4}
[pair_G] {"steps": 923648, "elapsed_s": 3134.2, "coordination_ring_sparse20": 1.0, "coordination_ring_potter0_20": 0.35, "centre_pots_sparse20": 28.0, "centre_pots_potter0_20": 0.45}
[pair_G] {"steps": 925696, "elapsed_s": 3167.1, "coordination_ring_sparse20": 0.0, "coordination_ring_potter0_20": 0.45, "centre_pots_sparse20": 26.0, "centre_pots_potter0_20": 0.4}
[pair_G] {"steps": 927744, "elapsed_s": 3196.4, "coordination_ring_sparse20": 0.0, "coordination_ring_potter0_20": 0.45, "centre_pots_sparse20": 28.0, "centre_pots_potter0_20": 0.4}
[pair_G] {"steps": 929792, "elapsed_s": 3224.3, "coordination_ring_sparse20": 0.0, "coordination_ring_potter0_20": 0.45, "centre_pots_sparse20": 32.0, "centre_pots_potter0_20": 0.3}
[pair_G] {"steps": 931840, "elapsed_s": 3252.7, "coordination_ring_sparse20": 0.0, "coordination_ring_potter0_20": 0.4, "centre_pots_sparse20": 35.0, "centre_pots_potter0_20": 0.35}
[pair_G] {"steps": 933888, "elapsed_s": 3282.1, "coordination_ring_sparse20": 0.0, "coordination_ring_potter0_20": 0.4, "centre_pots_sparse20": 35.0, "centre_pots_potter0_20": 0.3}
[pair_G] {"steps": 935936, "elapsed_s": 3318.6, "coordination_ring_sparse20": 0.0, "coordination_ring_potter0_20": 0.5, "centre_pots_sparse20": 33.0, "centre_pots_potter0_20": 0.3}
[pair_G] {"steps": 937984, "elapsed_s": 3348.7, "coordination_ring_sparse20": 0.0, "coordination_ring_potter0_20": 0.55, "centre_pots_sparse20": 29.0, "centre_pots_potter0_20": 0.35}
[pair_G] {"steps": 940032, "elapsed_s": 3367.6, "coordination_ring_sparse20": 0.0, "coordination_ring_potter0_20": 0.55, "centre_pots_sparse20": 29.0, "centre_pots_potter0_20": 0.35}
[pair_G] {"steps": 942080, "elapsed_s": 3397.1, "coordination_ring_sparse20": 0.0, "coordination_ring_potter0_20": 0.6, "centre_pots_sparse20": 26.0, "centre_pots_potter0_20": 0.4}
[pair_G] {"steps": 944128, "elapsed_s": 3427.2, "coordination_ring_sparse20": 0.0, "coordination_ring_potter0_20": 0.55, "centre_pots_sparse20": 25.0, "centre_pots_potter0_20": 0.45}
[pair_G] {"steps": 946176, "elapsed_s": 3449.9, "coordination_ring_sparse20": 0.0, "coordination_ring_potter0_20": 0.65, "centre_pots_sparse20": 23.0, "centre_pots_potter0_20": 0.45}
[pair_G] {"steps": 948224, "elapsed_s": 3476.3, "coordination_ring_sparse20": 0.0, "coordination_ring_potter0_20": 0.65, "centre_pots_sparse20": 23.0, "centre_pots_potter0_20": 0.35}
[pair_G] {"steps": 950272, "elapsed_s": 3503.1, "coordination_ring_sparse20": 0.0, "coordination_ring_potter0_20": 0.7, "centre_pots_sparse20": 25.0, "centre_pots_potter0_20": 0.45}
[pair_G] {"steps": 952320, "elapsed_s": 3529.2, "coordination_ring_sparse20": 0.0, "coordination_ring_potter0_20": 0.65, "centre_pots_sparse20": 28.0, "centre_pots_potter0_20": 0.5}
[pair_G] {"steps": 954368, "elapsed_s": 3558.9, "coordination_ring_sparse20": 0.0, "coordination_ring_potter0_20": 0.6, "centre_pots_sparse20": 29.0, "centre_pots_potter0_20": 0.45}
[pair_G] {"steps": 956416, "elapsed_s": 3587.0, "coordination_ring_sparse20": 0.0, "coordination_ring_potter0_20": 0.5, "centre_pots_sparse20": 30.0, "centre_pots_potter0_20": 0.55}
[pair_G] {"steps": 958464, "elapsed_s": 3616.9, "coordination_ring_sparse20": 0.0, "coordination_ring_potter0_20": 0.4, "centre_pots_sparse20": 34.0, "centre_pots_potter0_20": 0.6}
[pair_G] {"steps": 960512, "elapsed_s": 3640.4, "coordination_ring_sparse20": 0.0, "coordination_ring_potter0_20": 0.4, "centre_pots_sparse20": 34.0, "centre_pots_potter0_20": 0.65}
[pair_G] {"steps": 962560, "elapsed_s": 3675.9, "coordination_ring_sparse20": 0.0, "coordination_ring_potter0_20": 0.35, "centre_pots_sparse20": 33.0, "centre_pots_potter0_20": 0.6}
[pair_G] {"steps": 964608, "elapsed_s": 3700.2, "coordination_ring_sparse20": 0.0, "coordination_ring_potter0_20": 0.35, "centre_pots_sparse20": 33.0, "centre_pots_potter0_20": 0.6}
[pair_G] {"steps": 966656, "elapsed_s": 3725.6, "coordination_ring_sparse20": 0.0, "coordination_ring_potter0_20": 0.35, "centre_pots_sparse20": 36.0, "centre_pots_potter0_20": 0.65}
[pair_G] {"steps": 968704, "elapsed_s": 3758.7, "coordination_ring_sparse20": 0.0, "coordination_ring_potter0_20": 0.45, "centre_pots_sparse20": 38.0, "centre_pots_potter0_20": 0.7}
[pair_G] {"steps": 970752, "elapsed_s": 3789.2, "coordination_ring_sparse20": 0.0, "coordination_ring_potter0_20": 0.5, "centre_pots_sparse20": 43.0, "centre_pots_potter0_20": 0.6}
[pair_G] {"steps": 972800, "elapsed_s": 3811.5, "coordination_ring_sparse20": 0.0, "coordination_ring_potter0_20": 0.5, "centre_pots_sparse20": 45.0, "centre_pots_potter0_20": 0.55}
[pair_G] {"steps": 974848, "elapsed_s": 3836.1, "coordination_ring_sparse20": 0.0, "coordination_ring_potter0_20": 0.5, "centre_pots_sparse20": 44.0, "centre_pots_potter0_20": 0.5}
[pair_G] {"steps": 976896, "elapsed_s": 3868.4, "coordination_ring_sparse20": 0.0, "coordination_ring_potter0_20": 0.5, "centre_pots_sparse20": 41.0, "centre_pots_potter0_20": 0.5}
[pair_G] {"steps": 978944, "elapsed_s": 3898.3, "coordination_ring_sparse20": 0.0, "coordination_ring_potter0_20": 0.55, "centre_pots_sparse20": 48.0, "centre_pots_potter0_20": 0.5}
[pair_G] {"steps": 980992, "elapsed_s": 3919.1, "coordination_ring_sparse20": 0.0, "coordination_ring_potter0_20": 0.6, "centre_pots_sparse20": 45.0, "centre_pots_potter0_20": 0.5}
[pair_G] {"steps": 983040, "elapsed_s": 3946.4, "coordination_ring_sparse20": 0.0, "coordination_ring_potter0_20": 0.7, "centre_pots_sparse20": 42.0, "centre_pots_potter0_20": 0.55}
[pair_G] {"steps": 985088, "elapsed_s": 3971.0, "coordination_ring_sparse20": 0.0, "coordination_ring_potter0_20": 0.7, "centre_pots_sparse20": 36.0, "centre_pots_potter0_20": 0.55}
[pair_G] {"steps": 987136, "elapsed_s": 3993.7, "coordination_ring_sparse20": 0.0, "coordination_ring_potter0_20": 0.6, "centre_pots_sparse20": 34.0, "centre_pots_potter0_20": 0.55}
[pair_G] {"steps": 989184, "elapsed_s": 4027.5, "coordination_ring_sparse20": 0.0, "coordination_ring_potter0_20": 0.6, "centre_pots_sparse20": 35.0, "centre_pots_potter0_20": 0.55}
[pair_G] {"steps": 991232, "elapsed_s": 4056.5, "coordination_ring_sparse20": 0.0, "coordination_ring_potter0_20": 0.6, "centre_pots_sparse20": 35.0, "centre_pots_potter0_20": 0.6}
[pair_G] {"steps": 993280, "elapsed_s": 4078.2, "coordination_ring_sparse20": 0.0, "coordination_ring_potter0_20": 0.55, "centre_pots_sparse20": 33.0, "centre_pots_potter0_20": 0.5}
[pair_G] {"steps": 995328, "elapsed_s": 4104.6, "coordination_ring_sparse20": 0.0, "coordination_ring_potter0_20": 0.45, "centre_pots_sparse20": 29.0, "centre_pots_potter0_20": 0.55}
[pair_G] {"steps": 997376, "elapsed_s": 4130.9, "coordination_ring_sparse20": 0.0, "coordination_ring_potter0_20": 0.4, "centre_pots_sparse20": 30.0, "centre_pots_potter0_20": 0.6}
[pair_G] {"steps": 999424, "elapsed_s": 4154.0, "coordination_ring_sparse20": 0.0, "coordination_ring_potter0_20": 0.35, "centre_pots_sparse20": 29.0, "centre_pots_potter0_20": 0.5}
[pair_G] {"steps": 1001472, "elapsed_s": 4177.7, "coordination_ring_sparse20": 0.0, "coordination_ring_potter0_20": 0.4, "centre_pots_sparse20": 32.0, "centre_pots_potter0_20": 0.6}
[pair_G] {"steps": 1003520, "elapsed_s": 4206.2, "coordination_ring_sparse20": 0.0, "coordination_ring_potter0_20": 0.4, "centre_pots_sparse20": 33.0, "centre_pots_potter0_20": 0.6}
[pair_G] {"steps": 1005568, "elapsed_s": 4239.1, "coordination_ring_sparse20": 0.0, "coordination_ring_potter0_20": 0.45, "centre_pots_sparse20": 30.0, "centre_pots_potter0_20": 0.55}
[pair_G] {"steps": 1007616, "elapsed_s": 4277.5, "coordination_ring_sparse20": 0.0, "coordination_ring_potter0_20": 0.55, "centre_pots_sparse20": 29.0, "centre_pots_potter0_20": 0.5}
[pair_G] {"steps": 1009664, "elapsed_s": 4312.1, "coordination_ring_sparse20": 0.0, "coordination_ring_potter0_20": 0.55, "centre_pots_sparse20": 33.0, "centre_pots_potter0_20": 0.45}
[pair_G] {"steps": 1011712, "elapsed_s": 4335.9, "coordination_ring_sparse20": 0.0, "coordination_ring_potter0_20": 0.45, "centre_pots_sparse20": 34.0, "centre_pots_potter0_20": 0.4}
[pair_G] {"steps": 1013760, "elapsed_s": 4363.8, "coordination_ring_sparse20": 0.0, "coordination_ring_potter0_20": 0.4, "centre_pots_sparse20": 32.0, "centre_pots_potter0_20": 0.4}
[pair_G] {"steps": 1015808, "elapsed_s": 4388.2, "coordination_ring_sparse20": 0.0, "coordination_ring_potter0_20": 0.35, "centre_pots_sparse20": 32.0, "centre_pots_potter0_20": 0.35}
[pair_G] {"steps": 1017856, "elapsed_s": 4416.0, "coordination_ring_sparse20": 0.0, "coordination_ring_potter0_20": 0.35, "centre_pots_sparse20": 35.0, "centre_pots_potter0_20": 0.25}
[pair_G] {"steps": 1019904, "elapsed_s": 4452.2, "coordination_ring_sparse20": 0.0, "coordination_ring_potter0_20": 0.3, "centre_pots_sparse20": 39.0, "centre_pots_potter0_20": 0.3}
[pair_G] {"steps": 1021952, "elapsed_s": 4478.5, "coordination_ring_sparse20": 0.0, "coordination_ring_potter0_20": 0.25, "centre_pots_sparse20": 40.0, "centre_pots_potter0_20": 0.3}
[pair_G] {"steps": 1024000, "elapsed_s": 4511.6, "coordination_ring_sparse20": 0.0, "coordination_ring_potter0_20": 0.2, "centre_pots_sparse20": 37.0, "centre_pots_potter0_20": 0.3}
[pair_G] {"steps": 1026048, "elapsed_s": 4545.9, "coordination_ring_sparse20": 0.0, "coordination_ring_potter0_20": 0.1, "centre_pots_sparse20": 38.0, "centre_pots_potter0_20": 0.3}
[pair_G] {"steps": 1028096, "elapsed_s": 4571.7, "coordination_ring_sparse20": 0.0, "coordination_ring_potter0_20": 0.15, "centre_pots_sparse20": 42.0, "centre_pots_potter0_20": 0.3}
[pair_G] {"steps": 1030144, "elapsed_s": 4613.6, "coordination_ring_sparse20": 0.0, "coordination_ring_potter0_20": 0.2, "centre_pots_sparse20": 40.0, "centre_pots_potter0_20": 0.3}
[pair_G] {"steps": 1032192, "elapsed_s": 4658.5, "coordination_ring_sparse20": 0.0, "coordination_ring_potter0_20": 0.25, "centre_pots_sparse20": 41.0, "centre_pots_potter0_20": 0.3}
[pair_G] {"steps": 1034240, "elapsed_s": 4699.8, "coordination_ring_sparse20": 0.0, "coordination_ring_potter0_20": 0.25, "centre_pots_sparse20": 43.0, "centre_pots_potter0_20": 0.3}
[pair_G] {"steps": 1036288, "elapsed_s": 4719.6, "coordination_ring_sparse20": 0.0, "coordination_ring_potter0_20": 0.2, "centre_pots_sparse20": 43.0, "centre_pots_potter0_20": 0.35}
