Gym has been unmaintained since 2022 and does not support NumPy 2.0 amongst other critical functionality.
Please upgrade to Gymnasium, the maintained drop-in replacement of Gym, or contact the authors of your software and request that they upgrade.
Users of this version of Gym should be able to simply replace 'import gym' with 'import gymnasium as gym' in the vast majority of cases.
See the migration guide at https://gymnasium.farama.org/introduction/migration_guide/ for additional information.
Gym has been unmaintained since 2022 and does not support NumPy 2.0 amongst other critical functionality.
Please upgrade to Gymnasium, the maintained drop-in replacement of Gym, or contact the authors of your software and request that they upgrade.
Users of this version of Gym should be able to simply replace 'import gym' with 'import gymnasium as gym' in the vast majority of cases.
See the migration guide at https://gymnasium.farama.org/introduction/migration_guide/ for additional information.
Gym has been unmaintained since 2022 and does not support NumPy 2.0 amongst other critical functionality.
Please upgrade to Gymnasium, the maintained drop-in replacement of Gym, or contact the authors of your software and request that they upgrade.
Users of this version of Gym should be able to simply replace 'import gym' with 'import gymnasium as gym' in the vast majority of cases.
See the migration guide at https://gymnasium.farama.org/introduction/migration_guide/ for additional information.
Gym has been unmaintained since 2022 and does not support NumPy 2.0 amongst other critical functionality.
Please upgrade to Gymnasium, the maintained drop-in replacement of Gym, or contact the authors of your software and request that they upgrade.
Users of this version of Gym should be able to simply replace 'import gym' with 'import gymnasium as gym' in the vast majority of cases.
See the migration guide at https://gymnasium.farama.org/introduction/migration_guide/ for additional information.
Gym has been unmaintained since 2022 and does not support NumPy 2.0 amongst other critical functionality.
Please upgrade to Gymnasium, the maintained drop-in replacement of Gym, or contact the authors of your software and request that they upgrade.
Users of this version of Gym should be able to simply replace 'import gym' with 'import gymnasium as gym' in the vast majority of cases.
See the migration guide at https://gymnasium.farama.org/introduction/migration_guide/ for additional information.
Gym has been unmaintained since 2022 and does not support NumPy 2.0 amongst other critical functionality.
Please upgrade to Gymnasium, the maintained drop-in replacement of Gym, or contact the authors of your software and request that they upgrade.
Users of this version of Gym should be able to simply replace 'import gym' with 'import gymnasium as gym' in the vast majority of cases.
See the migration guide at https://gymnasium.farama.org/introduction/migration_guide/ for additional information.
Gym has been unmaintained since 2022 and does not support NumPy 2.0 amongst other critical functionality.
Please upgrade to Gymnasium, the maintained drop-in replacement of Gym, or contact the authors of your software and request that they upgrade.
Users of this version of Gym should be able to simply replace 'import gym' with 'import gymnasium as gym' in the vast majority of cases.
See the migration guide at https://gymnasium.farama.org/introduction/migration_guide/ for additional information.
Gym has been unmaintained since 2022 and does not support NumPy 2.0 amongst other critical functionality.
Please upgrade to Gymnasium, the maintained drop-in replacement of Gym, or contact the authors of your software and request that they upgrade.
Users of this version of Gym should be able to simply replace 'import gym' with 'import gymnasium as gym' in the vast majority of cases.
See the migration guide at https://gymnasium.farama.org/introduction/migration_guide/ for additional information.
seed 95101 s=0.25: held p_ccw=0.9688 soups=2.1333
seed 95101 s=0.5: held p_ccw=0.9688 soups=1.6667
seed 95202 s=0.25: held p_ccw=0.9688 soups=0.8
seed 95202 s=0.5: held p_ccw=0.9688 soups=0.8667
seed 95303 s=0.25: held p_ccw=0.0312 soups=0.5333
seed 95303 s=0.5: held p_ccw=0.0312 soups=0.6
seed 95606 s=0.25: held p_ccw=0.9688 soups=2.2667
seed 95606 s=0.5: held p_ccw=0.9688 soups=2.2
seed 95707 s=0.25: held p_ccw=0.9333 soups=0.6
seed 95707 s=0.5: held p_ccw=0.9688 soups=1.0
seed 95808 s=0.25: held p_ccw=0.0312 soups=1.5667
seed 95808 s=0.5: held p_ccw=0.0312 soups=2.0667
seed 95909 s=0.25: held p_ccw=0.9688 soups=2.1667
seed 95909 s=0.5: held p_ccw=0.9688 soups=2.0333
seed 96010 s=0.25: held p_ccw=0.9688 soups=2.6333
seed 96010 s=0.5: held p_ccw=0.9688 soups=2.7333
Gym has been unmaintained since 2022 and does not support NumPy 2.0 amongst other critical functionality.
Please upgrade to Gymnasium, the maintained drop-in replacement of Gym, or contact the authors of your software and request that they upgrade.
Users of this version of Gym should be able to simply replace 'import gym' with 'import gymnasium as gym' in the vast majority of cases.
See the migration guide at https://gymnasium.farama.org/introduction/migration_guide/ for additional information.
Gym has been unmaintained since 2022 and does not support NumPy 2.0 amongst other critical functionality.
Please upgrade to Gymnasium, the maintained drop-in replacement of Gym, or contact the authors of your software and request that they upgrade.
Users of this version of Gym should be able to simply replace 'import gym' with 'import gymnasium as gym' in the vast majority of cases.
See the migration guide at https://gymnasium.farama.org/introduction/migration_guide/ for additional information.
Gym has been unmaintained since 2022 and does not support NumPy 2.0 amongst other critical functionality.
Please upgrade to Gymnasium, the maintained drop-in replacement of Gym, or contact the authors of your software and request that they upgrade.
Users of this version of Gym should be able to simply replace 'import gym' with 'import gymnasium as gym' in the vast majority of cases.
See the migration guide at https://gymnasium.farama.org/introduction/migration_guide/ for additional information.
Gym has been unmaintained since 2022 and does not support NumPy 2.0 amongst other critical functionality.
Please upgrade to Gymnasium, the maintained drop-in replacement of Gym, or contact the authors of your software and request that they upgrade.
Users of this version of Gym should be able to simply replace 'import gym' with 'import gymnasium as gym' in the vast majority of cases.
See the migration guide at https://gymnasium.farama.org/introduction/migration_guide/ for additional information.
Gym has been unmaintained since 2022 and does not support NumPy 2.0 amongst other critical functionality.
Please upgrade to Gymnasium, the maintained drop-in replacement of Gym, or contact the authors of your software and request that they upgrade.
Users of this version of Gym should be able to simply replace 'import gym' with 'import gymnasium as gym' in the vast majority of cases.
See the migration guide at https://gymnasium.farama.org/introduction/migration_guide/ for additional information.
Gym has been unmaintained since 2022 and does not support NumPy 2.0 amongst other critical functionality.
Please upgrade to Gymnasium, the maintained drop-in replacement of Gym, or contact the authors of your software and request that they upgrade.
Users of this version of Gym should be able to simply replace 'import gym' with 'import gymnasium as gym' in the vast majority of cases.
See the migration guide at https://gymnasium.farama.org/introduction/migration_guide/ for additional information.
Gym has been unmaintained since 2022 and does not support NumPy 2.0 amongst other critical functionality.
Please upgrade to Gymnasium, the maintained drop-in replacement of Gym, or contact the authors of your software and request that they upgrade.
Users of this version of Gym should be able to simply replace 'import gym' with 'import gymnasium as gym' in the vast majority of cases.
See the migration guide at https://gymnasium.farama.org/introduction/migration_guide/ for additional information.
Gym has been unmaintained since 2022 and does not support NumPy 2.0 amongst other critical functionality.
Please upgrade to Gymnasium, the maintained drop-in replacement of Gym, or contact the authors of your software and request that they upgrade.
Users of this version of Gym should be able to simply replace 'import gym' with 'import gymnasium as gym' in the vast majority of cases.
See the migration guide at https://gymnasium.farama.org/introduction/migration_guide/ for additional information.
baseline seed 95101: {'mean_soups_at_tfix': 1.2667, 'p_ccw_at_tfix': 0.9688, 'openness_at_tfix': 0.20062}
baseline seed 95202: {'mean_soups_at_tfix': 0.5333, 'p_ccw_at_tfix': 0.6296, 'openness_at_tfix': 0.95096}
baseline seed 95303: {'mean_soups_at_tfix': 0.3667, 'p_ccw_at_tfix': 0.3871, 'openness_at_tfix': 0.9629}
baseline seed 95606: {'mean_soups_at_tfix': 0.6667, 'p_ccw_at_tfix': 0.9688, 'openness_at_tfix': 0.20062}
baseline seed 95707: {'mean_soups_at_tfix': 0.2667, 'p_ccw_at_tfix': 0.4783, 'openness_at_tfix': 0.99864}
baseline seed 95808: {'mean_soups_at_tfix': 0.8667, 'p_ccw_at_tfix': 0.0625, 'openness_at_tfix': 0.33729}
baseline seed 95909: {'mean_soups_at_tfix': 1.6, 'p_ccw_at_tfix': 0.9688, 'openness_at_tfix': 0.20062}
baseline seed 96010: {'mean_soups_at_tfix': 1.9, 'p_ccw_at_tfix': 0.9688, 'openness_at_tfix': 0.20062}
{
 "T_FIX": 960000,
 "open_seeds": [
  95202,
  95303,
  95707
 ],
 "committed_seeds": [
  95101,
  95606,
  95808,
  95909,
  96010
 ],
 "OCF1_movable_open": "0/3",
 "OCF1_movable_committed": "0/5",
 "OCF1_seed_fisher_p": 1.0,
 "OCF1_pass": false,
 "OCF2_moved_open_runs": "0/6",
 "OCF2_moved_committed_runs": "0/10",
 "OCF2_run_fisher_p": 1.0,
 "OCF3_auc_openness": null,
 "OCF3_pass": false,
 "OCF4_strict_flips_open": 0,
 "OCF4_strict_flips_committed": 0,
 "OCF4_flips_only_in_open": true,
 "OCF5_auc_soups_deficit": null
}
