Gym has been unmaintained since 2022 and does not support NumPy 2.0 amongst other critical functionality.
Please upgrade to Gymnasium, the maintained drop-in replacement of Gym, or contact the authors of your software and request that they upgrade.
Users of this version of Gym should be able to simply replace 'import gym' with 'import gymnasium as gym' in the vast majority of cases.
See the migration guide at https://gymnasium.farama.org/introduction/migration_guide/ for additional information.
selected checkpoints: {95101: 260000, 95202: 1220000, 95303: 1340000, 95606: None, 95707: 1200000, 95808: None, 95909: 400000, 96010: None}
=== seed 95101 @ checkpoint 260000
    ep 0: open0=0.811 openEnd=0.994 dir=1
    ep 1: open0=0.863 openEnd=0.439 dir=0
    ep 2: open0=1.000 openEnd=0.764 dir=-1
    ep 3: open0=0.994 openEnd=0.684 dir=1
    ep 4: open0=0.985 openEnd=0.811 dir=1
    ep 5: open0=0.890 openEnd=0.650 dir=1
    ep 6: open0=0.980 openEnd=0.811 dir=0
    ep 7: open0=0.996 openEnd=0.391 dir=-1
    ep 8: open0=0.946 openEnd=1.000 dir=0
    ep 9: open0=0.985 openEnd=0.890 dir=1
    ep 10: open0=0.940 openEnd=0.996 dir=1
    ep 11: open0=0.996 openEnd=0.811 dir=-1
    ep 12: open0=0.940 openEnd=0.414 dir=-1
    ep 13: open0=0.881 openEnd=0.779 dir=1
    ep 14: open0=0.985 openEnd=0.946 dir=-1
    ep 15: open0=0.961 openEnd=0.592 dir=0
    ep 16: open0=0.918 openEnd=1.000 dir=0
    ep 17: open0=0.779 openEnd=0.994 dir=0
    ep 18: open0=0.980 openEnd=0.592 dir=1
    ep 19: open0=0.684 openEnd=0.469 dir=-1
    ep 20: open0=0.946 openEnd=0.881 dir=1
    ep 21: open0=1.000 openEnd=0.890 dir=1
    ep 22: open0=0.811 openEnd=0.918 dir=1
    ep 23: open0=0.996 openEnd=0.845 dir=-1
    ep 24: open0=0.980 openEnd=0.811 dir=1
    ep 25: open0=0.985 openEnd=0.414 dir=1
    ep 26: open0=0.863 openEnd=0.918 dir=1
    ep 27: open0=0.991 openEnd=0.619 dir=1
    ep 28: open0=0.980 openEnd=0.985 dir=1
    ep 29: open0=0.881 openEnd=0.890 dir=1
  -> onset=False t*=60.0 dBIC=-3.536 both_dirs=True
=== seed 95202 @ checkpoint 1220000
    ep 0: open0=0.650 openEnd=0.845 dir=-1
    ep 1: open0=0.811 openEnd=0.985 dir=-1
    ep 2: open0=0.592 openEnd=1.000 dir=-1
    ep 3: open0=0.779 openEnd=0.918 dir=1
    ep 4: open0=0.845 openEnd=0.980 dir=-1
    ep 5: open0=0.684 openEnd=0.918 dir=1
    ep 6: open0=0.918 openEnd=0.918 dir=0
    ep 7: open0=0.881 openEnd=0.946 dir=-1
    ep 8: open0=0.414 openEnd=0.650 dir=-1
    ep 9: open0=0.592 openEnd=0.650 dir=1
    ep 10: open0=0.980 openEnd=0.619 dir=-1
    ep 11: open0=0.750 openEnd=0.994 dir=1
    ep 12: open0=0.684 openEnd=0.918 dir=-1
    ep 13: open0=0.779 openEnd=0.890 dir=1
    ep 14: open0=0.946 openEnd=0.994 dir=-1
    ep 15: open0=0.779 openEnd=0.971 dir=0
    ep 16: open0=0.592 openEnd=0.764 dir=-1
    ep 17: open0=0.845 openEnd=0.985 dir=-1
    ep 18: open0=0.940 openEnd=0.890 dir=-1
    ep 19: open0=0.722 openEnd=0.996 dir=-1
    ep 20: open0=0.890 openEnd=0.996 dir=-1
    ep 21: open0=0.779 openEnd=0.863 dir=1
    ep 22: open0=0.779 openEnd=0.811 dir=1
    ep 23: open0=0.391 openEnd=0.985 dir=-1
    ep 24: open0=0.779 openEnd=0.980 dir=1
    ep 25: open0=0.811 openEnd=0.980 dir=1
    ep 26: open0=0.890 openEnd=1.000 dir=-1
    ep 27: open0=0.811 openEnd=0.764 dir=-1
    ep 28: open0=0.779 openEnd=0.918 dir=-1
    ep 29: open0=0.750 openEnd=0.946 dir=1
  -> onset=False t*=None dBIC=None both_dirs=True
=== seed 95303 @ checkpoint 1340000
    ep 0: open0=0.971 openEnd=1.000 dir=0
    ep 1: open0=0.890 openEnd=0.961 dir=1
    ep 2: open0=0.890 openEnd=0.985 dir=0
    ep 3: open0=0.961 openEnd=0.980 dir=1
    ep 4: open0=0.994 openEnd=0.890 dir=1
    ep 5: open0=0.890 openEnd=0.845 dir=1
    ep 6: open0=0.619 openEnd=0.845 dir=-1
    ep 7: open0=0.996 openEnd=0.650 dir=1
    ep 8: open0=0.946 openEnd=0.414 dir=1
    ep 9: open0=0.650 openEnd=0.890 dir=-1
    ep 10: open0=0.684 openEnd=0.940 dir=-1
    ep 11: open0=0.940 openEnd=0.650 dir=-1
    ep 12: open0=0.985 openEnd=0.779 dir=-1
    ep 13: open0=0.811 openEnd=0.918 dir=-1
    ep 14: open0=0.994 openEnd=0.940 dir=1
    ep 15: open0=0.619 openEnd=0.985 dir=-1
    ep 16: open0=0.779 openEnd=1.000 dir=0
    ep 17: open0=0.439 openEnd=0.684 dir=-1
    ep 18: open0=0.592 openEnd=0.890 dir=1
    ep 19: open0=0.971 openEnd=1.000 dir=-1
    ep 20: open0=0.996 openEnd=0.996 dir=-1
    ep 21: open0=0.863 openEnd=0.918 dir=-1
    ep 22: open0=0.996 openEnd=0.650 dir=-1
    ep 23: open0=0.863 openEnd=0.980 dir=-1
    ep 24: open0=0.619 openEnd=0.811 dir=-1
    ep 25: open0=0.811 openEnd=0.996 dir=-1
    ep 26: open0=0.779 openEnd=0.946 dir=1
    ep 27: open0=0.779 openEnd=0.961 dir=-1
    ep 28: open0=0.592 openEnd=0.750 dir=-1
    ep 29: open0=0.946 openEnd=0.811 dir=0
  -> onset=False t*=None dBIC=None both_dirs=True
=== seed 95707 @ checkpoint 1200000
    ep 0: open0=0.961 openEnd=0.779 dir=0
    ep 1: open0=0.996 openEnd=0.845 dir=-1
    ep 2: open0=0.961 openEnd=0.985 dir=0
    ep 3: open0=0.961 openEnd=1.000 dir=-1
    ep 4: open0=0.980 openEnd=0.940 dir=1
    ep 5: open0=0.996 openEnd=0.996 dir=-1
    ep 6: open0=0.994 openEnd=0.845 dir=1
    ep 7: open0=0.971 openEnd=0.994 dir=-1
    ep 8: open0=0.985 openEnd=0.980 dir=-1
    ep 9: open0=0.890 openEnd=0.961 dir=0
    ep 10: open0=0.940 openEnd=0.985 dir=-1
    ep 11: open0=0.980 openEnd=0.996 dir=1
    ep 12: open0=0.980 openEnd=0.940 dir=-1
    ep 13: open0=0.918 openEnd=1.000 dir=1
    ep 14: open0=0.811 openEnd=0.890 dir=1
    ep 15: open0=0.961 openEnd=0.811 dir=0
    ep 16: open0=0.996 openEnd=0.918 dir=-1
    ep 17: open0=0.961 openEnd=0.863 dir=-1
    ep 18: open0=0.996 openEnd=0.996 dir=-1
    ep 19: open0=0.996 openEnd=0.918 dir=1
    ep 20: open0=1.000 openEnd=0.980 dir=1
    ep 21: open0=0.918 openEnd=0.811 dir=1
    ep 22: open0=0.980 openEnd=0.391 dir=0
    ep 23: open0=0.971 openEnd=0.996 dir=-1
    ep 24: open0=0.946 openEnd=0.811 dir=-1
    ep 25: open0=0.994 openEnd=0.890 dir=1
    ep 26: open0=0.980 openEnd=0.994 dir=0
    ep 27: open0=0.811 openEnd=0.994 dir=0
    ep 28: open0=0.918 openEnd=0.811 dir=1
    ep 29: open0=0.961 openEnd=0.991 dir=1
  -> onset=False t*=None dBIC=None both_dirs=True
=== seed 95909 @ checkpoint 400000
    ep 0: open0=0.890 openEnd=0.863 dir=-1
    ep 1: open0=0.890 openEnd=0.881 dir=1
    ep 2: open0=0.918 openEnd=0.946 dir=1
    ep 3: open0=0.684 openEnd=0.750 dir=1
    ep 4: open0=0.845 openEnd=0.980 dir=1
    ep 5: open0=0.750 openEnd=0.845 dir=1
    ep 6: open0=0.391 openEnd=0.650 dir=-1
    ep 7: open0=0.811 openEnd=0.684 dir=1
    ep 8: open0=0.996 openEnd=0.890 dir=0
    ep 9: open0=0.750 openEnd=0.684 dir=-1
    ep 10: open0=0.996 openEnd=0.414 dir=-1
    ep 11: open0=0.918 openEnd=0.811 dir=1
    ep 12: open0=0.918 openEnd=0.650 dir=1
    ep 13: open0=0.779 openEnd=0.918 dir=1
    ep 14: open0=0.863 openEnd=0.764 dir=1
    ep 15: open0=0.996 openEnd=0.918 dir=1
    ep 16: open0=0.619 openEnd=0.863 dir=-1
    ep 17: open0=0.946 openEnd=0.684 dir=1
    ep 18: open0=0.845 openEnd=0.619 dir=-1
    ep 19: open0=0.391 openEnd=0.946 dir=0
    ep 20: open0=0.961 openEnd=0.980 dir=-1
    ep 21: open0=0.619 openEnd=0.863 dir=1
    ep 22: open0=0.684 openEnd=0.940 dir=1
    ep 23: open0=0.684 openEnd=0.811 dir=1
    ep 24: open0=0.779 openEnd=0.971 dir=-1
    ep 25: open0=0.779 openEnd=0.980 dir=1
    ep 26: open0=0.845 openEnd=0.619 dir=1
    ep 27: open0=0.890 openEnd=0.779 dir=0
    ep 28: open0=0.811 openEnd=0.722 dir=1
    ep 29: open0=0.961 openEnd=0.985 dir=0
  -> onset=False t*=None dBIC=None both_dirs=True
=== seed 95101 untrained control
    ep 0: open0=0.961 openEnd=0.650 dir=1
    ep 1: open0=0.961 openEnd=0.996 dir=0
    ep 2: open0=0.946 openEnd=0.971 dir=0
    ep 3: open0=0.991 openEnd=1.000 dir=1
    ep 4: open0=1.000 openEnd=0.980 dir=0
    ep 5: open0=0.811 openEnd=0.881 dir=0
    ep 6: open0=0.996 openEnd=0.996 dir=0
    ep 7: open0=0.890 openEnd=0.845 dir=1
    ep 8: open0=0.961 openEnd=1.000 dir=-1
    ep 9: open0=0.994 openEnd=0.946 dir=0
    ep 10: open0=0.996 openEnd=0.881 dir=-1
    ep 11: open0=0.764 openEnd=0.918 dir=1
    ep 12: open0=0.650 openEnd=0.971 dir=0
    ep 13: open0=0.961 openEnd=0.994 dir=0
    ep 14: open0=0.996 openEnd=1.000 dir=-1
    ep 15: open0=0.881 openEnd=0.946 dir=1
    ep 16: open0=0.863 openEnd=0.918 dir=-1
    ep 17: open0=0.881 openEnd=0.918 dir=1
    ep 18: open0=0.918 openEnd=1.000 dir=1
    ep 19: open0=0.811 openEnd=0.994 dir=1
    ep 20: open0=0.918 openEnd=0.946 dir=1
    ep 21: open0=0.650 openEnd=0.961 dir=0
    ep 22: open0=0.946 openEnd=0.980 dir=0
    ep 23: open0=0.991 openEnd=0.980 dir=1
    ep 24: open0=0.918 openEnd=0.991 dir=-1
    ep 25: open0=0.994 openEnd=0.881 dir=-1
    ep 26: open0=0.890 openEnd=0.845 dir=1
    ep 27: open0=1.000 openEnd=1.000 dir=1
    ep 28: open0=1.000 openEnd=0.684 dir=-1
    ep 29: open0=0.845 openEnd=1.000 dir=0
=== seed 95101 final-checkpoint control
    ep 0: open0=0.371 openEnd=0.371 dir=1
    ep 1: open0=0.371 openEnd=0.722 dir=1
    ep 2: open0=0.371 openEnd=0.371 dir=1
    ep 3: open0=0.371 openEnd=0.371 dir=1
    ep 4: open0=0.371 openEnd=0.371 dir=1
    ep 5: open0=0.371 openEnd=0.371 dir=1
    ep 6: open0=0.371 openEnd=0.371 dir=1
    ep 7: open0=0.371 openEnd=0.371 dir=1
    ep 8: open0=0.371 openEnd=0.371 dir=1
    ep 9: open0=0.371 openEnd=0.371 dir=1
    ep 10: open0=0.371 openEnd=0.371 dir=1
    ep 11: open0=0.371 openEnd=0.371 dir=1
    ep 12: open0=0.371 openEnd=0.371 dir=1
    ep 13: open0=0.371 openEnd=0.371 dir=1
    ep 14: open0=0.371 openEnd=0.371 dir=1
    ep 15: open0=0.371 openEnd=0.371 dir=1
    ep 16: open0=0.371 openEnd=0.371 dir=1
    ep 17: open0=0.371 openEnd=0.371 dir=1
    ep 18: open0=0.371 openEnd=0.371 dir=1
    ep 19: open0=0.371 openEnd=0.371 dir=1
    ep 20: open0=0.371 openEnd=0.414 dir=1
    ep 21: open0=0.371 openEnd=0.371 dir=1
    ep 22: open0=0.371 openEnd=0.980 dir=1
    ep 23: open0=0.371 openEnd=0.371 dir=1
    ep 24: open0=0.371 openEnd=0.371 dir=1
    ep 25: open0=0.371 openEnd=0.371 dir=1
    ep 26: open0=0.371 openEnd=0.371 dir=1
    ep 27: open0=0.371 openEnd=0.371 dir=1
    ep 28: open0=0.371 openEnd=0.371 dir=1
    ep 29: open0=0.371 openEnd=0.371 dir=1
=== seed 95202 untrained control
    ep 0: open0=0.890 openEnd=0.946 dir=0
    ep 1: open0=0.971 openEnd=0.996 dir=-1
    ep 2: open0=0.684 openEnd=1.000 dir=-1
    ep 3: open0=0.971 openEnd=0.961 dir=1
    ep 4: open0=0.991 openEnd=0.946 dir=-1
    ep 5: open0=0.881 openEnd=0.980 dir=1
    ep 6: open0=0.971 openEnd=0.980 dir=1
    ep 7: open0=0.971 openEnd=1.000 dir=0
    ep 8: open0=0.811 openEnd=0.980 dir=0
    ep 9: open0=1.000 openEnd=0.881 dir=0
    ep 10: open0=1.000 openEnd=0.994 dir=0
    ep 11: open0=0.991 openEnd=0.994 dir=1
    ep 12: open0=0.722 openEnd=0.946 dir=0
    ep 13: open0=0.954 openEnd=1.000 dir=0
    ep 14: open0=1.000 openEnd=1.000 dir=-1
    ep 15: open0=0.946 openEnd=0.996 dir=1
    ep 16: open0=0.980 openEnd=0.971 dir=1
    ep 17: open0=0.971 openEnd=0.994 dir=-1
    ep 18: open0=0.918 openEnd=1.000 dir=0
    ep 19: open0=0.845 openEnd=0.996 dir=-1
    ep 20: open0=0.971 openEnd=0.996 dir=-1
    ep 21: open0=1.000 openEnd=0.971 dir=1
    ep 22: open0=0.650 openEnd=0.980 dir=-1
    ep 23: open0=1.000 openEnd=0.971 dir=1
    ep 24: open0=1.000 openEnd=1.000 dir=1
    ep 25: open0=0.946 openEnd=0.980 dir=1
    ep 26: open0=0.946 openEnd=0.946 dir=0
    ep 27: open0=0.918 openEnd=0.971 dir=-1
    ep 28: open0=0.863 openEnd=0.845 dir=0
    ep 29: open0=0.845 openEnd=0.918 dir=-1
=== seed 95202 final-checkpoint control
    ep 0: open0=0.371 openEnd=0.371 dir=1
    ep 1: open0=0.371 openEnd=0.371 dir=1
    ep 2: open0=0.371 openEnd=0.371 dir=1
    ep 3: open0=0.371 openEnd=0.371 dir=1
    ep 4: open0=0.371 openEnd=0.503 dir=1
    ep 5: open0=0.371 openEnd=0.371 dir=1
    ep 6: open0=0.371 openEnd=0.371 dir=1
    ep 7: open0=0.371 openEnd=0.371 dir=1
    ep 8: open0=0.371 openEnd=0.371 dir=1
    ep 9: open0=0.371 openEnd=0.592 dir=1
    ep 10: open0=0.371 openEnd=0.371 dir=1
    ep 11: open0=0.371 openEnd=0.414 dir=1
    ep 12: open0=0.371 openEnd=0.946 dir=1
    ep 13: open0=0.371 openEnd=0.371 dir=1
    ep 14: open0=0.371 openEnd=0.391 dir=1
    ep 15: open0=0.371 openEnd=0.371 dir=1
    ep 16: open0=0.371 openEnd=0.371 dir=1
    ep 17: open0=0.371 openEnd=0.371 dir=1
    ep 18: open0=0.371 openEnd=0.371 dir=1
    ep 19: open0=0.371 openEnd=0.391 dir=1
    ep 20: open0=0.371 openEnd=0.414 dir=1
    ep 21: open0=0.592 openEnd=0.439 dir=1
    ep 22: open0=0.391 openEnd=0.371 dir=1
    ep 23: open0=0.371 openEnd=0.371 dir=1
    ep 24: open0=0.592 openEnd=0.779 dir=1
    ep 25: open0=0.371 openEnd=0.371 dir=1
    ep 26: open0=0.371 openEnd=0.371 dir=1
    ep 27: open0=0.371 openEnd=0.371 dir=1
    ep 28: open0=0.371 openEnd=0.592 dir=1
    ep 29: open0=0.371 openEnd=0.371 dir=1
=== seed 95303 untrained control
    ep 0: open0=1.000 openEnd=0.996 dir=0
    ep 1: open0=0.845 openEnd=1.000 dir=-1
    ep 2: open0=0.811 openEnd=0.996 dir=0
    ep 3: open0=0.994 openEnd=0.881 dir=1
    ep 4: open0=0.881 openEnd=0.994 dir=1
    ep 5: open0=0.845 openEnd=0.764 dir=1
    ep 6: open0=0.918 openEnd=0.845 dir=0
    ep 7: open0=0.845 openEnd=0.985 dir=0
    ep 8: open0=0.996 openEnd=0.971 dir=-1
    ep 9: open0=0.991 openEnd=0.996 dir=1
    ep 10: open0=0.980 openEnd=0.881 dir=0
    ep 11: open0=0.994 openEnd=0.991 dir=-1
    ep 12: open0=0.961 openEnd=0.994 dir=-1
    ep 13: open0=0.971 openEnd=0.994 dir=-1
    ep 14: open0=0.991 openEnd=0.811 dir=-1
    ep 15: open0=0.980 openEnd=0.881 dir=-1
    ep 16: open0=0.918 openEnd=0.994 dir=0
    ep 17: open0=0.991 openEnd=0.881 dir=0
    ep 18: open0=0.946 openEnd=0.946 dir=0
    ep 19: open0=0.961 openEnd=0.980 dir=1
    ep 20: open0=0.991 openEnd=0.991 dir=0
    ep 21: open0=0.918 openEnd=0.991 dir=1
    ep 22: open0=0.764 openEnd=0.881 dir=0
    ep 23: open0=0.971 openEnd=1.000 dir=0
    ep 24: open0=0.881 openEnd=1.000 dir=1
    ep 25: open0=0.991 openEnd=0.918 dir=1
    ep 26: open0=0.994 openEnd=0.994 dir=-1
    ep 27: open0=0.971 openEnd=0.946 dir=-1
    ep 28: open0=0.985 openEnd=0.980 dir=-1
    ep 29: open0=0.971 openEnd=0.722 dir=1
=== seed 95303 final-checkpoint control
    ep 0: open0=0.371 openEnd=0.961 dir=-1
    ep 1: open0=0.371 openEnd=0.391 dir=-1
    ep 2: open0=0.371 openEnd=0.994 dir=-1
    ep 3: open0=0.371 openEnd=0.391 dir=-1
    ep 4: open0=0.371 openEnd=0.619 dir=-1
    ep 5: open0=0.371 openEnd=0.371 dir=-1
    ep 6: open0=0.371 openEnd=0.592 dir=-1
    ep 7: open0=0.371 openEnd=0.918 dir=-1
    ep 8: open0=0.371 openEnd=0.996 dir=-1
    ep 9: open0=0.371 openEnd=0.722 dir=-1
    ep 10: open0=0.371 openEnd=0.371 dir=-1
    ep 11: open0=0.371 openEnd=0.414 dir=-1
    ep 12: open0=0.371 openEnd=1.000 dir=-1
    ep 13: open0=0.371 openEnd=0.764 dir=-1
    ep 14: open0=0.371 openEnd=0.980 dir=-1
    ep 15: open0=0.371 openEnd=0.985 dir=-1
    ep 16: open0=0.371 openEnd=0.371 dir=-1
    ep 17: open0=0.371 openEnd=0.371 dir=-1
    ep 18: open0=0.371 openEnd=0.371 dir=-1
    ep 19: open0=0.371 openEnd=0.371 dir=-1
    ep 20: open0=0.371 openEnd=0.544 dir=-1
    ep 21: open0=0.371 openEnd=0.811 dir=-1
    ep 22: open0=0.371 openEnd=0.371 dir=-1
    ep 23: open0=0.371 openEnd=0.371 dir=-1
    ep 24: open0=0.371 openEnd=0.619 dir=-1
    ep 25: open0=0.371 openEnd=0.918 dir=-1
    ep 26: open0=0.371 openEnd=0.371 dir=-1
    ep 27: open0=0.371 openEnd=0.371 dir=-1
    ep 28: open0=0.371 openEnd=0.503 dir=-1
    ep 29: open0=0.371 openEnd=0.371 dir=-1
=== seed 95606 untrained control
    ep 0: open0=0.918 openEnd=0.811 dir=-1
    ep 1: open0=0.863 openEnd=0.722 dir=0
    ep 2: open0=0.996 openEnd=0.764 dir=-1
    ep 3: open0=0.918 openEnd=0.918 dir=-1
    ep 4: open0=0.980 openEnd=0.996 dir=1
    ep 5: open0=0.722 openEnd=0.918 dir=1
    ep 6: open0=0.971 openEnd=0.980 dir=-1
    ep 7: open0=0.994 openEnd=0.918 dir=1
    ep 8: open0=0.890 openEnd=1.000 dir=-1
    ep 9: open0=0.946 openEnd=0.918 dir=1
    ep 10: open0=1.000 openEnd=0.722 dir=-1
    ep 11: open0=0.996 openEnd=0.811 dir=-1
    ep 12: open0=0.946 openEnd=0.994 dir=-1
    ep 13: open0=0.946 openEnd=0.946 dir=-1
    ep 14: open0=0.881 openEnd=0.980 dir=-1
    ep 15: open0=0.996 openEnd=0.994 dir=-1
    ep 16: open0=0.971 openEnd=1.000 dir=1
    ep 17: open0=0.994 openEnd=0.940 dir=1
    ep 18: open0=0.994 openEnd=0.985 dir=-1
    ep 19: open0=0.994 openEnd=1.000 dir=1
    ep 20: open0=1.000 openEnd=0.961 dir=1
    ep 21: open0=0.684 openEnd=0.991 dir=-1
    ep 22: open0=0.980 openEnd=0.940 dir=1
    ep 23: open0=0.994 openEnd=0.994 dir=-1
    ep 24: open0=0.980 openEnd=0.961 dir=-1
    ep 25: open0=0.991 openEnd=0.592 dir=-1
    ep 26: open0=0.845 openEnd=0.994 dir=1
    ep 27: open0=0.890 openEnd=0.985 dir=1
    ep 28: open0=0.918 openEnd=0.946 dir=-1
    ep 29: open0=0.991 openEnd=0.991 dir=0
=== seed 95606 final-checkpoint control
    ep 0: open0=0.371 openEnd=0.371 dir=1
    ep 1: open0=0.371 openEnd=0.371 dir=1
    ep 2: open0=0.371 openEnd=0.371 dir=1
    ep 3: open0=0.371 openEnd=0.371 dir=1
    ep 4: open0=0.371 openEnd=0.371 dir=1
    ep 5: open0=0.371 openEnd=0.371 dir=1
    ep 6: open0=0.371 openEnd=0.371 dir=1
    ep 7: open0=0.371 openEnd=0.371 dir=1
    ep 8: open0=0.371 openEnd=0.371 dir=1
    ep 9: open0=0.371 openEnd=0.371 dir=1
    ep 10: open0=0.371 openEnd=0.371 dir=1
    ep 11: open0=0.371 openEnd=0.371 dir=1
    ep 12: open0=0.371 openEnd=0.371 dir=1
    ep 13: open0=0.371 openEnd=0.371 dir=1
    ep 14: open0=0.371 openEnd=0.371 dir=1
    ep 15: open0=0.371 openEnd=0.371 dir=1
    ep 16: open0=0.371 openEnd=0.371 dir=1
    ep 17: open0=0.371 openEnd=0.371 dir=1
    ep 18: open0=0.371 openEnd=0.371 dir=1
    ep 19: open0=0.371 openEnd=0.371 dir=1
    ep 20: open0=0.371 openEnd=0.371 dir=1
    ep 21: open0=0.371 openEnd=0.371 dir=1
    ep 22: open0=0.371 openEnd=0.371 dir=1
    ep 23: open0=0.371 openEnd=0.371 dir=1
    ep 24: open0=0.371 openEnd=0.371 dir=1
    ep 25: open0=0.371 openEnd=0.371 dir=1
    ep 26: open0=0.371 openEnd=0.371 dir=1
    ep 27: open0=0.371 openEnd=0.918 dir=1
    ep 28: open0=0.371 openEnd=0.371 dir=1
    ep 29: open0=0.371 openEnd=0.371 dir=1
=== seed 95707 untrained control
    ep 0: open0=0.994 openEnd=0.954 dir=1
    ep 1: open0=0.918 openEnd=1.000 dir=1
    ep 2: open0=0.994 openEnd=0.946 dir=-1
    ep 3: open0=0.961 openEnd=0.994 dir=-1
    ep 4: open0=0.971 openEnd=0.994 dir=-1
    ep 5: open0=0.980 openEnd=0.764 dir=1
    ep 6: open0=0.811 openEnd=0.994 dir=1
    ep 7: open0=0.994 openEnd=0.503 dir=1
    ep 8: open0=0.996 openEnd=0.940 dir=0
    ep 9: open0=0.985 openEnd=0.845 dir=1
    ep 10: open0=1.000 openEnd=0.996 dir=0
    ep 11: open0=0.991 openEnd=0.845 dir=-1
    ep 12: open0=0.881 openEnd=0.980 dir=1
    ep 13: open0=0.980 openEnd=0.845 dir=-1
    ep 14: open0=0.971 openEnd=0.684 dir=1
    ep 15: open0=0.881 openEnd=0.890 dir=1
    ep 16: open0=0.881 openEnd=0.994 dir=1
    ep 17: open0=0.845 openEnd=0.946 dir=1
    ep 18: open0=0.991 openEnd=0.980 dir=1
    ep 19: open0=0.845 openEnd=0.811 dir=1
    ep 20: open0=0.845 openEnd=0.994 dir=0
    ep 21: open0=0.961 openEnd=0.881 dir=-1
    ep 22: open0=0.946 openEnd=0.811 dir=-1
    ep 23: open0=0.980 openEnd=1.000 dir=0
    ep 24: open0=0.940 openEnd=0.845 dir=1
    ep 25: open0=1.000 openEnd=0.619 dir=1
    ep 26: open0=1.000 openEnd=0.980 dir=1
    ep 27: open0=0.994 openEnd=0.980 dir=-1
    ep 28: open0=1.000 openEnd=0.811 dir=1
    ep 29: open0=0.994 openEnd=0.845 dir=1
=== seed 95707 final-checkpoint control
    ep 0: open0=0.371 openEnd=0.371 dir=1
    ep 1: open0=0.371 openEnd=0.371 dir=1
    ep 2: open0=0.371 openEnd=0.371 dir=1
    ep 3: open0=0.371 openEnd=0.371 dir=1
    ep 4: open0=0.371 openEnd=0.371 dir=1
    ep 5: open0=0.371 openEnd=0.371 dir=1
    ep 6: open0=0.371 openEnd=0.371 dir=1
    ep 7: open0=0.371 openEnd=0.391 dir=1
    ep 8: open0=0.371 openEnd=0.371 dir=1
    ep 9: open0=0.371 openEnd=0.371 dir=1
    ep 10: open0=0.371 openEnd=0.371 dir=1
    ep 11: open0=0.371 openEnd=0.371 dir=1
    ep 12: open0=0.371 openEnd=0.371 dir=1
    ep 13: open0=0.371 openEnd=0.371 dir=1
    ep 14: open0=0.371 openEnd=0.371 dir=1
    ep 15: open0=0.371 openEnd=0.371 dir=1
    ep 16: open0=0.371 openEnd=0.371 dir=1
    ep 17: open0=0.371 openEnd=0.946 dir=1
    ep 18: open0=0.371 openEnd=0.371 dir=1
    ep 19: open0=0.371 openEnd=0.371 dir=1
    ep 20: open0=0.371 openEnd=0.371 dir=1
    ep 21: open0=0.371 openEnd=0.371 dir=1
    ep 22: open0=0.371 openEnd=0.371 dir=1
    ep 23: open0=0.371 openEnd=0.371 dir=1
    ep 24: open0=0.371 openEnd=0.371 dir=1
    ep 25: open0=0.371 openEnd=0.371 dir=1
    ep 26: open0=0.371 openEnd=0.371 dir=1
    ep 27: open0=0.371 openEnd=0.371 dir=1
    ep 28: open0=0.371 openEnd=0.371 dir=1
    ep 29: open0=0.371 openEnd=0.371 dir=1
=== seed 95808 untrained control
    ep 0: open0=0.722 openEnd=0.996 dir=1
    ep 1: open0=0.946 openEnd=0.996 dir=1
    ep 2: open0=0.980 openEnd=0.980 dir=-1
    ep 3: open0=0.994 openEnd=0.918 dir=1
    ep 4: open0=0.881 openEnd=1.000 dir=-1
    ep 5: open0=0.845 openEnd=0.980 dir=-1
    ep 6: open0=0.996 openEnd=0.980 dir=1
    ep 7: open0=0.991 openEnd=0.946 dir=1
    ep 8: open0=1.000 openEnd=0.996 dir=-1
    ep 9: open0=0.996 openEnd=0.991 dir=0
    ep 10: open0=0.946 openEnd=1.000 dir=-1
    ep 11: open0=0.996 openEnd=0.996 dir=0
    ep 12: open0=0.881 openEnd=0.994 dir=-1
    ep 13: open0=0.980 openEnd=0.890 dir=-1
    ep 14: open0=0.722 openEnd=0.971 dir=-1
    ep 15: open0=1.000 openEnd=0.991 dir=0
    ep 16: open0=0.971 openEnd=0.994 dir=1
    ep 17: open0=0.985 openEnd=0.961 dir=1
    ep 18: open0=0.918 openEnd=0.991 dir=-1
    ep 19: open0=1.000 openEnd=0.918 dir=1
    ep 20: open0=0.980 openEnd=0.890 dir=1
    ep 21: open0=0.971 openEnd=0.991 dir=-1
    ep 22: open0=0.994 openEnd=1.000 dir=-1
    ep 23: open0=0.881 openEnd=1.000 dir=-1
    ep 24: open0=1.000 openEnd=0.881 dir=-1
    ep 25: open0=0.980 openEnd=0.980 dir=1
    ep 26: open0=0.971 openEnd=0.980 dir=0
    ep 27: open0=0.994 openEnd=0.722 dir=-1
    ep 28: open0=0.971 openEnd=0.881 dir=1
    ep 29: open0=0.994 openEnd=0.779 dir=0
=== seed 95808 final-checkpoint control
    ep 0: open0=0.371 openEnd=0.371 dir=-1
    ep 1: open0=0.371 openEnd=0.371 dir=-1
    ep 2: open0=0.371 openEnd=0.371 dir=-1
    ep 3: open0=0.371 openEnd=0.371 dir=-1
    ep 4: open0=0.371 openEnd=0.371 dir=-1
    ep 5: open0=0.371 openEnd=0.371 dir=-1
    ep 6: open0=0.371 openEnd=0.371 dir=-1
    ep 7: open0=0.371 openEnd=0.371 dir=-1
    ep 8: open0=0.371 openEnd=0.371 dir=-1
    ep 9: open0=0.371 openEnd=0.371 dir=-1
    ep 10: open0=0.371 openEnd=0.371 dir=-1
    ep 11: open0=0.371 openEnd=0.371 dir=-1
    ep 12: open0=0.371 openEnd=0.371 dir=-1
    ep 13: open0=0.371 openEnd=0.371 dir=-1
    ep 14: open0=0.371 openEnd=0.371 dir=-1
    ep 15: open0=0.371 openEnd=0.371 dir=-1
    ep 16: open0=0.371 openEnd=0.371 dir=-1
    ep 17: open0=0.371 openEnd=0.371 dir=-1
    ep 18: open0=0.371 openEnd=0.371 dir=-1
    ep 19: open0=0.371 openEnd=0.371 dir=-1
    ep 20: open0=0.371 openEnd=0.371 dir=-1
    ep 21: open0=0.371 openEnd=0.371 dir=-1
    ep 22: open0=0.371 openEnd=0.371 dir=-1
    ep 23: open0=0.371 openEnd=0.371 dir=-1
    ep 24: open0=0.371 openEnd=0.371 dir=-1
    ep 25: open0=0.371 openEnd=0.371 dir=-1
    ep 26: open0=0.371 openEnd=0.371 dir=-1
    ep 27: open0=0.371 openEnd=0.371 dir=-1
    ep 28: open0=0.371 openEnd=0.371 dir=-1
    ep 29: open0=0.371 openEnd=0.371 dir=-1
=== seed 95909 untrained control
    ep 0: open0=0.946 openEnd=0.994 dir=0
    ep 1: open0=1.000 openEnd=1.000 dir=-1
    ep 2: open0=0.996 openEnd=1.000 dir=1
    ep 3: open0=1.000 openEnd=0.845 dir=0
    ep 4: open0=0.811 openEnd=1.000 dir=1
    ep 5: open0=0.980 openEnd=0.980 dir=0
    ep 6: open0=0.954 openEnd=0.994 dir=-1
    ep 7: open0=0.991 openEnd=1.000 dir=0
    ep 8: open0=0.946 openEnd=0.764 dir=1
    ep 9: open0=0.845 openEnd=0.971 dir=1
    ep 10: open0=1.000 openEnd=0.779 dir=-1
    ep 11: open0=0.946 openEnd=0.890 dir=-1
    ep 12: open0=0.845 openEnd=1.000 dir=1
    ep 13: open0=0.994 openEnd=0.918 dir=1
    ep 14: open0=0.946 openEnd=1.000 dir=0
    ep 15: open0=0.996 openEnd=0.994 dir=-1
    ep 16: open0=0.996 openEnd=0.918 dir=-1
    ep 17: open0=0.946 openEnd=0.918 dir=1
    ep 18: open0=0.996 openEnd=0.994 dir=-1
    ep 19: open0=0.845 openEnd=0.996 dir=-1
    ep 20: open0=0.946 openEnd=0.946 dir=0
    ep 21: open0=0.996 openEnd=0.961 dir=1
    ep 22: open0=1.000 openEnd=0.994 dir=-1
    ep 23: open0=0.890 openEnd=0.946 dir=-1
    ep 24: open0=1.000 openEnd=0.994 dir=-1
    ep 25: open0=0.918 openEnd=0.918 dir=1
    ep 26: open0=0.991 openEnd=0.996 dir=0
    ep 27: open0=0.991 openEnd=0.980 dir=1
    ep 28: open0=0.971 openEnd=0.971 dir=0
    ep 29: open0=0.961 openEnd=0.971 dir=1
=== seed 95909 final-checkpoint control
    ep 0: open0=0.371 openEnd=0.371 dir=1
    ep 1: open0=0.371 openEnd=0.371 dir=1
    ep 2: open0=0.371 openEnd=0.371 dir=1
    ep 3: open0=0.371 openEnd=0.371 dir=1
    ep 4: open0=0.371 openEnd=0.371 dir=1
    ep 5: open0=0.371 openEnd=0.592 dir=1
    ep 6: open0=0.371 openEnd=0.371 dir=1
    ep 7: open0=0.371 openEnd=0.371 dir=1
    ep 8: open0=0.371 openEnd=0.371 dir=1
    ep 9: open0=0.371 openEnd=0.371 dir=1
    ep 10: open0=0.371 openEnd=0.371 dir=1
    ep 11: open0=0.371 openEnd=0.371 dir=1
    ep 12: open0=0.371 openEnd=0.371 dir=1
    ep 13: open0=0.371 openEnd=0.371 dir=1
    ep 14: open0=0.371 openEnd=0.371 dir=1
    ep 15: open0=0.371 openEnd=0.371 dir=1
    ep 16: open0=0.371 openEnd=0.991 dir=1
    ep 17: open0=0.371 openEnd=0.371 dir=1
    ep 18: open0=0.371 openEnd=0.371 dir=1
    ep 19: open0=0.371 openEnd=0.371 dir=1
    ep 20: open0=0.371 openEnd=0.371 dir=1
    ep 21: open0=0.371 openEnd=0.371 dir=1
    ep 22: open0=0.371 openEnd=0.371 dir=1
    ep 23: open0=0.371 openEnd=0.371 dir=1
    ep 24: open0=0.371 openEnd=0.371 dir=1
    ep 25: open0=0.371 openEnd=0.371 dir=1
    ep 26: open0=0.371 openEnd=0.371 dir=1
    ep 27: open0=0.371 openEnd=0.371 dir=1
    ep 28: open0=0.371 openEnd=0.371 dir=1
    ep 29: open0=0.371 openEnd=0.371 dir=1
=== seed 96010 untrained control
    ep 0: open0=1.000 openEnd=1.000 dir=1
    ep 1: open0=0.994 openEnd=0.890 dir=0
    ep 2: open0=0.544 openEnd=0.996 dir=0
    ep 3: open0=0.881 openEnd=0.779 dir=1
    ep 4: open0=0.918 openEnd=0.779 dir=1
    ep 5: open0=1.000 openEnd=0.764 dir=1
    ep 6: open0=0.961 openEnd=0.890 dir=1
    ep 7: open0=0.779 openEnd=0.980 dir=-1
    ep 8: open0=0.996 openEnd=0.994 dir=1
    ep 9: open0=0.980 openEnd=0.994 dir=1
    ep 10: open0=0.961 openEnd=0.980 dir=0
    ep 11: open0=0.845 openEnd=0.971 dir=1
    ep 12: open0=0.863 openEnd=0.985 dir=1
    ep 13: open0=0.684 openEnd=0.980 dir=-1
    ep 14: open0=0.779 openEnd=0.619 dir=1
    ep 15: open0=0.994 openEnd=1.000 dir=1
    ep 16: open0=0.980 openEnd=0.684 dir=-1
    ep 17: open0=0.881 openEnd=0.994 dir=-1
    ep 18: open0=0.918 openEnd=0.980 dir=0
    ep 19: open0=0.980 openEnd=1.000 dir=-1
    ep 20: open0=0.946 openEnd=0.779 dir=1
    ep 21: open0=0.918 openEnd=1.000 dir=-1
    ep 22: open0=0.996 openEnd=0.750 dir=1
    ep 23: open0=0.918 openEnd=0.971 dir=1
    ep 24: open0=0.940 openEnd=0.996 dir=1
    ep 25: open0=0.811 openEnd=0.918 dir=1
    ep 26: open0=0.650 openEnd=0.946 dir=1
    ep 27: open0=0.439 openEnd=0.946 dir=1
    ep 28: open0=0.845 openEnd=0.996 dir=1
    ep 29: open0=0.684 openEnd=0.811 dir=1
=== seed 96010 final-checkpoint control
    ep 0: open0=0.371 openEnd=0.371 dir=1
    ep 1: open0=0.371 openEnd=0.371 dir=1
    ep 2: open0=0.371 openEnd=0.371 dir=1
    ep 3: open0=0.371 openEnd=0.371 dir=1
    ep 4: open0=0.371 openEnd=0.371 dir=1
    ep 5: open0=0.371 openEnd=0.371 dir=1
    ep 6: open0=0.371 openEnd=0.371 dir=1
    ep 7: open0=0.371 openEnd=0.371 dir=1
    ep 8: open0=0.371 openEnd=0.371 dir=1
    ep 9: open0=0.371 openEnd=0.371 dir=1
    ep 10: open0=0.371 openEnd=0.371 dir=1
    ep 11: open0=0.371 openEnd=0.371 dir=1
    ep 12: open0=0.371 openEnd=0.371 dir=1
    ep 13: open0=0.371 openEnd=0.371 dir=1
    ep 14: open0=0.371 openEnd=0.371 dir=1
    ep 15: open0=0.371 openEnd=0.371 dir=1
    ep 16: open0=0.371 openEnd=0.371 dir=1
    ep 17: open0=0.371 openEnd=0.371 dir=1
    ep 18: open0=0.371 openEnd=0.371 dir=1
    ep 19: open0=0.371 openEnd=0.371 dir=1
    ep 20: open0=0.371 openEnd=0.371 dir=1
    ep 21: open0=0.371 openEnd=0.371 dir=1
    ep 22: open0=0.371 openEnd=0.371 dir=1
    ep 23: open0=0.371 openEnd=0.371 dir=1
    ep 24: open0=0.371 openEnd=0.371 dir=1
    ep 25: open0=0.371 openEnd=0.371 dir=1
    ep 26: open0=0.371 openEnd=0.371 dir=1
    ep 27: open0=0.371 openEnd=0.371 dir=1
    ep 28: open0=0.371 openEnd=0.371 dir=1
    ep 29: open0=0.371 openEnd=0.371 dir=1
{
 "OCRR1_ge_6of8_selectable": false,
 "n_selected": 5,
 "OCRR2_onset_ge_060_of_selected": false,
 "n_onset": 0,
 "OCRR3_both_directions_ge_060": true,
 "n_both_directions": 5,
 "OCRR4_untrained_zero_onset": true,
 "OCRR4_untrained_open_ge_07": true,
 "OCRR5_final_initial_lt_05_ge_6of8": true,
 "OCRR5_final_zero_onset": true
}
Wrote /home/Yixiang/MPARL/GOGOGO/outputs/oc_ring_realization.json
