Gym has been unmaintained since 2022 and does not support NumPy 2.0 amongst other critical functionality.
Please upgrade to Gymnasium, the maintained drop-in replacement of Gym, or contact the authors of your software and request that they upgrade.
Users of this version of Gym should be able to simply replace 'import gym' with 'import gymnasium as gym' in the vast majority of cases.
See the migration guide at https://gymnasium.farama.org/introduction/migration_guide/ for additional information.
training seed 93002 for 2000000 steps
  checkpoint 40000 saved at step 40960
  checkpoint 80000 saved at step 81920
  checkpoint 160000 saved at step 161792
  checkpoint 320000 saved at step 321536
  checkpoint 640000 saved at step 641024
  checkpoint 1000000 saved at step 1001472
  checkpoint 1500000 saved at step 1501184
  checkpoint 2000000 saved at step 2000896
training done in 21.61 min; evaluating 8 checkpoints
  ckpt 40000: G=0.0113 CI=[0.0007725010507497195, 0.05094631427638842] M=0.00 score=0.00
  ckpt 80000: G=0.0567 CI=[0.0238295629014624, 0.11472252542723152] M=0.20 score=0.20
  ckpt 160000: G=0.0640 CI=[0.022805670867019283, 0.14098355764749543] M=0.20 score=0.40
  ckpt 320000: G=0.0225 CI=[0.005237685889455348, 0.06931297046219569] M=1.40 score=1.80
  ckpt 640000: G=0.0958 CI=[0.053694267458226884, 0.17156227521409312] M=2.60 score=5.00
  ckpt 1000000: G=0.0026 CI=[0.0007296573584283369, 0.026277559427997175] M=3.40 score=14.40
  ckpt 1500000: G=0.0177 CI=[0.008258018723148968, 0.05603070971861167] M=8.80 score=18.40
  ckpt 2000000: G=0.0025 CI=[0.0019310683406062016, 0.0376975437925651] M=-0.20 score=3.20
{
  "t_seed_steps": 40000,
  "t_visible_steps": 320000,
  "registered_outcomes": {
    "OTC_G1_all_finite_normalized": true,
    "OTC_G2_seed_no_later_than_visible": true,
    "OTC_G3_final_M_positive": false
  }
}
Wrote /home/Yixiang/MPARL/GOGOGO/outputs/overcooked_genesis_curve_curve_s93002.json
