Gym has been unmaintained since 2022 and does not support NumPy 2.0 amongst other critical functionality.
Please upgrade to Gymnasium, the maintained drop-in replacement of Gym, or contact the authors of your software and request that they upgrade.
Users of this version of Gym should be able to simply replace 'import gym' with 'import gymnasium as gym' in the vast majority of cases.
See the migration guide at https://gymnasium.farama.org/introduction/migration_guide/ for additional information.
ckpt 40000: Cbar=0.0573 CI=[0.053092813988214776, 0.0635893647018837] C_ind=0.283 C_env=0.006 C_rel=0.007 Hmacro=1.236 score=0.4
ckpt 80000: Cbar=0.0791 CI=[0.0747391642054366, 0.08524837398129319] C_ind=0.395 C_env=0.004 C_rel=0.010 Hmacro=0.722 score=0.2
ckpt 160000: Cbar=0.0880 CI=[0.08383043025149342, 0.09345074675984039] C_ind=0.442 C_env=0.003 C_rel=0.010 Hmacro=1.279 score=0.8
ckpt 320000: Cbar=0.1048 CI=[0.1003682447413827, 0.10976595258738044] C_ind=0.521 C_env=0.007 C_rel=0.014 Hmacro=1.159 score=2.0
ckpt 640000: Cbar=0.0812 CI=[0.07831387668446856, 0.08532380760208275] C_ind=0.396 C_env=0.004 C_rel=0.020 Hmacro=1.482 score=4.0
ckpt 1000000: Cbar=0.1083 CI=[0.10151057302324713, 0.11555150654710007] C_ind=0.518 C_env=0.036 C_rel=0.005 Hmacro=1.529 score=16.4
ckpt 1500000: Cbar=0.0955 CI=[0.09229921612241916, 0.1004591283175486] C_ind=0.438 C_env=0.040 C_rel=0.015 Hmacro=1.775 score=25.6
ckpt 2000000: Cbar=0.0802 CI=[0.07750791956124545, 0.08346698158820802] C_ind=0.341 C_env=0.057 C_rel=0.017 Hmacro=1.790 score=29.4
{
  "JC1_collapse_direction": true,
  "JC2_ladder_sanity": true,
  "JC3_burst_at_takeoff": true,
  "JC4_relational_growth": true,
  "JC5_macro_collapse": false
}
largest collapse interval: (640000, 1000000)
Wrote /home/Yixiang/MPARL/GOGOGO/outputs/overcooked_joint_collapse_s93001.json
