
=== fresh external seed 8031 ===
  iter    0 | return   -2.90 | win 0.000
  iter   20 | return   -4.33 | win 0.000
  iter   40 | return    1.14 | win 0.000
  iter   60 | return   10.94 | win 0.167
  iter   80 | return   17.96 | win 0.500
  iter  100 | return   28.49 | win 1.000
  iter  120 | return   21.83 | win 0.667
  iter  140 | return   24.25 | win 0.750
  iter  160 | return   24.75 | win 0.833
  iter  180 | return   22.77 | win 0.667
  iter  200 | return   22.88 | win 0.667
  iter  220 | return   21.45 | win 0.667
  iter  240 | return   28.50 | win 1.000
  iter  260 | return   23.64 | win 0.750
  iter  280 | return   26.13 | win 0.833
  iter  299 | return   26.72 | win 0.917
  marl_learned    sep 0.93 acq +0.92 verdict 1 truth 1 failed -
  marl_untrained  sep 0.00 acq +0.00 verdict 0 truth 0 failed potential;conditional_selectivity;usefulness;acquisition
  nearest_only    sep 0.00 acq +0.00 verdict 0 truth 0 failed conditional_selectivity;endogeneity;acquisition
  role_oracle     sep 0.02 acq +0.00 verdict 0 truth 0 failed conditional_selectivity;endogeneity;acquisition
  damage_aware    sep 1.00 acq +0.00 verdict 0 truth 0 failed endogeneity;acquisition

=== fresh external seed 8131 ===
  iter    0 | return   -3.51 | win 0.000
  iter   20 | return   -3.51 | win 0.000
  iter   40 | return    6.43 | win 0.250
  iter   60 | return    8.12 | win 0.250
  iter   80 | return   15.69 | win 0.333
  iter  100 | return   22.56 | win 0.750
  iter  120 | return   21.48 | win 0.667
  iter  140 | return   17.94 | win 0.500
  iter  160 | return   24.03 | win 0.750
  iter  180 | return   21.43 | win 0.583
  iter  200 | return   17.82 | win 0.417
  iter  220 | return   27.06 | win 0.917
  iter  240 | return   22.35 | win 0.667
  iter  260 | return   24.41 | win 0.750
  iter  280 | return   23.45 | win 0.750
  iter  299 | return   23.06 | win 0.667
  marl_learned    sep 1.00 acq +0.57 verdict 1 truth 1 failed -
  marl_untrained  sep 0.00 acq +0.00 verdict 0 truth 0 failed potential;conditional_selectivity;acquisition
  nearest_only    sep 0.00 acq +0.00 verdict 0 truth 0 failed conditional_selectivity;endogeneity;acquisition
  role_oracle     sep 0.00 acq +0.00 verdict 0 truth 0 failed conditional_selectivity;endogeneity;acquisition
  damage_aware    sep 1.00 acq +0.00 verdict 0 truth 0 failed endogeneity;acquisition

=== fresh external seed 8231 ===
  iter    0 | return   -3.89 | win 0.000
  iter   20 | return   -3.26 | win 0.000
  iter   40 | return   -2.74 | win 0.000
  iter   60 | return   -3.86 | win 0.000
  iter   80 | return    4.98 | win 0.250
  iter  100 | return    6.60 | win 0.250
  iter  120 | return    3.51 | win 0.250
  iter  140 | return   15.17 | win 0.500
  iter  160 | return   25.80 | win 0.833
  iter  180 | return   24.20 | win 0.750
  iter  200 | return   24.02 | win 0.750
  iter  220 | return   23.50 | win 0.667
  iter  240 | return   24.28 | win 0.833
  iter  260 | return   24.62 | win 0.833
  iter  280 | return   22.20 | win 0.667
  iter  299 | return   27.56 | win 0.917
  marl_learned    sep 1.00 acq +0.85 verdict 1 truth 1 failed -
  marl_untrained  sep 0.57 acq +0.00 verdict 0 truth 0 failed usefulness;acquisition
  nearest_only    sep 0.00 acq +0.00 verdict 0 truth 0 failed conditional_selectivity;endogeneity;acquisition
  role_oracle     sep 0.00 acq +0.00 verdict 0 truth 0 failed conditional_selectivity;endogeneity;acquisition
  damage_aware    sep 1.00 acq +0.00 verdict 0 truth 0 failed endogeneity;acquisition

=== fresh external seed 8331 ===
  iter    0 | return   -3.58 | win 0.000
  iter   20 | return   -1.34 | win 0.000
  iter   40 | return    2.52 | win 0.083
  iter   60 | return    3.68 | win 0.167
  iter   80 | return   13.35 | win 0.500
  iter  100 | return   19.55 | win 0.667
  iter  120 | return   16.69 | win 0.417
  iter  140 | return   16.30 | win 0.500
  iter  160 | return   19.61 | win 0.583
  iter  180 | return   22.61 | win 0.667
  iter  200 | return   20.07 | win 0.583
  iter  220 | return   22.80 | win 0.667
  iter  240 | return   24.05 | win 0.833
  iter  260 | return   26.36 | win 0.833
  iter  280 | return   22.52 | win 0.667
  iter  299 | return   23.04 | win 0.750
  marl_learned    sep 0.73 acq +0.70 verdict 1 truth 1 failed -
  marl_untrained  sep 0.00 acq +0.00 verdict 0 truth 0 failed potential;conditional_selectivity;usefulness;acquisition
  nearest_only    sep 0.00 acq +0.00 verdict 0 truth 0 failed conditional_selectivity;endogeneity;acquisition
  role_oracle     sep 0.00 acq +0.00 verdict 0 truth 0 failed conditional_selectivity;endogeneity;acquisition
  damage_aware    sep 1.00 acq +0.00 verdict 0 truth 0 failed endogeneity;acquisition

=== fresh external seed 8431 ===
  iter    0 | return   -4.49 | win 0.000
  iter   20 | return   -0.94 | win 0.000
  iter   40 | return   -1.87 | win 0.000
  iter   60 | return    1.97 | win 0.083
  iter   80 | return    6.22 | win 0.083
  iter  100 | return    7.15 | win 0.167
  iter  120 | return    2.72 | win 0.000
  iter  140 | return    9.79 | win 0.333
  iter  160 | return   12.18 | win 0.333
  iter  180 | return    9.44 | win 0.250
  iter  200 | return   10.99 | win 0.250
  iter  220 | return   11.55 | win 0.333
  iter  240 | return    9.48 | win 0.250
  iter  260 | return   11.76 | win 0.167
  iter  280 | return   14.35 | win 0.417
  iter  299 | return   17.58 | win 0.500
  marl_learned    sep 0.00 acq -0.18 verdict 0 truth 0 failed conditional_selectivity;acquisition
  marl_untrained  sep 0.05 acq +0.00 verdict 0 truth 0 failed potential;conditional_selectivity;usefulness;acquisition
  nearest_only    sep 0.00 acq +0.00 verdict 0 truth 0 failed conditional_selectivity;usefulness;endogeneity;acquisition
  role_oracle     sep 0.00 acq +0.00 verdict 0 truth 0 failed conditional_selectivity;endogeneity;acquisition
  damage_aware    sep 1.00 acq +0.00 verdict 0 truth 0 failed endogeneity;acquisition

=== fresh internal battery seed 7011 ===
  latent_conditional   sep 0.67 verdict 1 truth 1 failed -
  converged_team       sep 1.00 verdict 0 truth 0 failed potential
  shaped_process       sep 1.00 verdict 0 truth 0 failed endogeneity
  noise_policy         sep 0.92 verdict 1 truth 1 failed -
  untrained_uniform    sep 0.17 verdict 0 truth 0 failed potential;conditional_selectivity;specificity;usefulness
  blind_trigger        sep 0.00 verdict 0 truth 0 failed conditional_selectivity;usefulness
  harmful_decoy        sep 0.00 verdict 0 truth 0 failed potential;conditional_selectivity;usefulness
  useful_habit         sep 0.00 verdict 0 truth 0 failed conditional_selectivity
  wrong_selector       sep 0.33 verdict 0 truth 0 failed conditional_selectivity;usefulness
  anti_selector        sep 1.00 verdict 0 truth 0 failed usefulness

External fresh-seed accuracy: 25/25
Internal fresh-seed accuracy: 1.000

Confirmation checks:
  c1_learner_accepted_when_audited: PASS
  c2_untrained_excluded_all_seeds_via_acquisition: PASS
  c3_damage_aware_fails_exactly_endo_acq: PASS
  c4_internal_fresh_seed_all_correct: PASS
  c4b_anti_selector_fails_only_usefulness: PASS

Wrote /home/Yixiang/MPARL/GOGOGO/outputs/refined_confirmation_summary.json
