[convention] seed=0 repro_err=4.99e-06 k=10 declared_B5=True disc_B5=False dBIC=6.852 t*=1375.0 (declared t*=300.0) control_B5=False
[convention] seed=1 repro_err=4.93e-06 k=10 declared_B5=True disc_B5=False dBIC=9.759 t*=400.0 (declared t*=275.0) control_B5=False
[convention] seed=2 repro_err=4.85e-06 k=10 declared_B5=True disc_B5=True dBIC=91.82 t*=475.0 (declared t*=300.0) control_B5=False
[convention] seed=3 repro_err=4.96e-06 k=10 declared_B5=True disc_B5=True dBIC=43.898 t*=400.0 (declared t*=275.0) control_B5=False
[convention] seed=4 repro_err=4.98e-06 k=10 declared_B5=False disc_B5=True dBIC=23.625 t*=425.0 (declared t*=250.0) control_B5=False
[roles] seed=0 repro_err=4.96e-06 k=10 declared_B5=True disc_B5=True dBIC=64.893 t*=500.0 (declared t*=475.0) control_B5=False
[roles] seed=1 repro_err=4.98e-06 k=8 declared_B5=True disc_B5=True dBIC=59.185 t*=425.0 (declared t*=375.0) control_B5=False
[roles] seed=2 repro_err=4.99e-06 k=7 declared_B5=True disc_B5=False dBIC=73.1 t*=550.0 (declared t*=500.0) control_B5=False
[roles] seed=3 repro_err=4.99e-06 k=10 declared_B5=True disc_B5=True dBIC=43.197 t*=375.0 (declared t*=400.0) control_B5=False
[roles] seed=4 repro_err=4.98e-06 k=9 declared_B5=True disc_B5=True dBIC=71.606 t*=525.0 (declared t*=500.0) control_B5=False
[grip] seed=0 repro_err=4.72e-06 k=2 declared_B5=True disc_B5=False dBIC=2.784 t*=6.0 (declared t*=18.0) control_B5=True
[grip] seed=1 repro_err=4.83e-06 k=2 declared_B5=True disc_B5=False dBIC=2.099 t*=7.0 (declared t*=17.0) control_B5=True
/home/Yixiang/miniconda3/lib/python3.13/site-packages/sklearn/base.py:1336: ConvergenceWarning: Number of distinct clusters (2) found smaller than n_clusters (3). Possibly due to duplicate points in X.
  return fit_method(estimator, *args, **kwargs)
/home/Yixiang/miniconda3/lib/python3.13/site-packages/sklearn/base.py:1336: ConvergenceWarning: Number of distinct clusters (2) found smaller than n_clusters (4). Possibly due to duplicate points in X.
  return fit_method(estimator, *args, **kwargs)
/home/Yixiang/miniconda3/lib/python3.13/site-packages/sklearn/base.py:1336: ConvergenceWarning: Number of distinct clusters (2) found smaller than n_clusters (5). Possibly due to duplicate points in X.
  return fit_method(estimator, *args, **kwargs)
/home/Yixiang/miniconda3/lib/python3.13/site-packages/sklearn/base.py:1336: ConvergenceWarning: Number of distinct clusters (2) found smaller than n_clusters (6). Possibly due to duplicate points in X.
  return fit_method(estimator, *args, **kwargs)
/home/Yixiang/miniconda3/lib/python3.13/site-packages/sklearn/base.py:1336: ConvergenceWarning: Number of distinct clusters (2) found smaller than n_clusters (7). Possibly due to duplicate points in X.
  return fit_method(estimator, *args, **kwargs)
/home/Yixiang/miniconda3/lib/python3.13/site-packages/sklearn/base.py:1336: ConvergenceWarning: Number of distinct clusters (2) found smaller than n_clusters (8). Possibly due to duplicate points in X.
  return fit_method(estimator, *args, **kwargs)
[grip] seed=2 repro_err=5.00e-06 k=2 declared_B5=True disc_B5=False dBIC=2.475 t*=26.0 (declared t*=16.0) control_B5=False
[grip] seed=3 repro_err=4.97e-06 k=2 declared_B5=True disc_B5=False dBIC=8.89 t*=8.0 (declared t*=17.0) control_B5=True
/home/Yixiang/miniconda3/lib/python3.13/site-packages/sklearn/base.py:1336: ConvergenceWarning: Number of distinct clusters (1) found smaller than n_clusters (2). Possibly due to duplicate points in X.
  return fit_method(estimator, *args, **kwargs)
/home/Yixiang/miniconda3/lib/python3.13/site-packages/sklearn/base.py:1336: ConvergenceWarning: Number of distinct clusters (1) found smaller than n_clusters (3). Possibly due to duplicate points in X.
  return fit_method(estimator, *args, **kwargs)
/home/Yixiang/miniconda3/lib/python3.13/site-packages/sklearn/base.py:1336: ConvergenceWarning: Number of distinct clusters (1) found smaller than n_clusters (4). Possibly due to duplicate points in X.
  return fit_method(estimator, *args, **kwargs)
/home/Yixiang/miniconda3/lib/python3.13/site-packages/sklearn/base.py:1336: ConvergenceWarning: Number of distinct clusters (1) found smaller than n_clusters (5). Possibly due to duplicate points in X.
  return fit_method(estimator, *args, **kwargs)
/home/Yixiang/miniconda3/lib/python3.13/site-packages/sklearn/base.py:1336: ConvergenceWarning: Number of distinct clusters (1) found smaller than n_clusters (6). Possibly due to duplicate points in X.
  return fit_method(estimator, *args, **kwargs)
/home/Yixiang/miniconda3/lib/python3.13/site-packages/sklearn/base.py:1336: ConvergenceWarning: Number of distinct clusters (1) found smaller than n_clusters (7). Possibly due to duplicate points in X.
  return fit_method(estimator, *args, **kwargs)
/home/Yixiang/miniconda3/lib/python3.13/site-packages/sklearn/base.py:1336: ConvergenceWarning: Number of distinct clusters (1) found smaller than n_clusters (8). Possibly due to duplicate points in X.
  return fit_method(estimator, *args, **kwargs)
/home/Yixiang/miniconda3/lib/python3.13/site-packages/sklearn/base.py:1336: ConvergenceWarning: Number of distinct clusters (1) found smaller than n_clusters (2). Possibly due to duplicate points in X.
  return fit_method(estimator, *args, **kwargs)
[grip] seed=4 repro_err=4.84e-06 k=2 declared_B5=True disc_B5=False dBIC=4.639 t*=27.0 (declared t*=17.0) control_B5=False
{
  "RD1_reproduction": true,
  "RD2_verdict_agreement": "6/15",
  "RD2_pass": false,
  "RD3_t_star_within_tol": "4/6",
  "RD3_pass": false,
  "RD4_controls_clean": "12/15",
  "RD4_pass": false
}
Wrote /home/Yixiang/MPARL/GOGOGO/outputs/regime_discovery_audit.json
