=== transformer / grokking / seed 1234 ===
/home/Yixiang/MPARL/GOGOGO/transformer_grokking_replication.py:63: UserWarning: enable_nested_tensor is True, but self.use_nested_tensor is False because encoder_layer.norm_first was True
  self.encoder = nn.TransformerEncoder(layer, num_layers=layers)
  grokking seed 1234 epoch     0 train 0.012 test 0.011 H 6.22
  grokking seed 1234 epoch    20 train 0.499 test 0.000 H 4.99
  grokking seed 1234 epoch    40 train 0.998 test 0.016 H 2.19
  grokking seed 1234 epoch    60 train 1.000 test 0.024 H 1.97
  grokking seed 1234 epoch    80 train 1.000 test 0.027 H 2.03
  grokking seed 1234 epoch   100 train 0.999 test 0.041 H 2.05
  grokking seed 1234 epoch   120 train 1.000 test 0.058 H 2.19
  grokking seed 1234 epoch   140 train 1.000 test 0.081 H 2.31
  grokking seed 1234 epoch   160 train 1.000 test 0.111 H 2.20
  grokking seed 1234 epoch   180 train 1.000 test 0.146 H 2.23
  grokking seed 1234 epoch   200 train 0.834 test 0.120 H 2.48
  grokking seed 1234 epoch   220 train 1.000 test 0.349 H 1.86
  grokking seed 1234 epoch   240 train 1.000 test 0.484 H 1.78
  grokking seed 1234 epoch   260 train 1.000 test 0.889 H 0.89
  grokking seed 1234 epoch   280 train 1.000 test 0.978 H 0.38
  grokking seed 1234 epoch   300 train 1.000 test 0.998 H 0.07
  grokking seed 1234 epoch   320 train 1.000 test 1.000 H 0.01
  grokking seed 1234 epoch   340 train 1.000 test 1.000 H 0.09
  grokking seed 1234 epoch   360 train 1.000 test 1.000 H 0.06
  grokking seed 1234 epoch   380 train 1.000 test 1.000 H 0.01
  grokking seed 1234 epoch   400 train 1.000 test 1.000 H 0.19
  grokking seed 1234 epoch   420 train 1.000 test 1.000 H 0.04
  grokking seed 1234 epoch   440 train 0.971 test 0.956 H 0.99
  grokking seed 1234 epoch   460 train 1.000 test 1.000 H 0.12
  grokking seed 1234 epoch   480 train 1.000 test 1.000 H 0.02
  grokking seed 1234 epoch   500 train 1.000 test 1.000 H 0.00
  grokking seed 1234 epoch   520 train 1.000 test 1.000 H 0.17
  grokking seed 1234 epoch   540 train 1.000 test 1.000 H 0.03
  grokking seed 1234 epoch   560 train 1.000 test 1.000 H 0.00
  grokking seed 1234 epoch   580 train 1.000 test 1.000 H 0.17
  grokking seed 1234 epoch   600 train 1.000 test 1.000 H 0.06
  grokking seed 1234 epoch   620 train 1.000 test 1.000 H 0.01
  grokking seed 1234 epoch   640 train 0.635 test 0.600 H 2.36
  grokking seed 1234 epoch   660 train 1.000 test 1.000 H 0.13
  grokking seed 1234 epoch   680 train 1.000 test 1.000 H 0.02
  grokking seed 1234 epoch   700 train 1.000 test 1.000 H 0.00
  grokking seed 1234 epoch   720 train 1.000 test 1.000 H 0.12
  grokking seed 1234 epoch   740 train 1.000 test 1.000 H 0.05
  grokking seed 1234 epoch   760 train 1.000 test 1.000 H 0.01
  grokking seed 1234 epoch   780 train 1.000 test 1.000 H 0.00
  grokking seed 1234 epoch   800 train 1.000 test 1.000 H 0.16
  grokking seed 1234 epoch   820 train 1.000 test 1.000 H 0.05
  grokking seed 1234 epoch   840 train 1.000 test 1.000 H 0.01
  grokking seed 1234 epoch   860 train 1.000 test 1.000 H 0.13
  grokking seed 1234 epoch   880 train 1.000 test 1.000 H 0.08
  grokking seed 1234 epoch   900 train 1.000 test 1.000 H 0.01
  grokking seed 1234 epoch   920 train 1.000 test 1.000 H 0.00
  grokking seed 1234 epoch   940 train 1.000 test 1.000 H 0.14
  grokking seed 1234 epoch   960 train 1.000 test 1.000 H 0.02
  grokking seed 1234 epoch   980 train 1.000 test 1.000 H 0.00
  grokking seed 1234 epoch  1000 train 1.000 test 1.000 H 0.14
  grokking seed 1234 epoch  1020 train 1.000 test 1.000 H 0.07
  grokking seed 1234 epoch  1040 train 1.000 test 1.000 H 0.01
  grokking seed 1234 epoch  1060 train 0.446 test 0.437 H 0.85
  grokking seed 1234 epoch  1080 train 1.000 test 1.000 H 0.11
  grokking seed 1234 epoch  1100 train 1.000 test 1.000 H 0.02
  grokking seed 1234 epoch  1120 train 0.643 test 0.611 H 2.90
  grokking seed 1234 epoch  1140 train 1.000 test 1.000 H 0.10
  grokking seed 1234 epoch  1160 train 1.000 test 1.000 H 0.02
  grokking seed 1234 epoch  1180 train 1.000 test 1.000 H 0.00
  grokking seed 1234 epoch  1200 train 1.000 test 1.000 H 0.12
  grokking seed 1234 epoch  1220 train 1.000 test 1.000 H 0.03
  grokking seed 1234 epoch  1240 train 1.000 test 1.000 H 0.00
  grokking seed 1234 epoch  1260 train 1.000 test 1.000 H 0.14
  grokking seed 1234 epoch  1280 train 1.000 test 1.000 H 0.06
  grokking seed 1234 epoch  1300 train 1.000 test 1.000 H 0.01
  grokking seed 1234 epoch  1320 train 1.000 test 0.999 H 0.20
  grokking seed 1234 epoch  1340 train 1.000 test 1.000 H 0.10
  grokking seed 1234 epoch  1360 train 1.000 test 1.000 H 0.02
  grokking seed 1234 epoch  1380 train 1.000 test 1.000 H 0.00
  grokking seed 1234 epoch  1400 train 1.000 test 1.000 H 0.14
  grokking seed 1234 epoch  1420 train 1.000 test 1.000 H 0.03
  grokking seed 1234 epoch  1440 train 1.000 test 1.000 H 0.00
  grokking seed 1234 epoch  1460 train 1.000 test 1.000 H 0.17
  grokking seed 1234 epoch  1480 train 1.000 test 1.000 H 0.07
  grokking seed 1234 epoch  1500 train 1.000 test 1.000 H 0.01
  grokking seed 1234 epoch  1520 train 1.000 test 1.000 H 0.13
  grokking seed 1234 epoch  1540 train 1.000 test 1.000 H 0.06
  grokking seed 1234 epoch  1560 train 1.000 test 1.000 H 0.01
  grokking seed 1234 epoch  1580 train 1.000 test 1.000 H 0.00
  grokking seed 1234 epoch  1600 train 1.000 test 1.000 H 0.15
  grokking seed 1234 epoch  1620 train 1.000 test 1.000 H 0.05
  grokking seed 1234 epoch  1640 train 1.000 test 1.000 H 0.01
  grokking seed 1234 epoch  1660 train 1.000 test 1.000 H 0.13
  grokking seed 1234 epoch  1680 train 1.000 test 1.000 H 0.07
  grokking seed 1234 epoch  1700 train 1.000 test 1.000 H 0.01
  grokking seed 1234 epoch  1720 train 1.000 test 1.000 H 0.19
  grokking seed 1234 epoch  1740 train 1.000 test 1.000 H 0.06
  grokking seed 1234 epoch  1760 train 1.000 test 1.000 H 0.01
  grokking seed 1234 epoch  1780 train 1.000 test 1.000 H 0.13
  grokking seed 1234 epoch  1800 train 1.000 test 1.000 H 0.08
  grokking seed 1234 epoch  1820 train 1.000 test 1.000 H 0.01
  grokking seed 1234 epoch  1840 train 1.000 test 1.000 H 0.00
  grokking seed 1234 epoch  1860 train 1.000 test 1.000 H 0.14
  grokking seed 1234 epoch  1880 train 1.000 test 1.000 H 0.03
  grokking seed 1234 epoch  1900 train 1.000 test 1.000 H 0.00
  grokking seed 1234 epoch  1920 train 1.000 test 1.000 H 0.15
  grokking seed 1234 epoch  1940 train 1.000 test 1.000 H 0.06
  grokking seed 1234 epoch  1960 train 1.000 test 1.000 H 0.01
  grokking seed 1234 epoch  1980 train 1.000 test 1.000 H 0.00
  grokking seed 1234 epoch  2000 train 1.000 test 1.000 H 0.15
=== transformer / memorizer / seed 1234 ===
/home/Yixiang/MPARL/GOGOGO/transformer_grokking_replication.py:63: UserWarning: enable_nested_tensor is True, but self.use_nested_tensor is False because encoder_layer.norm_first was True
  self.encoder = nn.TransformerEncoder(layer, num_layers=layers)
  memorizer seed 1234 epoch     0 train 0.012 test 0.011 H 6.22
  memorizer seed 1234 epoch    20 train 0.792 test 0.002 H 3.97
  memorizer seed 1234 epoch    40 train 1.000 test 0.017 H 1.66
  memorizer seed 1234 epoch    60 train 1.000 test 0.024 H 1.21
  memorizer seed 1234 epoch    80 train 1.000 test 0.029 H 0.96
  memorizer seed 1234 epoch   100 train 1.000 test 0.033 H 0.80
  memorizer seed 1234 epoch   120 train 1.000 test 0.037 H 0.69
  memorizer seed 1234 epoch   140 train 0.911 test 0.026 H 0.86
  memorizer seed 1234 epoch   160 train 1.000 test 0.027 H 1.02
  memorizer seed 1234 epoch   180 train 1.000 test 0.029 H 0.91
  memorizer seed 1234 epoch   200 train 1.000 test 0.030 H 0.81
  memorizer seed 1234 epoch   220 train 1.000 test 0.033 H 0.73
  memorizer seed 1234 epoch   240 train 1.000 test 0.037 H 0.66
  memorizer seed 1234 epoch   260 train 1.000 test 0.041 H 0.65
  memorizer seed 1234 epoch   280 train 1.000 test 0.030 H 1.05
  memorizer seed 1234 epoch   300 train 0.994 test 0.025 H 1.08
  memorizer seed 1234 epoch   320 train 0.994 test 0.023 H 1.16
  memorizer seed 1234 epoch   340 train 1.000 test 0.030 H 0.94
  memorizer seed 1234 epoch   360 train 1.000 test 0.032 H 0.85
  memorizer seed 1234 epoch   380 train 1.000 test 0.034 H 0.77
  memorizer seed 1234 epoch   400 train 1.000 test 0.037 H 0.69
  memorizer seed 1234 epoch   420 train 1.000 test 0.040 H 0.65
  memorizer seed 1234 epoch   440 train 1.000 test 0.043 H 0.70
  memorizer seed 1234 epoch   460 train 0.994 test 0.026 H 1.10
  memorizer seed 1234 epoch   480 train 1.000 test 0.033 H 0.95
  memorizer seed 1234 epoch   500 train 1.000 test 0.036 H 0.87
  memorizer seed 1234 epoch   520 train 1.000 test 0.039 H 0.78
  memorizer seed 1234 epoch   540 train 1.000 test 0.042 H 0.71
  memorizer seed 1234 epoch   560 train 1.000 test 0.045 H 0.66
  memorizer seed 1234 epoch   580 train 1.000 test 0.044 H 0.67
  memorizer seed 1234 epoch   600 train 1.000 test 0.029 H 0.93
  memorizer seed 1234 epoch   620 train 1.000 test 0.033 H 0.87
  memorizer seed 1234 epoch   640 train 1.000 test 0.035 H 0.81
  memorizer seed 1234 epoch   660 train 1.000 test 0.040 H 0.74
  memorizer seed 1234 epoch   680 train 1.000 test 0.044 H 0.69
  memorizer seed 1234 epoch   700 train 1.000 test 0.045 H 0.63
  memorizer seed 1234 epoch   720 train 0.986 test 0.031 H 0.93
  memorizer seed 1234 epoch   740 train 1.000 test 0.038 H 0.90
  memorizer seed 1234 epoch   760 train 1.000 test 0.040 H 0.83
  memorizer seed 1234 epoch   780 train 1.000 test 0.043 H 0.76
  memorizer seed 1234 epoch   800 train 1.000 test 0.046 H 0.70
  memorizer seed 1234 epoch   820 train 1.000 test 0.048 H 0.64
  memorizer seed 1234 epoch   840 train 1.000 test 0.047 H 0.58
  memorizer seed 1234 epoch   860 train 1.000 test 0.039 H 0.87
  memorizer seed 1234 epoch   880 train 1.000 test 0.042 H 0.81
  memorizer seed 1234 epoch   900 train 1.000 test 0.044 H 0.74
  memorizer seed 1234 epoch   920 train 1.000 test 0.046 H 0.68
  memorizer seed 1234 epoch   940 train 1.000 test 0.048 H 0.63
  memorizer seed 1234 epoch   960 train 1.000 test 0.048 H 0.57
  memorizer seed 1234 epoch   980 train 1.000 test 0.039 H 0.81
  memorizer seed 1234 epoch  1000 train 1.000 test 0.040 H 0.78
  memorizer seed 1234 epoch  1020 train 1.000 test 0.045 H 0.73
  memorizer seed 1234 epoch  1040 train 1.000 test 0.049 H 0.68
  memorizer seed 1234 epoch  1060 train 1.000 test 0.052 H 0.63
  memorizer seed 1234 epoch  1080 train 1.000 test 0.053 H 0.56
  memorizer seed 1234 epoch  1100 train 0.991 test 0.040 H 0.69
  memorizer seed 1234 epoch  1120 train 1.000 test 0.042 H 0.72
  memorizer seed 1234 epoch  1140 train 1.000 test 0.045 H 0.70
  memorizer seed 1234 epoch  1160 train 1.000 test 0.050 H 0.66
  memorizer seed 1234 epoch  1180 train 1.000 test 0.052 H 0.63
  memorizer seed 1234 epoch  1200 train 1.000 test 0.054 H 0.58
  memorizer seed 1234 epoch  1220 train 1.000 test 0.054 H 0.51
  memorizer seed 1234 epoch  1240 train 1.000 test 0.044 H 0.71
  memorizer seed 1234 epoch  1260 train 1.000 test 0.048 H 0.70
  memorizer seed 1234 epoch  1280 train 1.000 test 0.051 H 0.68
  memorizer seed 1234 epoch  1300 train 1.000 test 0.053 H 0.64
  memorizer seed 1234 epoch  1320 train 1.000 test 0.057 H 0.60
  memorizer seed 1234 epoch  1340 train 1.000 test 0.056 H 0.52
  memorizer seed 1234 epoch  1360 train 1.000 test 0.043 H 0.68
  memorizer seed 1234 epoch  1380 train 1.000 test 0.046 H 0.66
  memorizer seed 1234 epoch  1400 train 1.000 test 0.048 H 0.64
  memorizer seed 1234 epoch  1420 train 1.000 test 0.053 H 0.61
  memorizer seed 1234 epoch  1440 train 1.000 test 0.055 H 0.59
  memorizer seed 1234 epoch  1460 train 1.000 test 0.057 H 0.53
  memorizer seed 1234 epoch  1480 train 0.988 test 0.047 H 0.62
  memorizer seed 1234 epoch  1500 train 1.000 test 0.049 H 0.66
  memorizer seed 1234 epoch  1520 train 1.000 test 0.050 H 0.64
  memorizer seed 1234 epoch  1540 train 1.000 test 0.053 H 0.62
  memorizer seed 1234 epoch  1560 train 1.000 test 0.055 H 0.59
  memorizer seed 1234 epoch  1580 train 1.000 test 0.057 H 0.54
  memorizer seed 1234 epoch  1600 train 1.000 test 0.055 H 0.50
  memorizer seed 1234 epoch  1620 train 1.000 test 0.050 H 0.66
  memorizer seed 1234 epoch  1640 train 1.000 test 0.052 H 0.74
  memorizer seed 1234 epoch  1660 train 1.000 test 0.053 H 0.71
  memorizer seed 1234 epoch  1680 train 1.000 test 0.054 H 0.66
  memorizer seed 1234 epoch  1700 train 1.000 test 0.055 H 0.62
  memorizer seed 1234 epoch  1720 train 1.000 test 0.060 H 0.57
  memorizer seed 1234 epoch  1740 train 1.000 test 0.056 H 0.46
  memorizer seed 1234 epoch  1760 train 1.000 test 0.048 H 0.68
  memorizer seed 1234 epoch  1780 train 1.000 test 0.050 H 0.67
  memorizer seed 1234 epoch  1800 train 1.000 test 0.053 H 0.64
  memorizer seed 1234 epoch  1820 train 1.000 test 0.055 H 0.61
  memorizer seed 1234 epoch  1840 train 1.000 test 0.060 H 0.57
  memorizer seed 1234 epoch  1860 train 1.000 test 0.061 H 0.48
  memorizer seed 1234 epoch  1880 train 1.000 test 0.048 H 0.63
  memorizer seed 1234 epoch  1900 train 1.000 test 0.051 H 0.63
  memorizer seed 1234 epoch  1920 train 1.000 test 0.055 H 0.61
  memorizer seed 1234 epoch  1940 train 1.000 test 0.056 H 0.59
  memorizer seed 1234 epoch  1960 train 1.000 test 0.057 H 0.56
  memorizer seed 1234 epoch  1980 train 1.000 test 0.057 H 0.50
  memorizer seed 1234 epoch  2000 train 0.983 test 0.048 H 0.49
=== transformer / grokking / seed 2345 ===
  grokking seed 2345 epoch     0 train 0.009 test 0.013 H 6.23
  grokking seed 2345 epoch    20 train 0.499 test 0.002 H 4.98
  grokking seed 2345 epoch    40 train 0.999 test 0.022 H 2.18
  grokking seed 2345 epoch    60 train 0.983 test 0.030 H 1.83
  grokking seed 2345 epoch    80 train 1.000 test 0.050 H 1.89
  grokking seed 2345 epoch   100 train 1.000 test 0.069 H 2.08
  grokking seed 2345 epoch   120 train 1.000 test 0.104 H 2.15
  grokking seed 2345 epoch   140 train 1.000 test 0.161 H 2.22
  grokking seed 2345 epoch   160 train 1.000 test 0.266 H 2.10
  grokking seed 2345 epoch   180 train 1.000 test 0.434 H 1.81
  grokking seed 2345 epoch   200 train 1.000 test 0.581 H 1.19
  grokking seed 2345 epoch   220 train 1.000 test 0.831 H 0.98
  grokking seed 2345 epoch   240 train 1.000 test 0.966 H 0.44
  grokking seed 2345 epoch   260 train 1.000 test 0.997 H 0.17
  grokking seed 2345 epoch   280 train 1.000 test 1.000 H 0.03
  grokking seed 2345 epoch   300 train 1.000 test 1.000 H 0.01
  grokking seed 2345 epoch   320 train 1.000 test 1.000 H 0.10
  grokking seed 2345 epoch   340 train 1.000 test 1.000 H 0.03
  grokking seed 2345 epoch   360 train 1.000 test 1.000 H 0.00
  grokking seed 2345 epoch   380 train 0.948 test 0.925 H 0.62
  grokking seed 2345 epoch   400 train 1.000 test 1.000 H 0.11
  grokking seed 2345 epoch   420 train 1.000 test 1.000 H 0.02
  grokking seed 2345 epoch   440 train 1.000 test 1.000 H 0.00
  grokking seed 2345 epoch   460 train 1.000 test 1.000 H 0.17
  grokking seed 2345 epoch   480 train 1.000 test 1.000 H 0.03
  grokking seed 2345 epoch   500 train 1.000 test 1.000 H 0.00
  grokking seed 2345 epoch   520 train 1.000 test 1.000 H 0.16
  grokking seed 2345 epoch   540 train 1.000 test 1.000 H 0.03
  grokking seed 2345 epoch   560 train 1.000 test 1.000 H 0.11
  grokking seed 2345 epoch   580 train 1.000 test 1.000 H 0.02
  grokking seed 2345 epoch   600 train 0.387 test 0.363 H 1.07
  grokking seed 2345 epoch   620 train 1.000 test 1.000 H 0.12
  grokking seed 2345 epoch   640 train 1.000 test 1.000 H 0.02
  grokking seed 2345 epoch   660 train 1.000 test 1.000 H 0.00
  grokking seed 2345 epoch   680 train 1.000 test 1.000 H 0.15
  grokking seed 2345 epoch   700 train 1.000 test 1.000 H 0.03
  grokking seed 2345 epoch   720 train 1.000 test 1.000 H 0.00
  grokking seed 2345 epoch   740 train 1.000 test 1.000 H 0.15
  grokking seed 2345 epoch   760 train 1.000 test 1.000 H 0.04
  grokking seed 2345 epoch   780 train 1.000 test 1.000 H 0.01
  grokking seed 2345 epoch   800 train 1.000 test 0.999 H 0.15
  grokking seed 2345 epoch   820 train 1.000 test 1.000 H 0.08
  grokking seed 2345 epoch   840 train 1.000 test 1.000 H 0.01
  grokking seed 2345 epoch   860 train 1.000 test 1.000 H 0.00
  grokking seed 2345 epoch   880 train 1.000 test 1.000 H 0.17
  grokking seed 2345 epoch   900 train 1.000 test 1.000 H 0.05
  grokking seed 2345 epoch   920 train 1.000 test 1.000 H 0.01
  grokking seed 2345 epoch   940 train 1.000 test 0.998 H 0.21
  grokking seed 2345 epoch   960 train 1.000 test 1.000 H 0.09
  grokking seed 2345 epoch   980 train 1.000 test 1.000 H 0.01
  grokking seed 2345 epoch  1000 train 1.000 test 1.000 H 0.00
  grokking seed 2345 epoch  1020 train 1.000 test 1.000 H 0.14
  grokking seed 2345 epoch  1040 train 1.000 test 1.000 H 0.08
  grokking seed 2345 epoch  1060 train 1.000 test 1.000 H 0.01
  grokking seed 2345 epoch  1080 train 1.000 test 1.000 H 0.00
  grokking seed 2345 epoch  1100 train 1.000 test 1.000 H 0.16
  grokking seed 2345 epoch  1120 train 1.000 test 1.000 H 0.05
  grokking seed 2345 epoch  1140 train 1.000 test 1.000 H 0.01
  grokking seed 2345 epoch  1160 train 0.983 test 0.971 H 0.53
  grokking seed 2345 epoch  1180 train 1.000 test 1.000 H 0.12
  grokking seed 2345 epoch  1200 train 1.000 test 1.000 H 0.02
  grokking seed 2345 epoch  1220 train 1.000 test 1.000 H 0.00
  grokking seed 2345 epoch  1240 train 1.000 test 1.000 H 0.15
  grokking seed 2345 epoch  1260 train 1.000 test 1.000 H 0.04
  grokking seed 2345 epoch  1280 train 1.000 test 1.000 H 0.01
  grokking seed 2345 epoch  1300 train 1.000 test 1.000 H 0.00
  grokking seed 2345 epoch  1320 train 1.000 test 1.000 H 0.16
  grokking seed 2345 epoch  1340 train 1.000 test 1.000 H 0.03
  grokking seed 2345 epoch  1360 train 1.000 test 1.000 H 0.00
  grokking seed 2345 epoch  1380 train 1.000 test 1.000 H 0.14
  grokking seed 2345 epoch  1400 train 1.000 test 1.000 H 0.06
  grokking seed 2345 epoch  1420 train 1.000 test 1.000 H 0.01
  grokking seed 2345 epoch  1440 train 1.000 test 1.000 H 0.00
  grokking seed 2345 epoch  1460 train 1.000 test 0.999 H 0.15
  grokking seed 2345 epoch  1480 train 1.000 test 1.000 H 0.09
  grokking seed 2345 epoch  1500 train 1.000 test 1.000 H 0.01
  grokking seed 2345 epoch  1520 train 1.000 test 1.000 H 0.00
  grokking seed 2345 epoch  1540 train 1.000 test 1.000 H 0.15
  grokking seed 2345 epoch  1560 train 1.000 test 1.000 H 0.04
  grokking seed 2345 epoch  1580 train 1.000 test 1.000 H 0.00
  grokking seed 2345 epoch  1600 train 0.973 test 0.955 H 0.59
  grokking seed 2345 epoch  1620 train 1.000 test 1.000 H 0.12
  grokking seed 2345 epoch  1640 train 1.000 test 1.000 H 0.02
  grokking seed 2345 epoch  1660 train 1.000 test 1.000 H 0.00
  grokking seed 2345 epoch  1680 train 1.000 test 1.000 H 0.16
  grokking seed 2345 epoch  1700 train 1.000 test 1.000 H 0.04
  grokking seed 2345 epoch  1720 train 1.000 test 1.000 H 0.01
  grokking seed 2345 epoch  1740 train 1.000 test 1.000 H 0.13
  grokking seed 2345 epoch  1760 train 1.000 test 1.000 H 0.07
  grokking seed 2345 epoch  1780 train 1.000 test 1.000 H 0.01
  grokking seed 2345 epoch  1800 train 1.000 test 0.995 H 0.28
  grokking seed 2345 epoch  1820 train 1.000 test 1.000 H 0.10
  grokking seed 2345 epoch  1840 train 1.000 test 1.000 H 0.01
  grokking seed 2345 epoch  1860 train 1.000 test 1.000 H 0.00
  grokking seed 2345 epoch  1880 train 1.000 test 1.000 H 0.17
  grokking seed 2345 epoch  1900 train 1.000 test 1.000 H 0.04
  grokking seed 2345 epoch  1920 train 1.000 test 1.000 H 0.00
  grokking seed 2345 epoch  1940 train 1.000 test 1.000 H 0.14
  grokking seed 2345 epoch  1960 train 1.000 test 1.000 H 0.03
  grokking seed 2345 epoch  1980 train 1.000 test 1.000 H 0.00
  grokking seed 2345 epoch  2000 train 1.000 test 1.000 H 0.00
=== transformer / memorizer / seed 2345 ===
  memorizer seed 2345 epoch     0 train 0.009 test 0.013 H 6.23
  memorizer seed 2345 epoch    20 train 0.764 test 0.003 H 3.98
  memorizer seed 2345 epoch    40 train 1.000 test 0.019 H 1.64
  memorizer seed 2345 epoch    60 train 1.000 test 0.023 H 1.44
  memorizer seed 2345 epoch    80 train 1.000 test 0.028 H 1.22
  memorizer seed 2345 epoch   100 train 1.000 test 0.033 H 1.00
  memorizer seed 2345 epoch   120 train 1.000 test 0.037 H 0.84
  memorizer seed 2345 epoch   140 train 1.000 test 0.041 H 0.72
  memorizer seed 2345 epoch   160 train 1.000 test 0.043 H 0.68
  memorizer seed 2345 epoch   180 train 1.000 test 0.026 H 1.00
  memorizer seed 2345 epoch   200 train 1.000 test 0.027 H 0.94
  memorizer seed 2345 epoch   220 train 1.000 test 0.031 H 0.86
  memorizer seed 2345 epoch   240 train 1.000 test 0.032 H 0.79
  memorizer seed 2345 epoch   260 train 1.000 test 0.037 H 0.73
  memorizer seed 2345 epoch   280 train 1.000 test 0.039 H 0.67
  memorizer seed 2345 epoch   300 train 1.000 test 0.041 H 0.71
  memorizer seed 2345 epoch   320 train 1.000 test 0.027 H 0.97
  memorizer seed 2345 epoch   340 train 1.000 test 0.030 H 0.91
  memorizer seed 2345 epoch   360 train 1.000 test 0.035 H 0.84
  memorizer seed 2345 epoch   380 train 1.000 test 0.041 H 0.77
  memorizer seed 2345 epoch   400 train 1.000 test 0.044 H 0.70
  memorizer seed 2345 epoch   420 train 1.000 test 0.046 H 0.68
  memorizer seed 2345 epoch   440 train 0.968 test 0.029 H 0.74
  memorizer seed 2345 epoch   460 train 1.000 test 0.035 H 0.89
  memorizer seed 2345 epoch   480 train 1.000 test 0.037 H 0.85
  memorizer seed 2345 epoch   500 train 1.000 test 0.041 H 0.80
  memorizer seed 2345 epoch   520 train 1.000 test 0.043 H 0.74
  memorizer seed 2345 epoch   540 train 1.000 test 0.047 H 0.69
  memorizer seed 2345 epoch   560 train 1.000 test 0.046 H 0.68
  memorizer seed 2345 epoch   580 train 1.000 test 0.034 H 0.88
  memorizer seed 2345 epoch   600 train 1.000 test 0.037 H 0.83
  memorizer seed 2345 epoch   620 train 1.000 test 0.040 H 0.78
  memorizer seed 2345 epoch   640 train 1.000 test 0.043 H 0.73
  memorizer seed 2345 epoch   660 train 1.000 test 0.044 H 0.68
  memorizer seed 2345 epoch   680 train 1.000 test 0.046 H 0.64
  memorizer seed 2345 epoch   700 train 0.989 test 0.030 H 0.82
  memorizer seed 2345 epoch   720 train 1.000 test 0.037 H 0.80
  memorizer seed 2345 epoch   740 train 1.000 test 0.040 H 0.76
  memorizer seed 2345 epoch   760 train 1.000 test 0.041 H 0.72
  memorizer seed 2345 epoch   780 train 1.000 test 0.044 H 0.67
  memorizer seed 2345 epoch   800 train 1.000 test 0.048 H 0.62
  memorizer seed 2345 epoch   820 train 1.000 test 0.047 H 0.60
  memorizer seed 2345 epoch   840 train 1.000 test 0.039 H 0.80
  memorizer seed 2345 epoch   860 train 1.000 test 0.040 H 0.77
  memorizer seed 2345 epoch   880 train 1.000 test 0.043 H 0.72
  memorizer seed 2345 epoch   900 train 1.000 test 0.046 H 0.67
  memorizer seed 2345 epoch   920 train 1.000 test 0.045 H 0.63
  memorizer seed 2345 epoch   940 train 1.000 test 0.045 H 0.56
  memorizer seed 2345 epoch   960 train 1.000 test 0.037 H 0.80
  memorizer seed 2345 epoch   980 train 1.000 test 0.040 H 0.78
  memorizer seed 2345 epoch  1000 train 1.000 test 0.043 H 0.74
  memorizer seed 2345 epoch  1020 train 1.000 test 0.045 H 0.69
  memorizer seed 2345 epoch  1040 train 1.000 test 0.049 H 0.64
  memorizer seed 2345 epoch  1060 train 1.000 test 0.050 H 0.58
  memorizer seed 2345 epoch  1080 train 0.996 test 0.043 H 0.70
  memorizer seed 2345 epoch  1100 train 1.000 test 0.044 H 0.72
  memorizer seed 2345 epoch  1120 train 1.000 test 0.045 H 0.70
  memorizer seed 2345 epoch  1140 train 1.000 test 0.047 H 0.66
  memorizer seed 2345 epoch  1160 train 1.000 test 0.050 H 0.62
  memorizer seed 2345 epoch  1180 train 1.000 test 0.052 H 0.57
  memorizer seed 2345 epoch  1200 train 0.963 test 0.039 H 0.47
  memorizer seed 2345 epoch  1220 train 1.000 test 0.041 H 0.71
  memorizer seed 2345 epoch  1240 train 1.000 test 0.043 H 0.68
  memorizer seed 2345 epoch  1260 train 1.000 test 0.044 H 0.66
  memorizer seed 2345 epoch  1280 train 1.000 test 0.047 H 0.63
  memorizer seed 2345 epoch  1300 train 1.000 test 0.050 H 0.58
  memorizer seed 2345 epoch  1320 train 1.000 test 0.048 H 0.51
  memorizer seed 2345 epoch  1340 train 1.000 test 0.044 H 0.66
  memorizer seed 2345 epoch  1360 train 1.000 test 0.046 H 0.64
  memorizer seed 2345 epoch  1380 train 1.000 test 0.046 H 0.62
  memorizer seed 2345 epoch  1400 train 1.000 test 0.049 H 0.60
  memorizer seed 2345 epoch  1420 train 1.000 test 0.052 H 0.57
  memorizer seed 2345 epoch  1440 train 1.000 test 0.052 H 0.50
  memorizer seed 2345 epoch  1460 train 0.997 test 0.041 H 0.67
  memorizer seed 2345 epoch  1480 train 0.990 test 0.041 H 0.70
  memorizer seed 2345 epoch  1500 train 0.996 test 0.042 H 0.81
  memorizer seed 2345 epoch  1520 train 0.998 test 0.044 H 0.79
  memorizer seed 2345 epoch  1540 train 1.000 test 0.044 H 0.81
  memorizer seed 2345 epoch  1560 train 0.999 test 0.047 H 0.83
  memorizer seed 2345 epoch  1580 train 0.999 test 0.046 H 0.81
  memorizer seed 2345 epoch  1600 train 1.000 test 0.054 H 0.75
  memorizer seed 2345 epoch  1620 train 1.000 test 0.054 H 0.71
  memorizer seed 2345 epoch  1640 train 1.000 test 0.056 H 0.65
  memorizer seed 2345 epoch  1660 train 1.000 test 0.057 H 0.59
  memorizer seed 2345 epoch  1680 train 1.000 test 0.059 H 0.52
  memorizer seed 2345 epoch  1700 train 0.952 test 0.045 H 0.39
  memorizer seed 2345 epoch  1720 train 1.000 test 0.051 H 0.74
  memorizer seed 2345 epoch  1740 train 1.000 test 0.053 H 0.70
  memorizer seed 2345 epoch  1760 train 1.000 test 0.054 H 0.66
  memorizer seed 2345 epoch  1780 train 1.000 test 0.056 H 0.61
  memorizer seed 2345 epoch  1800 train 1.000 test 0.058 H 0.55
  memorizer seed 2345 epoch  1820 train 1.000 test 0.055 H 0.43
  memorizer seed 2345 epoch  1840 train 1.000 test 0.050 H 0.68
  memorizer seed 2345 epoch  1860 train 1.000 test 0.052 H 0.67
  memorizer seed 2345 epoch  1880 train 1.000 test 0.053 H 0.64
  memorizer seed 2345 epoch  1900 train 1.000 test 0.053 H 0.61
  memorizer seed 2345 epoch  1920 train 1.000 test 0.053 H 0.57
  memorizer seed 2345 epoch  1940 train 1.000 test 0.057 H 0.48
  memorizer seed 2345 epoch  1960 train 1.000 test 0.049 H 0.63
  memorizer seed 2345 epoch  1980 train 1.000 test 0.052 H 0.63
  memorizer seed 2345 epoch  2000 train 1.000 test 0.054 H 0.61

checks:
  t1_grokking_emergent: FAIL
  t2_memorizer_fails_usefulness: PASS
  t3_delayed_generalization: PASS
  t4_burst_jump_correlation: PASS
Wrote /home/Yixiang/MPARL/GOGOGO/outputs/transformer_grokking_summary.json
