seed 95239: share=0.007 loss=0.000 (r 0.9999 -> 0.9999)
seed 95240: share=0.015 loss=0.000 (r 1.0 -> 1.0)
seed 95241: share=0.003 loss=0.000 (r 1.0 -> 0.9999)
seed 95242: share=0.004 loss=0.000 (r 1.0 -> 0.9999)
seed 95243: share=0.006 loss=0.000 (r 1.0 -> 1.0)
seed 95244: share=0.008 loss=0.000 (r 0.9999 -> 0.9999)
seed 95245: share=0.009 loss=0.000 (r 1.0 -> 0.9999)
seed 95246: share=0.233 loss=0.499 (r 0.9999 -> 0.5012)
{
  "VMB1_rank_law_pooled16": false,
  "VMB2_immunity_pooled16": true,
  "VMB3_exposure_pooled16": true,
  "resolvable": false,
  "share_range": [
    0.0027,
    0.2565
  ],
  "spearman_rho": 0.282,
  "spearman_p": 0.2900164663325326,
  "n_low_share": 13,
  "n_high_share": 0
}
Wrote /home/Yixiang/MPARL/GOGOGO/outputs/vulnerability_perseed_pooled.json
