Rc files read (in order):
  NONE
Latexmk: This is Latexmk, John Collins, 9 March 2026. Version 4.88.
Latexmk: applying rule 'pdflatex'...
Rule 'pdflatex':  Reasons for rerun
Changed files or newly in use/created:
  main.tex
Category 'changed_user':
  main.tex

------------
Run number 1 of rule 'pdflatex'
------------
------------
Running 'pdflatex  -interaction=nonstopmode -recorder  "main.tex"'
------------
This is pdfTeX, Version 3.141592653-2.6-1.40.29 (TeX Live 2026) (preloaded format=pdflatex)
 restricted \write18 enabled.
entering extended mode
(./main.tex
LaTeX2e <2026-06-01>
L3 programming layer <2026-06-18>
(/home/Yixiang/texlive/2026/texmf-dist/tex/latex/base/article.cls
Document Class: article 2025/01/22 v1.4n Standard LaTeX document class
(/home/Yixiang/texlive/2026/texmf-dist/tex/latex/base/size11.clo))
(/home/Yixiang/texlive/2026/texmf-dist/tex/latex/geometry/geometry.sty
(/home/Yixiang/texlive/2026/texmf-dist/tex/latex/graphics/keyval.sty)
(/home/Yixiang/texlive/2026/texmf-dist/tex/generic/iftex/ifvtex.sty
(/home/Yixiang/texlive/2026/texmf-dist/tex/generic/iftex/iftex.sty)))
(/home/Yixiang/texlive/2026/texmf-dist/tex/latex/amsmath/amsmath.sty
For additional information on amsmath, use the `?' option.
(/home/Yixiang/texlive/2026/texmf-dist/tex/latex/amsmath/amstext.sty
(/home/Yixiang/texlive/2026/texmf-dist/tex/latex/amsmath/amsgen.sty))
(/home/Yixiang/texlive/2026/texmf-dist/tex/latex/amsmath/amsbsy.sty)
(/home/Yixiang/texlive/2026/texmf-dist/tex/latex/amsmath/amsopn.sty))
(/home/Yixiang/texlive/2026/texmf-dist/tex/latex/amsfonts/amssymb.sty
(/home/Yixiang/texlive/2026/texmf-dist/tex/latex/amsfonts/amsfonts.sty))
(/home/Yixiang/texlive/2026/texmf-dist/tex/latex/amscls/amsthm.sty)
(/home/Yixiang/texlive/2026/texmf-dist/tex/latex/graphics/graphicx.sty
(/home/Yixiang/texlive/2026/texmf-dist/tex/latex/graphics/graphics.sty
(/home/Yixiang/texlive/2026/texmf-dist/tex/latex/graphics/trig.sty)
(/home/Yixiang/texlive/2026/texmf-dist/tex/latex/graphics-cfg/graphics.cfg)
(/home/Yixiang/texlive/2026/texmf-dist/tex/latex/graphics-def/pdftex.def)))
(/home/Yixiang/texlive/2026/texmf-dist/tex/latex/booktabs/booktabs.sty)
(/home/Yixiang/texlive/2026/texmf-dist/tex/latex/tools/array.sty)
(/home/Yixiang/texlive/2026/texmf-dist/tex/latex/multirow/multirow.sty)
(/home/Yixiang/texlive/2026/texmf-dist/tex/latex/xcolor/xcolor.sty
(/home/Yixiang/texlive/2026/texmf-dist/tex/latex/graphics-cfg/color.cfg)
(/home/Yixiang/texlive/2026/texmf-dist/tex/latex/graphics/mathcolor.ltx))
(/home/Yixiang/texlive/2026/texmf-dist/tex/latex/caption/caption.sty
(/home/Yixiang/texlive/2026/texmf-dist/tex/latex/caption/caption3.sty))
(/home/Yixiang/texlive/2026/texmf-dist/tex/latex/microtype/microtype.sty
(/home/Yixiang/texlive/2026/texmf-dist/tex/latex/etoolbox/etoolbox.sty)
(/home/Yixiang/texlive/2026/texmf-dist/tex/latex/microtype/microtype-pdftex.def
) (/home/Yixiang/texlive/2026/texmf-dist/tex/latex/microtype/microtype.cfg))
(/home/Yixiang/texlive/2026/texmf-dist/tex/latex/hyperref/hyperref.sty
(/home/Yixiang/texlive/2026/texmf-dist/tex/latex/kvsetkeys/kvsetkeys.sty)
(/home/Yixiang/texlive/2026/texmf-dist/tex/generic/kvdefinekeys/kvdefinekeys.st
y) (/home/Yixiang/texlive/2026/texmf-dist/tex/generic/pdfescape/pdfescape.sty
(/home/Yixiang/texlive/2026/texmf-dist/tex/generic/ltxcmds/ltxcmds.sty)
(/home/Yixiang/texlive/2026/texmf-dist/tex/generic/pdftexcmds/pdftexcmds.sty
(/home/Yixiang/texlive/2026/texmf-dist/tex/generic/infwarerr/infwarerr.sty)))
(/home/Yixiang/texlive/2026/texmf-dist/tex/latex/hycolor/hycolor.sty)
(/home/Yixiang/texlive/2026/texmf-dist/tex/latex/hyperref/nameref.sty
(/home/Yixiang/texlive/2026/texmf-dist/tex/latex/refcount/refcount.sty)
(/home/Yixiang/texlive/2026/texmf-dist/tex/generic/gettitlestring/gettitlestrin
g.sty (/home/Yixiang/texlive/2026/texmf-dist/tex/latex/kvoptions/kvoptions.sty)
)) (/home/Yixiang/texlive/2026/texmf-dist/tex/generic/stringenc/stringenc.sty)
(/home/Yixiang/texlive/2026/texmf-dist/tex/latex/hyperref/pd1enc.def)
(/home/Yixiang/texlive/2026/texmf-dist/tex/generic/intcalc/intcalc.sty)
(/home/Yixiang/texlive/2026/texmf-dist/tex/latex/hyperref/puenc.def)
(/home/Yixiang/texlive/2026/texmf-dist/tex/latex/url/url.sty)
(/home/Yixiang/texlive/2026/texmf-dist/tex/generic/bitset/bitset.sty
(/home/Yixiang/texlive/2026/texmf-dist/tex/generic/bigintcalc/bigintcalc.sty)))
(/home/Yixiang/texlive/2026/texmf-dist/tex/latex/hyperref/hpdftex.def
(/home/Yixiang/texlive/2026/texmf-dist/tex/latex/rerunfilecheck/rerunfilecheck.
sty
(/home/Yixiang/texlive/2026/texmf-dist/tex/generic/uniquecounter/uniquecounter.
sty)))
(/home/Yixiang/texlive/2026/texmf-dist/tex/latex/l3backend/l3backend-pdftex.def
) (./main.aux)
*geometry* driver: auto-detecting
*geometry* detected driver: pdftex
(/home/Yixiang/texlive/2026/texmf-dist/tex/context/base/mkii/supp-pdf.mkii
[Loading MPS to PDF converter (version 2006.09.02).]
)
(/home/Yixiang/texlive/2026/texmf-dist/tex/latex/epstopdf-pkg/epstopdf-base.sty
(/home/Yixiang/texlive/2026/texmf-dist/tex/latex/latexconfig/epstopdf-sys.cfg))
(/home/Yixiang/texlive/2026/texmf-dist/tex/latex/microtype/mt-cmr.cfg)
(./main.out) (./main.out) [1{/home/Yixiang/texlive/2026/texmf-var/fonts/map/pdf
tex/updmap/pdftex.map}]
(/home/Yixiang/texlive/2026/texmf-dist/tex/latex/amsfonts/umsa.fd)
(/home/Yixiang/texlive/2026/texmf-dist/tex/latex/microtype/mt-msa.cfg)
(/home/Yixiang/texlive/2026/texmf-dist/tex/latex/amsfonts/umsb.fd)
(/home/Yixiang/texlive/2026/texmf-dist/tex/latex/microtype/mt-msb.cfg) [2]
[3] [4 <./main_fig1.png (PNG copy)>]

LaTeX Warning: Float too large for page by 260.72667pt on input line 391.

[5] [6] [7] [8] [9]
Overfull \hbox (10.39265pt too wide) in paragraph at lines 918--947
 [][] 
[10]

LaTeX Warning: `h' float specifier changed to `ht'.

[11] [12] [13] [14] [15] [16] [17 <./main_fig2.png (PNG copy)>] [18 <./main_fig
4.png (PNG copy)>] [19 <./main_fig3.png (PNG copy)>] [20 <./main_fig5.png (PNG 
copy)>]

LaTeX Warning: Float too large for page by 139.63193pt on input line 1698.

[21] [22 <../figures/ed_fig1.png (PNG copy)>] [23 <../figures/ed_fig2.png (PNG 
copy)>] [24 <../figures/ed_fig3.png (PNG copy)>] [25 <../figures/ed_fig4.png (P
NG copy)>] [26 <../figures/ed_fig5.png (PNG copy)>] [27 <../figures/ed_fig6.png
 (PNG copy)>] [28 <../figures/ed_fig7_robustness_hierarchy.png> <../figures/ed_
fig9_pythia_scaling.png>] [29 <../figures/ed_fig10_mechanism.png (PNG copy)>]
[30 <../figures/ed_fig11_public.png (PNG copy)>] [31 <../figures/ed_fig12_episo
de_detail.png (PNG copy)>] [32 <../figures/ed_fig13_dual_observer.png (PNG copy
)>] [33] (./main.aux)

LaTeX Warning: Label(s) may have changed. Rerun to get cross-references right.

 )
(see the transcript file for additional information)</home/Yixiang/texlive/2026
/texmf-dist/fonts/type1/public/amsfonts/cm/cmbx10.pfb></home/Yixiang/texlive/20
26/texmf-dist/fonts/type1/public/amsfonts/cm/cmbx12.pfb></home/Yixiang/texlive/
2026/texmf-dist/fonts/type1/public/amsfonts/cm/cmbx8.pfb></home/Yixiang/texlive
/2026/texmf-dist/fonts/type1/public/amsfonts/cm/cmex10.pfb></home/Yixiang/texli
ve/2026/texmf-dist/fonts/type1/public/amsfonts/cm/cmmi10.pfb></home/Yixiang/tex
live/2026/texmf-dist/fonts/type1/public/amsfonts/cm/cmmi6.pfb></home/Yixiang/te
xlive/2026/texmf-dist/fonts/type1/public/amsfonts/cm/cmmi7.pfb></home/Yixiang/t
exlive/2026/texmf-dist/fonts/type1/public/amsfonts/cm/cmmi8.pfb></home/Yixiang/
texlive/2026/texmf-dist/fonts/type1/public/amsfonts/cm/cmr10.pfb></home/Yixiang
/texlive/2026/texmf-dist/fonts/type1/public/amsfonts/cm/cmr12.pfb></home/Yixian
g/texlive/2026/texmf-dist/fonts/type1/public/amsfonts/cm/cmr6.pfb></home/Yixian
g/texlive/2026/texmf-dist/fonts/type1/public/amsfonts/cm/cmr7.pfb></home/Yixian
g/texlive/2026/texmf-dist/fonts/type1/public/amsfonts/cm/cmr8.pfb></home/Yixian
g/texlive/2026/texmf-dist/fonts/type1/public/amsfonts/cm/cmsy10.pfb></home/Yixi
ang/texlive/2026/texmf-dist/fonts/type1/public/amsfonts/cm/cmsy5.pfb></home/Yix
iang/texlive/2026/texmf-dist/fonts/type1/public/amsfonts/cm/cmsy6.pfb></home/Yi
xiang/texlive/2026/texmf-dist/fonts/type1/public/amsfonts/cm/cmsy7.pfb></home/Y
ixiang/texlive/2026/texmf-dist/fonts/type1/public/amsfonts/cm/cmsy8.pfb></home/
Yixiang/texlive/2026/texmf-dist/fonts/type1/public/amsfonts/cm/cmti10.pfb></hom
e/Yixiang/texlive/2026/texmf-dist/fonts/type1/public/amsfonts/cm/cmtt10.pfb></h
ome/Yixiang/texlive/2026/texmf-dist/fonts/type1/public/amsfonts/symbols/msbm10.
pfb>
Output written on main.pdf (33 pages, 13616165 bytes).
Transcript written on main.log.
Latexmk: Getting log file 'main.log'
Latexmk: Examining 'main.fls'
Latexmk: Examining 'main.log'
Latexmk: References changed.
Latexmk: Log file says output to 'main.pdf'
Latexmk: applying rule 'pdflatex'...
Rule 'pdflatex':  Reasons for rerun
Changed files or newly in use/created:
  main.aux

------------
Run number 2 of rule 'pdflatex'
------------
------------
Running 'pdflatex  -interaction=nonstopmode -recorder  "main.tex"'
------------
This is pdfTeX, Version 3.141592653-2.6-1.40.29 (TeX Live 2026) (preloaded format=pdflatex)
 restricted \write18 enabled.
entering extended mode
(./main.tex
LaTeX2e <2026-06-01>
L3 programming layer <2026-06-18>
(/home/Yixiang/texlive/2026/texmf-dist/tex/latex/base/article.cls
Document Class: article 2025/01/22 v1.4n Standard LaTeX document class
(/home/Yixiang/texlive/2026/texmf-dist/tex/latex/base/size11.clo))
(/home/Yixiang/texlive/2026/texmf-dist/tex/latex/geometry/geometry.sty
(/home/Yixiang/texlive/2026/texmf-dist/tex/latex/graphics/keyval.sty)
(/home/Yixiang/texlive/2026/texmf-dist/tex/generic/iftex/ifvtex.sty
(/home/Yixiang/texlive/2026/texmf-dist/tex/generic/iftex/iftex.sty)))
(/home/Yixiang/texlive/2026/texmf-dist/tex/latex/amsmath/amsmath.sty
For additional information on amsmath, use the `?' option.
(/home/Yixiang/texlive/2026/texmf-dist/tex/latex/amsmath/amstext.sty
(/home/Yixiang/texlive/2026/texmf-dist/tex/latex/amsmath/amsgen.sty))
(/home/Yixiang/texlive/2026/texmf-dist/tex/latex/amsmath/amsbsy.sty)
(/home/Yixiang/texlive/2026/texmf-dist/tex/latex/amsmath/amsopn.sty))
(/home/Yixiang/texlive/2026/texmf-dist/tex/latex/amsfonts/amssymb.sty
(/home/Yixiang/texlive/2026/texmf-dist/tex/latex/amsfonts/amsfonts.sty))
(/home/Yixiang/texlive/2026/texmf-dist/tex/latex/amscls/amsthm.sty)
(/home/Yixiang/texlive/2026/texmf-dist/tex/latex/graphics/graphicx.sty
(/home/Yixiang/texlive/2026/texmf-dist/tex/latex/graphics/graphics.sty
(/home/Yixiang/texlive/2026/texmf-dist/tex/latex/graphics/trig.sty)
(/home/Yixiang/texlive/2026/texmf-dist/tex/latex/graphics-cfg/graphics.cfg)
(/home/Yixiang/texlive/2026/texmf-dist/tex/latex/graphics-def/pdftex.def)))
(/home/Yixiang/texlive/2026/texmf-dist/tex/latex/booktabs/booktabs.sty)
(/home/Yixiang/texlive/2026/texmf-dist/tex/latex/tools/array.sty)
(/home/Yixiang/texlive/2026/texmf-dist/tex/latex/multirow/multirow.sty)
(/home/Yixiang/texlive/2026/texmf-dist/tex/latex/xcolor/xcolor.sty
(/home/Yixiang/texlive/2026/texmf-dist/tex/latex/graphics-cfg/color.cfg)
(/home/Yixiang/texlive/2026/texmf-dist/tex/latex/graphics/mathcolor.ltx))
(/home/Yixiang/texlive/2026/texmf-dist/tex/latex/caption/caption.sty
(/home/Yixiang/texlive/2026/texmf-dist/tex/latex/caption/caption3.sty))
(/home/Yixiang/texlive/2026/texmf-dist/tex/latex/microtype/microtype.sty
(/home/Yixiang/texlive/2026/texmf-dist/tex/latex/etoolbox/etoolbox.sty)
(/home/Yixiang/texlive/2026/texmf-dist/tex/latex/microtype/microtype-pdftex.def
) (/home/Yixiang/texlive/2026/texmf-dist/tex/latex/microtype/microtype.cfg))
(/home/Yixiang/texlive/2026/texmf-dist/tex/latex/hyperref/hyperref.sty
(/home/Yixiang/texlive/2026/texmf-dist/tex/latex/kvsetkeys/kvsetkeys.sty)
(/home/Yixiang/texlive/2026/texmf-dist/tex/generic/kvdefinekeys/kvdefinekeys.st
y) (/home/Yixiang/texlive/2026/texmf-dist/tex/generic/pdfescape/pdfescape.sty
(/home/Yixiang/texlive/2026/texmf-dist/tex/generic/ltxcmds/ltxcmds.sty)
(/home/Yixiang/texlive/2026/texmf-dist/tex/generic/pdftexcmds/pdftexcmds.sty
(/home/Yixiang/texlive/2026/texmf-dist/tex/generic/infwarerr/infwarerr.sty)))
(/home/Yixiang/texlive/2026/texmf-dist/tex/latex/hycolor/hycolor.sty)
(/home/Yixiang/texlive/2026/texmf-dist/tex/latex/hyperref/nameref.sty
(/home/Yixiang/texlive/2026/texmf-dist/tex/latex/refcount/refcount.sty)
(/home/Yixiang/texlive/2026/texmf-dist/tex/generic/gettitlestring/gettitlestrin
g.sty (/home/Yixiang/texlive/2026/texmf-dist/tex/latex/kvoptions/kvoptions.sty)
)) (/home/Yixiang/texlive/2026/texmf-dist/tex/generic/stringenc/stringenc.sty)
(/home/Yixiang/texlive/2026/texmf-dist/tex/latex/hyperref/pd1enc.def)
(/home/Yixiang/texlive/2026/texmf-dist/tex/generic/intcalc/intcalc.sty)
(/home/Yixiang/texlive/2026/texmf-dist/tex/latex/hyperref/puenc.def)
(/home/Yixiang/texlive/2026/texmf-dist/tex/latex/url/url.sty)
(/home/Yixiang/texlive/2026/texmf-dist/tex/generic/bitset/bitset.sty
(/home/Yixiang/texlive/2026/texmf-dist/tex/generic/bigintcalc/bigintcalc.sty)))
(/home/Yixiang/texlive/2026/texmf-dist/tex/latex/hyperref/hpdftex.def
(/home/Yixiang/texlive/2026/texmf-dist/tex/latex/rerunfilecheck/rerunfilecheck.
sty
(/home/Yixiang/texlive/2026/texmf-dist/tex/generic/uniquecounter/uniquecounter.
sty)))
(/home/Yixiang/texlive/2026/texmf-dist/tex/latex/l3backend/l3backend-pdftex.def
) (./main.aux)
*geometry* driver: auto-detecting
*geometry* detected driver: pdftex
(/home/Yixiang/texlive/2026/texmf-dist/tex/context/base/mkii/supp-pdf.mkii
[Loading MPS to PDF converter (version 2006.09.02).]
)
(/home/Yixiang/texlive/2026/texmf-dist/tex/latex/epstopdf-pkg/epstopdf-base.sty
(/home/Yixiang/texlive/2026/texmf-dist/tex/latex/latexconfig/epstopdf-sys.cfg))
(/home/Yixiang/texlive/2026/texmf-dist/tex/latex/microtype/mt-cmr.cfg)
(./main.out) (./main.out) [1{/home/Yixiang/texlive/2026/texmf-var/fonts/map/pdf
tex/updmap/pdftex.map}]
(/home/Yixiang/texlive/2026/texmf-dist/tex/latex/amsfonts/umsa.fd)
(/home/Yixiang/texlive/2026/texmf-dist/tex/latex/microtype/mt-msa.cfg)
(/home/Yixiang/texlive/2026/texmf-dist/tex/latex/amsfonts/umsb.fd)
(/home/Yixiang/texlive/2026/texmf-dist/tex/latex/microtype/mt-msb.cfg) [2]
[3] [4 <./main_fig1.png (PNG copy)>]

LaTeX Warning: Float too large for page by 260.72667pt on input line 391.

[5] [6] [7] [8] [9]
Overfull \hbox (10.39265pt too wide) in paragraph at lines 918--947
 [][] 
[10]

LaTeX Warning: `h' float specifier changed to `ht'.

[11] [12] [13] [14] [15] [16] [17 <./main_fig2.png (PNG copy)>] [18 <./main_fig
4.png (PNG copy)>] [19 <./main_fig3.png (PNG copy)>] [20 <./main_fig5.png (PNG 
copy)>]

LaTeX Warning: Float too large for page by 139.63193pt on input line 1698.

[21] [22 <../figures/ed_fig1.png (PNG copy)>] [23 <../figures/ed_fig2.png (PNG 
copy)>] [24 <../figures/ed_fig3.png (PNG copy)>] [25 <../figures/ed_fig4.png (P
NG copy)>] [26 <../figures/ed_fig5.png (PNG copy)>] [27 <../figures/ed_fig6.png
 (PNG copy)>] [28 <../figures/ed_fig7_robustness_hierarchy.png> <../figures/ed_
fig9_pythia_scaling.png>] [29 <../figures/ed_fig10_mechanism.png (PNG copy)>]
[30 <../figures/ed_fig11_public.png (PNG copy)>] [31 <../figures/ed_fig12_episo
de_detail.png (PNG copy)>] [32 <../figures/ed_fig13_dual_observer.png (PNG copy
)>] [33] (./main.aux) )
(see the transcript file for additional information)</home/Yixiang/texlive/2026
/texmf-dist/fonts/type1/public/amsfonts/cm/cmbx10.pfb></home/Yixiang/texlive/20
26/texmf-dist/fonts/type1/public/amsfonts/cm/cmbx12.pfb></home/Yixiang/texlive/
2026/texmf-dist/fonts/type1/public/amsfonts/cm/cmbx8.pfb></home/Yixiang/texlive
/2026/texmf-dist/fonts/type1/public/amsfonts/cm/cmex10.pfb></home/Yixiang/texli
ve/2026/texmf-dist/fonts/type1/public/amsfonts/cm/cmmi10.pfb></home/Yixiang/tex
live/2026/texmf-dist/fonts/type1/public/amsfonts/cm/cmmi6.pfb></home/Yixiang/te
xlive/2026/texmf-dist/fonts/type1/public/amsfonts/cm/cmmi7.pfb></home/Yixiang/t
exlive/2026/texmf-dist/fonts/type1/public/amsfonts/cm/cmmi8.pfb></home/Yixiang/
texlive/2026/texmf-dist/fonts/type1/public/amsfonts/cm/cmr10.pfb></home/Yixiang
/texlive/2026/texmf-dist/fonts/type1/public/amsfonts/cm/cmr12.pfb></home/Yixian
g/texlive/2026/texmf-dist/fonts/type1/public/amsfonts/cm/cmr6.pfb></home/Yixian
g/texlive/2026/texmf-dist/fonts/type1/public/amsfonts/cm/cmr7.pfb></home/Yixian
g/texlive/2026/texmf-dist/fonts/type1/public/amsfonts/cm/cmr8.pfb></home/Yixian
g/texlive/2026/texmf-dist/fonts/type1/public/amsfonts/cm/cmsy10.pfb></home/Yixi
ang/texlive/2026/texmf-dist/fonts/type1/public/amsfonts/cm/cmsy5.pfb></home/Yix
iang/texlive/2026/texmf-dist/fonts/type1/public/amsfonts/cm/cmsy6.pfb></home/Yi
xiang/texlive/2026/texmf-dist/fonts/type1/public/amsfonts/cm/cmsy7.pfb></home/Y
ixiang/texlive/2026/texmf-dist/fonts/type1/public/amsfonts/cm/cmsy8.pfb></home/
Yixiang/texlive/2026/texmf-dist/fonts/type1/public/amsfonts/cm/cmti10.pfb></hom
e/Yixiang/texlive/2026/texmf-dist/fonts/type1/public/amsfonts/cm/cmtt10.pfb></h
ome/Yixiang/texlive/2026/texmf-dist/fonts/type1/public/amsfonts/symbols/msbm10.
pfb>
Output written on main.pdf (33 pages, 13616165 bytes).
Transcript written on main.log.
Latexmk: Getting log file 'main.log'
Latexmk: Examining 'main.fls'
Latexmk: Examining 'main.log'
Latexmk: Log file says output to 'main.pdf'
Latexmk: All targets (main.pdf) are up-to-date

