=== G = 3.0 (training 60000 episodes) ===
  rate 0.000 tension 0.000 gap -0.046 accepted 0 predicted 0
=== G = 5.0 (training 60000 episodes) ===
  rate 0.000 tension 0.000 gap -0.019 accepted 0 predicted -1
=== G = 7.0 (training 60000 episodes) ===
  rate 0.167 tension 0.556 gap -0.060 accepted 0 predicted 0
=== G = 9.0 (training 60000 episodes) ===
  rate 0.167 tension 0.556 gap +0.433 accepted 1 predicted -1
=== G = 11.0 (training 60000 episodes) ===
  rate 0.167 tension 0.556 gap +0.738 accepted 1 predicted -1
=== G = 13.0 (training 60000 episodes) ===
  rate 0.167 tension 0.556 gap +0.877 accepted 1 predicted 1
=== G = 16.0 (training 60000 episodes) ===
  rate 0.333 tension 0.889 gap +3.553 accepted 1 predicted 1

G,rate,tension,gap,accepted,predicted,match
3.0,0.000,0.000,-0.046,0,0,1
5.0,0.000,0.000,-0.019,0,-1,-1
7.0,0.167,0.556,-0.060,0,0,1
9.0,0.167,0.556,+0.433,1,-1,-1
11.0,0.167,0.556,+0.738,1,-1,-1
13.0,0.167,0.556,+0.877,1,1,1
16.0,0.333,0.889,+3.553,1,1,1

Non-tie prediction match rate: 1.000
Wrote outputs/phase_seed_8011/phase_boundary_summary.json
